REPLAY 1 entrance
REPLAY 1-1 rune 1
REPLAY 1-1 rune 2
REPLAY 1-1 gate
REPLAY 1 moving bridge
REPLAY 1 crumble bridge
REPLAY 1 bank
REPLAY 1 traversal end
REPLAY 1-2 rune 2
REPLAY 1-2 rune 1
REPLAY 1-2 rune 3
REPLAY 1-2 gate
REPLAY 1 end
REPLAY 2 entrance
REPLAY 2-1 pickup
REPLAY 2-1 deposit
REPLAY 2-1 gate
REPLAY 2 lift bank
REPLAY 2 board lift
REPLAY 2 upper balcony
REPLAY 2 descending crumble
REPLAY 2 bank
REPLAY 2 traversal end
REPLAY maintenance lift
REPLAY gallery key 2
REPLAY maintenance gate 2
REPLAY 2-2 rune 1
REPLAY 2-2 rune 2
REPLAY 2-2 rune 3
REPLAY 2-2 gate
REPLAY 2 end
REPLAY 3 entrance
REPLAY 3-1 rune 1
REPLAY 3-1 rune 2
REPLAY 3-1 rune 3
REPLAY 3-1 gate
REPLAY 3 moving bridge
REPLAY 3 crumble bridge
REPLAY 3 bank
REPLAY 3 traversal end
REPLAY 3-2 pickup
REPLAY 3-2 deposit
REPLAY 3-2 gate
REPLAY 3 end
REPLAY 4 entrance
REPLAY 4-1 rune 4
REPLAY 4-1 rune 2
REPLAY 4-1 rune 1
REPLAY 4-1 rune 3
REPLAY 4-1 gate
REPLAY 4 lift bank
REPLAY 4 board lift
REPLAY 4 upper balcony
REPLAY 4 descending crumble
REPLAY 4 bank
REPLAY 4 traversal end
REPLAY pendulum gallery ascent
REPLAY gallery key 4
REPLAY pendulum fragile crossing
REPLAY maintenance gate 4
REPLAY 4-2 rune 2
REPLAY 4-2 rune 1
REPLAY 4-2 rune 3
REPLAY 4-2 gate
REPLAY 4 end
REPLAY 5 entrance
REPLAY 5-1 rune 1
REPLAY 5-1 rune 2
REPLAY 5-1 rune 3
REPLAY 5-1 gate
REPLAY 5 moving bridge
REPLAY 5 crumble bridge
REPLAY 5 bank
REPLAY 5 traversal end
REPLAY 5-2 board final lift
REPLAY 5-2 rune 1
{"label":"5 entrance","frames":10,"energy":99.9,"expanded":1,"commandEnd":1152}
{"label":"5-1 gate","frames":400,"energy":96.7,"expanded":40,"commandEnd":1192}
{"label":"5 moving bridge","frames":300,"energy":92.2,"expanded":814,"commandEnd":1222}
{"label":"5 crumble bridge","frames":80,"energy":90.8,"expanded":10,"commandEnd":1230}
{"label":"5 bank","frames":90,"energy":89.4,"expanded":16,"commandEnd":1239}
{"label":"5 traversal end","frames":20,"energy":89.2,"expanded":2,"commandEnd":1241}
{"label":"5-2 board final lift","frames":520,"energy":83.3,"expanded":141,"commandEnd":1293}
{"label":"5-2 rune 1","frames":70,"energy":81.4,"expanded":39,"commandEnd":1300}
{"label":"5-2 rune 2","frames":150,"energy":78.8,"expanded":52,"commandEnd":1318}
{"label":"5-2 rune 3","frames":140,"energy":76.8,"expanded":1467,"commandEnd":1335}
{"label":"5-2 gate","frames":70,"energy":76,"expanded":7,"commandEnd":1345}
{"label":"goal","frames":30,"energy":75.8,"expanded":3,"commandEnd":1348}
PASS N6 383.1333333333333s
