{"label":"1 entrance","frames":10,"energy":99.9,"expanded":1,"commandEnd":1}
{"label":"1-1 rune 1","frames":100,"energy":99.5,"expanded":10,"commandEnd":11}
{"label":"1-1 rune 2","frames":200,"energy":95.1,"expanded":184,"commandEnd":34}
{"label":"1-1 gate","frames":110,"energy":94,"expanded":11,"commandEnd":48}
{"label":"1 moving bridge","frames":300,"energy":90.1,"expanded":3429,"commandEnd":78}
{"label":"1 crumble bridge","frames":50,"energy":89,"expanded":5,"commandEnd":83}
{"label":"1 bank","frames":90,"energy":87.6,"expanded":15,"commandEnd":92}
{"label":"1 traversal end","frames":30,"energy":99.9,"expanded":3,"commandEnd":95}
{"label":"1-2 rune 2","frames":260,"energy":95.1,"expanded":150,"commandEnd":121}
{"label":"1-2 rune 1","frames":120,"energy":93.4,"expanded":822,"commandEnd":136}
{"label":"1-2 rune 3","frames":210,"energy":90.7,"expanded":326,"commandEnd":160}
{"label":"1-2 gate","frames":80,"energy":89.9,"expanded":8,"commandEnd":171}
{"label":"1 end","frames":50,"energy":99.9,"expanded":5,"commandEnd":176}
{"label":"2 entrance","frames":90,"energy":99.1,"expanded":9,"commandEnd":185}
{"label":"2-1 pickup","frames":120,"energy":98,"expanded":12,"commandEnd":197}
{"label":"2-1 deposit","frames":360,"energy":92.2,"expanded":305,"commandEnd":236}
{"label":"2-1 gate","frames":90,"energy":91.3,"expanded":9,"commandEnd":248}
{"label":"2 lift bank","frames":40,"energy":90.9,"expanded":4,"commandEnd":252}
{"label":"2 board lift","frames":150,"energy":88.9,"expanded":2861,"commandEnd":267}
{"label":"2 upper balcony","frames":40,"energy":88,"expanded":6,"commandEnd":271}
{"label":"2 descending crumble","frames":80,"energy":87.2,"expanded":46,"commandEnd":279}
{"label":"2 bank","frames":60,"energy":86.7,"expanded":30,"commandEnd":285}
{"label":"2 traversal end","frames":20,"energy":99.9,"expanded":2,"commandEnd":287}
{"label":"maintenance lift","frames":130,"energy":96.9,"expanded":19,"commandEnd":300}
{"label":"gallery key 2","frames":60,"energy":95.8,"expanded":6,"commandEnd":306}
{"label":"maintenance gate 2","frames":230,"energy":93.7,"expanded":23,"commandEnd":329}
{"label":"2-2 rune 1","frames":40,"energy":93.3,"expanded":4,"commandEnd":333}
{"label":"2-2 rune 2","frames":200,"energy":89,"expanded":180,"commandEnd":356}
{"label":"2-2 rune 3","frames":50,"energy":88.4,"expanded":5,"commandEnd":364}
{"label":"2-2 gate","frames":60,"energy":87.8,"expanded":6,"commandEnd":373}
{"label":"2 end","frames":50,"energy":99.9,"expanded":5,"commandEnd":378}
{"label":"3 entrance","frames":100,"energy":99,"expanded":10,"commandEnd":388}
{"label":"3-1 rune 1","frames":180,"energy":97.7,"expanded":338,"commandEnd":406}
{"label":"3-1 rune 2","frames":240,"energy":95.4,"expanded":24,"commandEnd":433}
{"label":"3-1 rune 3","frames":80,"energy":93.3,"expanded":9,"commandEnd":444}
{"label":"3-1 gate","frames":160,"energy":91.8,"expanded":16,"commandEnd":463}
{"label":"3 moving bridge","frames":380,"energy":86.5,"expanded":7595,"commandEnd":501}
{"label":"3 crumble bridge","frames":80,"energy":85.2,"expanded":12,"commandEnd":509}
{"label":"3 bank","frames":70,"energy":83.9,"expanded":11,"commandEnd":516}
{"label":"3 traversal end","frames":20,"energy":99.9,"expanded":2,"commandEnd":518}
{"label":"3-2 pickup","frames":530,"energy":84.5,"expanded":241,"commandEnd":571}
{"label":"3-2 deposit","frames":260,"energy":79.6,"expanded":102,"commandEnd":600}
{"label":"3-2 gate","frames":290,"energy":76.3,"expanded":114,"commandEnd":632}
{"label":"3 end","frames":50,"energy":99.9,"expanded":5,"commandEnd":637}
{"label":"4 entrance","frames":90,"energy":99.1,"expanded":9,"commandEnd":646}
{"label":"4-1 rune 4","frames":270,"energy":93,"expanded":730,"commandEnd":673}
{"label":"4-1 rune 2","frames":60,"energy":91.8,"expanded":15,"commandEnd":682}
{"label":"4-1 rune 1","frames":110,"energy":90.1,"expanded":755,"commandEnd":696}
{"label":"4-1 rune 3","frames":210,"energy":87.4,"expanded":277,"commandEnd":720}
{"label":"4-1 gate","frames":80,"energy":86.6,"expanded":8,"commandEnd":731}
{"label":"4 lift bank","frames":40,"energy":86.2,"expanded":4,"commandEnd":735}
{"label":"4 board lift","frames":130,"energy":83.9,"expanded":5316,"commandEnd":748}
{"label":"4 upper balcony","frames":40,"energy":82.9,"expanded":5,"commandEnd":752}
{"label":"4 descending crumble","frames":70,"energy":82.2,"expanded":39,"commandEnd":759}
{"label":"4 bank","frames":60,"energy":81.7,"expanded":30,"commandEnd":765}
{"label":"4 traversal end","frames":20,"energy":99.9,"expanded":2,"commandEnd":767}
{"label":"pendulum gallery ascent","frames":210,"energy":95,"expanded":61,"commandEnd":788}
{"label":"gallery key 4","frames":40,"energy":94,"expanded":4,"commandEnd":792}
{"label":"pendulum fragile crossing","frames":120,"energy":92.3,"expanded":64,"commandEnd":804}
{"label":"maintenance gate 4","frames":330,"energy":89.3,"expanded":46,"commandEnd":837}
{"label":"4-2 rune 2","frames":280,"energy":86.8,"expanded":28,"commandEnd":865}
{"label":"4-2 rune 1","frames":250,"energy":80.8,"expanded":195,"commandEnd":893}
{"label":"4-2 rune 3","frames":200,"energy":77,"expanded":136,"commandEnd":916}
{"label":"4-2 gate","frames":90,"energy":76.1,"expanded":9,"commandEnd":928}
{"label":"4 end","frames":50,"energy":100,"expanded":5,"commandEnd":933}
{"label":"5 entrance","frames":100,"energy":99.1,"expanded":10,"commandEnd":943}
{"label":"5-1 rune 1","frames":350,"energy":97.3,"expanded":35,"commandEnd":978}
{"label":"5-1 rune 2","frames":90,"energy":95.2,"expanded":29,"commandEnd":990}
{"label":"5-1 rune 3","frames":110,"energy":92.9,"expanded":19,"commandEnd":1004}
{"label":"5-1 gate","frames":280,"energy":90.3,"expanded":28,"commandEnd":1035}
{"label":"5 moving bridge","frames":320,"energy":85.5,"expanded":2287,"commandEnd":1067}
{"label":"5 crumble bridge","frames":70,"energy":84.3,"expanded":10,"commandEnd":1074}
{"label":"5 bank","frames":90,"energy":82.9,"expanded":16,"commandEnd":1083}
{"label":"5 traversal end","frames":20,"energy":99.9,"expanded":2,"commandEnd":1085}
{"label":"5-2 board final lift","frames":510,"energy":94.7,"expanded":106,"commandEnd":1136}
{"label":"5-2 rune 1","frames":100,"energy":91.9,"expanded":248,"commandEnd":1146}
{"label":"5-2 rune 2","frames":120,"energy":90.2,"expanded":22,"commandEnd":1161}
{"label":"5-2 rune 3","frames":140,"energy":88.2,"expanded":2554,"commandEnd":1178}
{"label":"5-2 gate","frames":70,"energy":87.4,"expanded":7,"commandEnd":1188}
{"label":"goal","frames":30,"energy":87.2,"expanded":3,"commandEnd":1191}
PASS N6 189.1s
