REPLAY 1 entrance
REPLAY 1-1 rune 1
REPLAY 1-1 rune 2
REPLAY 1-1 gate
REPLAY 1 moving bridge
REPLAY 1 crumble bridge
REPLAY 1 bank
REPLAY 1 traversal end
REPLAY 1-2 rune 2
REPLAY 1-2 rune 1
REPLAY 1-2 rune 3
REPLAY 1-2 gate
REPLAY 1 end
REPLAY 2 entrance
REPLAY 2-1 pickup
REPLAY 2-1 deposit
REPLAY 2-1 gate
{"label":"2 lift bank","frames":40,"energy":90.9,"expanded":4,"commandEnd":252}
{"label":"2 board lift","frames":60,"energy":89.8,"expanded":10,"commandEnd":258}
{"label":"2 ride lift","frames":110,"energy":87.5,"expanded":92,"commandEnd":269}
{"label":"2 upper balcony","frames":40,"energy":86.6,"expanded":4,"commandEnd":273}
{"label":"2 descending crumble","frames":70,"energy":85.9,"expanded":40,"commandEnd":280}
{"label":"2 bank","frames":60,"energy":85.4,"expanded":38,"commandEnd":286}
{"label":"2 traversal end","frames":20,"energy":99.9,"expanded":2,"commandEnd":288}
{"label":"maintenance lift","frames":120,"energy":97,"expanded":18,"commandEnd":300}
{"label":"gallery key 2","frames":60,"energy":95.9,"expanded":6,"commandEnd":306}
{"label":"maintenance gate 2","frames":230,"energy":93.8,"expanded":23,"commandEnd":329}
{"label":"2-2 rune 1","frames":40,"energy":93.4,"expanded":4,"commandEnd":333}
{"label":"2-2 rune 2","frames":230,"energy":88.8,"expanded":179,"commandEnd":359}
{"label":"2-2 rune 3","frames":50,"energy":88.3,"expanded":5,"commandEnd":367}
{"label":"2-2 gate","frames":60,"energy":87.6,"expanded":6,"commandEnd":376}
{"label":"2 end","frames":50,"energy":100,"expanded":5,"commandEnd":381}
{"label":"3 entrance","frames":100,"energy":99,"expanded":10,"commandEnd":391}
{"label":"3-1 rune 1","frames":180,"energy":97.7,"expanded":299,"commandEnd":409}
{"label":"3-1 rune 2","frames":220,"energy":95.6,"expanded":22,"commandEnd":434}
{"label":"3-1 rune 3","frames":80,"energy":93.5,"expanded":9,"commandEnd":445}
{"label":"3-1 gate","frames":160,"energy":92,"expanded":16,"commandEnd":464}
{"label":"3 moving bridge","frames":380,"energy":86.7,"expanded":4657,"commandEnd":502}
{"label":"3 crumble bridge","frames":60,"energy":85.5,"expanded":8,"commandEnd":508}
{"label":"3 bank","frames":70,"energy":84.3,"expanded":12,"commandEnd":515}
{"label":"3 traversal end","frames":20,"energy":100,"expanded":2,"commandEnd":517}
{"label":"3-2 pickup","frames":510,"energy":94.1,"expanded":289,"commandEnd":568}
{"label":"3-2 deposit","frames":270,"energy":88.5,"expanded":313,"commandEnd":598}
{"label":"3-2 gate","frames":290,"energy":85.2,"expanded":179,"commandEnd":630}
{"label":"3 end","frames":50,"energy":99.9,"expanded":5,"commandEnd":635}
{"label":"4 entrance","frames":100,"energy":99,"expanded":10,"commandEnd":645}
{"label":"4-1 rune 4","frames":260,"energy":93,"expanded":915,"commandEnd":671}
{"label":"4-1 rune 2","frames":60,"energy":91.8,"expanded":12,"commandEnd":680}
{"label":"4-1 rune 1","frames":120,"energy":90,"expanded":1050,"commandEnd":695}
{"label":"4-1 rune 3","frames":210,"energy":87.4,"expanded":445,"commandEnd":719}
{"label":"4-1 gate","frames":80,"energy":86.6,"expanded":8,"commandEnd":730}
{"label":"4 lift bank","frames":40,"energy":86.2,"expanded":4,"commandEnd":734}
{"label":"4 board lift","frames":150,"energy":83.6,"expanded":1300,"commandEnd":749}
