REPLAY 1 entrance
REPLAY 1-1 rune 1
REPLAY 1-1 rune 2
REPLAY 1-1 gate
REPLAY 1 moving bridge
REPLAY 1 crumble bridge
REPLAY 1 bank
REPLAY 1 traversal end
REPLAY 1-2 rune 2
REPLAY 1-2 rune 1
REPLAY 1-2 rune 3
REPLAY 1-2 gate
REPLAY 1 end
REPLAY 2 entrance
REPLAY 2-1 pickup
REPLAY 2-1 deposit
REPLAY 2-1 gate
REPLAY 2 lift bank
REPLAY 2 board lift
REPLAY 2 upper balcony
REPLAY 2 descending crumble
REPLAY 2 bank
REPLAY 2 traversal end
REPLAY maintenance lift
REPLAY gallery key 2
REPLAY maintenance gate 2
REPLAY 2-2 rune 1
REPLAY 2-2 rune 2
REPLAY 2-2 rune 3
REPLAY 2-2 gate
REPLAY 2 end
REPLAY 3 entrance
REPLAY 3-1 rune 1
REPLAY 3-1 rune 2
REPLAY 3-1 rune 3
REPLAY 3-1 gate
REPLAY 3 moving bridge
REPLAY 3 crumble bridge
REPLAY 3 bank
REPLAY 3 traversal end
REPLAY 3-2 pickup
REPLAY 3-2 deposit
REPLAY 3-2 gate
REPLAY 3 end
REPLAY 4 entrance
REPLAY 4-1 rune 4
REPLAY 4-1 rune 2
REPLAY 4-1 rune 1
REPLAY 4-1 rune 3
REPLAY 4-1 gate
REPLAY 4 lift bank
REPLAY 4 board lift
REPLAY 4 upper balcony
REPLAY 4 descending crumble
REPLAY 4 bank
REPLAY 4 traversal end
REPLAY pendulum gallery ascent
REPLAY gallery key 4
REPLAY pendulum fragile crossing
REPLAY maintenance gate 4
REPLAY 4-2 rune 2
PASS deliberate timer expiry 4-2
{"label":"4-2 rune 2","frames":10,"energy":79.4,"expanded":1,"commandEnd":870}
{"label":"4-2 rune 1","frames":250,"energy":73.4,"expanded":174,"commandEnd":898}
{"label":"4-2 rune 3","frames":200,"energy":69.7,"expanded":126,"commandEnd":921}
{"label":"4-2 gate","frames":90,"energy":68.8,"expanded":9,"commandEnd":933}
{"label":"4 end","frames":50,"energy":100,"expanded":5,"commandEnd":938}
{"label":"5 entrance","frames":100,"energy":99,"expanded":10,"commandEnd":948}
{"label":"5-1 rune 1","frames":350,"energy":97.3,"expanded":35,"commandEnd":983}
{"label":"5-1 rune 2","frames":90,"energy":95.2,"expanded":29,"commandEnd":995}
{"label":"5-1 rune 3","frames":110,"energy":92.9,"expanded":19,"commandEnd":1009}
{"label":"5-1 gate","frames":270,"energy":90.3,"expanded":27,"commandEnd":1039}
{"label":"5 moving bridge","frames":160,"energy":87.7,"expanded":22,"commandEnd":1055}
{"label":"5 crumble bridge","frames":100,"energy":86.2,"expanded":12,"commandEnd":1065}
{"label":"5 bank","frames":90,"energy":84.7,"expanded":16,"commandEnd":1074}
{"label":"5 traversal end","frames":30,"energy":100,"expanded":3,"commandEnd":1077}
{"label":"5-2 board final lift","frames":540,"energy":93.8,"expanded":70,"commandEnd":1131}
{"label":"5-2 rune 1","frames":30,"energy":92.9,"expanded":3,"commandEnd":1134}
{"label":"5-2 rune 2","frames":120,"energy":91.1,"expanded":21,"commandEnd":1149}
{"label":"5-2 rune 3","frames":140,"energy":89.2,"expanded":2313,"commandEnd":1166}
{"label":"5-2 gate","frames":70,"energy":88.4,"expanded":7,"commandEnd":1176}
{"label":"goal","frames":30,"energy":88.2,"expanded":3,"commandEnd":1179}
PASS N6 199.61666666666667s
