REPLAY 1 entrance
REPLAY 1-1 approach seal 1
REPLAY 1-1 bait 1
REPLAY 1-1 gate
REPLAY 1 canal 1
REPLAY 1 canal 2
REPLAY 1 bank
REPLAY 1 traversal end
REPLAY 1-2 rune 2
REPLAY 1-2 rune 1
REPLAY 1-2 rune 3
REPLAY 1-2 gate
REPLAY 1 end
REPLAY 2 entrance
REPLAY 2-1 pickup
REPLAY 2-1 deposit
REPLAY 2-1 gate
REPLAY 2 traversal end
REPLAY 2-2 approach seal 1
REPLAY 2-2 bait 1
REPLAY 2-2 approach seal 2
REPLAY 2-2 bait 2
REPLAY 2-2 gate
REPLAY 2 end
REPLAY 3 entrance
REPLAY 3 recharge
REPLAY 3-1 approach seal 1
REPLAY 3-1 bait 1
REPLAY 3-1 approach seal 2
REPLAY 3-1 bait 2
REPLAY 3-1 gate
REPLAY 3 canal 1
REPLAY 3 canal 2
REPLAY 3 bank
REPLAY 3 traversal end
REPLAY 3-2 pickup
REPLAY 3-2 deposit
REPLAY 3-2 gate
REPLAY 3 end
REPLAY 4 entrance
REPLAY 4-1 rune 4
REPLAY 4-1 rune 2
REPLAY 4-1 rune 1
REPLAY 4-1 rune 3
REPLAY 4-1 gate
REPLAY 4 traversal end
REPLAY gallery key 4
REPLAY maintenance gate 4
REPLAY 4-2 approach seal 1
REPLAY 4-2 bait 1
REPLAY 4-2 approach seal 2
REPLAY 4-2 bait 2
REPLAY 4-2 gate
REPLAY 4 end
REPLAY 5 entrance
REPLAY 5-1 approach seal 1
REPLAY 5-1 bait 1
REPLAY 5-1 approach seal 2
REPLAY 5-1 bait 2
REPLAY 5-1 gate
REPLAY 5 canal 1
REPLAY 5 canal 2
REPLAY 5 bank
REPLAY 5 traversal end
REPLAY 5-2 pickup
{"label":"5 entrance","frames":10,"energy":99.9,"expanded":1,"commandEnd":1058}
{"label":"5-1 gate","frames":410,"energy":95.4,"expanded":509,"commandEnd":1099}
{"label":"5 canal 1","frames":80,"energy":93.5,"expanded":14,"commandEnd":1107}
{"label":"5 canal 2","frames":70,"energy":92.3,"expanded":9,"commandEnd":1114}
{"label":"5 bank","frames":90,"energy":90.8,"expanded":16,"commandEnd":1123}
{"label":"5 traversal end","frames":50,"energy":90.4,"expanded":5,"commandEnd":1128}
{"label":"5-2 pickup","frames":700,"energy":74.4,"expanded":1957,"commandEnd":1198}
{"label":"5-2 deposit","frames":310,"energy":70.2,"expanded":277,"commandEnd":1232}
{"label":"5-2 gate","frames":280,"energy":67.6,"expanded":28,"commandEnd":1263}
{"label":"goal","frames":40,"energy":67.3,"expanded":4,"commandEnd":1267}
PASS N5 362.1s
