REPLAY 1 entrance
REPLAY 1-1 mirror A
REPLAY 1-1 mirror B
REPLAY 1-1 gate
REPLAY 1 traversal end
REPLAY 1-2 rune 2
REPLAY 1-2 rune 1
REPLAY 1-2 rune 3
REPLAY 1-2 gate
REPLAY 1 end
REPLAY 2 entrance
REPLAY 2-1 rune 2
REPLAY 2-1 rune 1
REPLAY 2-1 rune 3
REPLAY 2-1 gate
REPLAY 2 traversal end
REPLAY 2-2 mirror A
{"label":"2-2 mirror C","frames":160,"energy":93.2,"expanded":42,"commandEnd":322}
{"label":"2-2 gate","frames":100,"energy":91.8,"expanded":10,"commandEnd":336}
{"label":"2 end","frames":50,"energy":99.9,"expanded":5,"commandEnd":341}
{"label":"3 entrance","frames":90,"energy":99.1,"expanded":9,"commandEnd":350}
{"label":"3-1 mirror A","frames":240,"energy":96.5,"expanded":335,"commandEnd":374}
{"label":"3-1 mirror C","frames":150,"energy":95,"expanded":15,"commandEnd":392}
{"label":"3-1 gate","frames":70,"energy":94,"expanded":7,"commandEnd":403}
{"label":"3 traversal end","frames":260,"energy":89.8,"expanded":1424,"commandEnd":429}
{"label":"3-2 rune 1","frames":350,"energy":81.8,"expanded":889,"commandEnd":464}
{"label":"3-2 rune 2","frames":230,"energy":79.6,"expanded":23,"commandEnd":490}
{"label":"3-2 rune 3","frames":80,"energy":77.6,"expanded":9,"commandEnd":501}
{"label":"3-2 gate","frames":160,"energy":76,"expanded":16,"commandEnd":520}
{"label":"3 end","frames":50,"energy":100,"expanded":5,"commandEnd":525}
{"label":"4 entrance","frames":100,"energy":99,"expanded":10,"commandEnd":535}
{"label":"4-1 rune 2","frames":350,"energy":95.8,"expanded":35,"commandEnd":570}
{"label":"4-1 rune 1","frames":210,"energy":90.8,"expanded":65,"commandEnd":594}
{"label":"4-1 rune 3","frames":210,"energy":87,"expanded":125,"commandEnd":618}
{"label":"4-1 gate","frames":90,"energy":86.1,"expanded":9,"commandEnd":630}
{"label":"4 traversal end","frames":270,"energy":81.8,"expanded":1434,"commandEnd":657}
{"label":"4-2 mirror B","frames":560,"energy":87.7,"expanded":1959,"commandEnd":713}
{"label":"4-2 mirror C","frames":180,"energy":84.2,"expanded":302,"commandEnd":734}
{"label":"4-2 gate","frames":280,"energy":81.2,"expanded":28,"commandEnd":766}
{"label":"4 end","frames":50,"energy":99.9,"expanded":5,"commandEnd":771}
{"label":"5 entrance","frames":90,"energy":99.1,"expanded":9,"commandEnd":780}
{"label":"5-1 mirror A","frames":280,"energy":95.5,"expanded":514,"commandEnd":808}
{"label":"5-1 mirror C","frames":130,"energy":94.3,"expanded":13,"commandEnd":824}
{"label":"5-1 gate","frames":270,"energy":91.4,"expanded":27,"commandEnd":855}
{"label":"5 traversal end","frames":270,"energy":87.1,"expanded":1389,"commandEnd":882}
{"label":"5-2 mirror B","frames":520,"energy":88.7,"expanded":1909,"commandEnd":934}
{"label":"5-2 mirror C","frames":150,"energy":86,"expanded":44,"commandEnd":952}
{"label":"5-2 gate","frames":90,"energy":84.8,"expanded":9,"commandEnd":965}
{"label":"goal","frames":30,"energy":84.5,"expanded":3,"commandEnd":968}
PASS N7 155.75s
