{"label":"1 entrance","frames":10,"energy":99.9,"expanded":1,"commandEnd":1}
{"label":"1-1 mirror A","frames":170,"energy":98.8,"expanded":17,"commandEnd":18}
{"label":"1-1 mirror B","frames":60,"energy":97,"expanded":9,"commandEnd":27}
{"label":"1-1 gate","frames":230,"energy":94.5,"expanded":23,"commandEnd":54}
{"label":"1 traversal end","frames":300,"energy":89.3,"expanded":1469,"commandEnd":84}
{"label":"1-2 rune 2","frames":260,"energy":95.2,"expanded":114,"commandEnd":110}
{"label":"1-2 rune 1","frames":120,"energy":93.5,"expanded":1044,"commandEnd":125}
{"label":"1-2 rune 3","frames":210,"energy":90.8,"expanded":394,"commandEnd":149}
{"label":"1-2 gate","frames":80,"energy":90,"expanded":8,"commandEnd":160}
{"label":"1 end","frames":50,"energy":99.9,"expanded":5,"commandEnd":165}
{"label":"2 entrance","frames":90,"energy":99.1,"expanded":9,"commandEnd":174}
{"label":"2-1 rune 2","frames":250,"energy":93.8,"expanded":336,"commandEnd":199}
{"label":"2-1 rune 1","frames":120,"energy":92,"expanded":933,"commandEnd":214}
{"label":"2-1 rune 3","frames":210,"energy":89.4,"expanded":408,"commandEnd":238}
{"label":"2-1 gate","frames":80,"energy":88.6,"expanded":8,"commandEnd":249}
{"label":"2 traversal end","frames":290,"energy":83.5,"expanded":1418,"commandEnd":278}
{"label":"2-2 mirror A","frames":250,"energy":97.1,"expanded":195,"commandEnd":303}
{"label":"2-2 mirror C","frames":160,"energy":93.2,"expanded":42,"commandEnd":322}
{"label":"2-2 gate","frames":100,"energy":91.8,"expanded":10,"commandEnd":336}
{"label":"2 end","frames":50,"energy":99.9,"expanded":5,"commandEnd":341}
{"label":"3 entrance","frames":90,"energy":99.1,"expanded":9,"commandEnd":350}
{"label":"3-1 mirror A","frames":220,"energy":96.7,"expanded":276,"commandEnd":372}
{"label":"3-1 mirror C","frames":140,"energy":94.7,"expanded":15,"commandEnd":389}
{"label":"3-1 gate","frames":70,"energy":93.7,"expanded":7,"commandEnd":400}
{"label":"3 traversal end","frames":280,"energy":89.3,"expanded":1496,"commandEnd":428}
{"label":"3-2 rune 1","frames":350,"energy":92,"expanded":847,"commandEnd":463}
{"label":"3-2 rune 2","frames":210,"energy":90,"expanded":21,"commandEnd":487}
{"label":"3-2 rune 3","frames":80,"energy":88,"expanded":12,"commandEnd":498}
{"label":"3-2 gate","frames":150,"energy":86.5,"expanded":15,"commandEnd":516}
{"label":"3 end","frames":50,"energy":100,"expanded":5,"commandEnd":521}
{"label":"4 entrance","frames":100,"energy":99.1,"expanded":10,"commandEnd":531}
{"label":"4-1 rune 2","frames":350,"energy":95.8,"expanded":35,"commandEnd":566}
{"label":"4-1 rune 1","frames":210,"energy":90.8,"expanded":65,"commandEnd":590}
{"label":"4-1 rune 3","frames":210,"energy":87,"expanded":126,"commandEnd":614}
{"label":"4-1 gate","frames":90,"energy":86.1,"expanded":9,"commandEnd":626}
{"label":"4 traversal end","frames":270,"energy":81.8,"expanded":1469,"commandEnd":653}
{"label":"4-2 mirror B","frames":570,"energy":87.6,"expanded":1939,"commandEnd":710}
{"label":"4-2 mirror C","frames":170,"energy":84.2,"expanded":273,"commandEnd":730}
{"label":"4-2 gate","frames":280,"energy":81.2,"expanded":28,"commandEnd":762}
{"label":"4 end","frames":50,"energy":99.9,"expanded":5,"commandEnd":767}
{"label":"5 entrance","frames":90,"energy":99.1,"expanded":9,"commandEnd":776}
{"label":"5-1 mirror A","frames":320,"energy":95.2,"expanded":506,"commandEnd":808}
{"label":"5-1 mirror C","frames":120,"energy":94,"expanded":12,"commandEnd":823}
{"label":"5-1 gate","frames":270,"energy":91.1,"expanded":27,"commandEnd":854}
{"label":"5 traversal end","frames":270,"energy":86.8,"expanded":1332,"commandEnd":881}
{"label":"5-2 mirror B","frames":510,"energy":88.8,"expanded":1874,"commandEnd":932}
{"label":"5-2 mirror C","frames":170,"energy":85.9,"expanded":33,"commandEnd":952}
{"label":"5-2 gate","frames":90,"energy":84.7,"expanded":9,"commandEnd":965}
{"label":"goal","frames":30,"energy":84.4,"expanded":3,"commandEnd":968}
PASS N7 155.73333333333332s
