REPLAY 1 entrance
REPLAY 1-1 approach seal 1
REPLAY 1-1 bait 1
REPLAY 1-1 gate
REPLAY 1 canal 1
REPLAY 1 canal 2
REPLAY 1 bank
REPLAY 1 traversal end
REPLAY 1-2 rune 2
REPLAY 1-2 rune 1
REPLAY 1-2 rune 3
REPLAY 1-2 gate
REPLAY 1 end
REPLAY 2 entrance
REPLAY 2-1 pickup
REPLAY 2-1 deposit
REPLAY 2-1 gate
REPLAY 2 traversal end
REPLAY 2-2 approach seal 1
REPLAY 2-2 bait 1
REPLAY 2-2 approach seal 2
REPLAY 2-2 bait 2
REPLAY 2-2 gate
REPLAY 2 end
REPLAY 3 entrance
REPLAY 3-1 approach seal 1
REPLAY 3-1 bait 1
REPLAY 3-1 approach seal 2
REPLAY 3-1 bait 2
REPLAY 3-1 gate
REPLAY 3 canal 1
REPLAY 3 canal 2
REPLAY 3 bank
REPLAY 3 traversal end
REPLAY 3-2 pickup
REPLAY 3-2 deposit
REPLAY 3-2 gate
REPLAY 3 end
REPLAY 4 entrance
REPLAY 4-1 rune 4
REPLAY 4-1 rune 2
REPLAY 4-1 rune 1
REPLAY 4-1 rune 3
REPLAY 4-1 gate
REPLAY 4 traversal end
REPLAY gallery key 4
REPLAY maintenance gate 4
REPLAY 4-2 approach seal 1
REPLAY 4-2 bait 1
REPLAY 4-2 approach seal 2
REPLAY 4-2 bait 2
REPLAY 4-2 gate
REPLAY 4 end
REPLAY 5 entrance
REPLAY 5 recharge
REPLAY 5-1 approach seal 1
REPLAY 5-1 bait 1
REPLAY 5-1 approach seal 2
REPLAY 5-1 bait 2
REPLAY 5-1 gate
REPLAY 5 canal 1
REPLAY 5 canal 2
REPLAY 5 bank
REPLAY 5 traversal end
REPLAY 5-2 pickup
REPLAY 5-2 deposit
REPLAY 5-2 gate
REPLAY goal
PASS N5 182.31666666666666s
