{"label":"1 entrance","frames":10,"energy":99.9,"expanded":1,"commandEnd":1}
{"label":"1-1 rune 1","frames":100,"energy":99.5,"expanded":10,"commandEnd":11}
{"label":"1-1 rune 2","frames":210,"energy":95.1,"expanded":156,"commandEnd":35}
{"label":"1-1 gate","frames":110,"energy":94,"expanded":11,"commandEnd":49}
{"label":"1 moving bridge","frames":290,"energy":90.1,"expanded":941,"commandEnd":78}
{"label":"1 crumble bridge","frames":60,"energy":88.9,"expanded":6,"commandEnd":84}
{"label":"1 bank","frames":70,"energy":87.7,"expanded":11,"commandEnd":91}
{"label":"1 traversal end","frames":20,"energy":99.9,"expanded":2,"commandEnd":93}
{"label":"1-2 rune 2","frames":280,"energy":95,"expanded":281,"commandEnd":121}
{"label":"1-2 rune 1","frames":120,"energy":93.2,"expanded":1117,"commandEnd":136}
{"label":"1-2 rune 3","frames":210,"energy":90.6,"expanded":463,"commandEnd":160}
{"label":"1-2 gate","frames":80,"energy":89.7,"expanded":8,"commandEnd":171}
{"label":"1 end","frames":50,"energy":99.9,"expanded":5,"commandEnd":176}
{"label":"2 entrance","frames":90,"energy":99.1,"expanded":9,"commandEnd":185}
{"label":"2-1 pickup","frames":120,"energy":98,"expanded":12,"commandEnd":197}
{"label":"2-1 deposit","frames":360,"energy":92.2,"expanded":313,"commandEnd":236}
{"label":"2-1 gate","frames":90,"energy":91.3,"expanded":9,"commandEnd":248}
{"label":"2 lift bank","frames":40,"energy":90.9,"expanded":4,"commandEnd":252}
{"label":"2 board lift","frames":150,"energy":88.9,"expanded":1527,"commandEnd":267}
{"label":"2 upper balcony","frames":40,"energy":88,"expanded":6,"commandEnd":271}
{"label":"2 descending crumble","frames":80,"energy":87.2,"expanded":43,"commandEnd":279}
{"label":"2 bank","frames":60,"energy":86.7,"expanded":30,"commandEnd":285}
{"label":"2 traversal end","frames":20,"energy":99.9,"expanded":2,"commandEnd":287}
{"label":"maintenance lift","frames":130,"energy":96.9,"expanded":19,"commandEnd":300}
{"label":"gallery key 2","frames":60,"energy":95.8,"expanded":6,"commandEnd":306}
{"label":"maintenance gate 2","frames":230,"energy":93.7,"expanded":23,"commandEnd":329}
{"label":"2-2 rune 1","frames":40,"energy":93.3,"expanded":4,"commandEnd":333}
{"label":"2-2 rune 2","frames":210,"energy":88.9,"expanded":152,"commandEnd":357}
{"label":"2-2 rune 3","frames":50,"energy":88.4,"expanded":5,"commandEnd":365}
{"label":"2-2 gate","frames":60,"energy":87.7,"expanded":6,"commandEnd":374}
{"label":"2 end","frames":50,"energy":99.9,"expanded":5,"commandEnd":379}
{"label":"3 entrance","frames":100,"energy":99,"expanded":10,"commandEnd":389}
{"label":"3-1 rune 1","frames":170,"energy":97.8,"expanded":247,"commandEnd":406}
{"label":"3-1 rune 2","frames":240,"energy":95.5,"expanded":24,"commandEnd":433}
{"label":"3-1 rune 3","frames":80,"energy":93.4,"expanded":9,"commandEnd":444}
{"label":"3-1 gate","frames":150,"energy":92,"expanded":15,"commandEnd":462}
