REPLAY 1 entrance
REPLAY 1-1 mirror A
REPLAY 1-1 mirror B
REPLAY 1-1 gate
REPLAY 1 traversal end
REPLAY 1-2 rune 2
REPLAY 1-2 rune 1
REPLAY 1-2 rune 3
REPLAY 1-2 gate
REPLAY 1 end
REPLAY 2 entrance
REPLAY 2-1 rune 2
REPLAY 2-1 rune 1
REPLAY 2-1 rune 3
REPLAY 2-1 gate
REPLAY 2 traversal end
REPLAY 2-2 mirror A
REPLAY 2-2 mirror C
REPLAY 2-2 gate
REPLAY 2 end
REPLAY 3 entrance
REPLAY 3-1 mirror A
REPLAY 3-1 mirror C
REPLAY 3-1 gate
REPLAY 3 traversal end
REPLAY 3-2 rune 1
REPLAY 3-2 rune 2
REPLAY 3-2 rune 3
REPLAY 3-2 gate
REPLAY 3 end
REPLAY 4 entrance
REPLAY 4-1 rune 2
REPLAY 4-1 rune 1
REPLAY 4-1 rune 3
REPLAY 4-1 gate
REPLAY 4 traversal end
REPLAY 4-2 mirror B
REPLAY 4-2 mirror C
REPLAY 4-2 gate
REPLAY 4 end
REPLAY 5 entrance
REPLAY 5-1 mirror A
REPLAY 5-1 mirror C
REPLAY 5-1 gate
REPLAY 5 traversal end
{"label":"5-2 deliberate wrong mirror A","frames":510,"energy":94.2,"expanded":61,"commandEnd":933}
{"label":"5-2 partial correction B","frames":70,"energy":92.2,"expanded":29,"commandEnd":943}
{"label":"5 entrance","frames":10,"energy":99.9,"expanded":1,"commandEnd":948}
{"label":"5-1 gate","frames":400,"energy":96.7,"expanded":40,"commandEnd":988}
{"label":"5 traversal end","frames":280,"energy":92.4,"expanded":1464,"commandEnd":1016}
{"label":"5-2 mirror B","frames":520,"energy":81,"expanded":1782,"commandEnd":1068}
{"label":"5-2 mirror C","frames":190,"energy":77.4,"expanded":43,"commandEnd":1090}
{"label":"5-2 gate","frames":90,"energy":76.1,"expanded":9,"commandEnd":1103}
{"label":"goal","frames":30,"energy":75.9,"expanded":3,"commandEnd":1106}
PASS N7 346.98333333333335s
