{"label":"1 entrance","frames":10,"energy":99.9,"expanded":1,"commandEnd":1}
{"label":"1-1 approach seal 1","frames":170,"energy":98.2,"expanded":77,"commandEnd":18}
{"label":"1-1 bait 1","frames":240,"energy":96,"expanded":287,"commandEnd":42}
{"label":"1-1 gate","frames":210,"energy":93.5,"expanded":291,"commandEnd":63}
{"label":"1 canal 1","frames":90,"energy":91.5,"expanded":15,"commandEnd":72}
{"label":"1 canal 2","frames":60,"energy":90.3,"expanded":18,"commandEnd":78}
{"label":"1 bank","frames":90,"energy":88.9,"expanded":17,"commandEnd":87}
{"label":"1 traversal end","frames":60,"energy":99.7,"expanded":6,"commandEnd":93}
{"label":"1-2 rune 2","frames":260,"energy":95,"expanded":108,"commandEnd":119}
{"label":"1-2 rune 1","frames":120,"energy":93.2,"expanded":788,"commandEnd":134}
{"label":"1-2 rune 3","frames":210,"energy":90.5,"expanded":319,"commandEnd":158}
{"label":"1-2 gate","frames":80,"energy":89.7,"expanded":8,"commandEnd":169}
{"label":"1 end","frames":50,"energy":99.9,"expanded":5,"commandEnd":174}
{"label":"2 entrance","frames":90,"energy":99.1,"expanded":9,"commandEnd":183}
{"label":"2-1 pickup","frames":120,"energy":98,"expanded":12,"commandEnd":195}
{"label":"2-1 deposit","frames":360,"energy":92.2,"expanded":330,"commandEnd":234}
{"label":"2-1 gate","frames":90,"energy":91.3,"expanded":9,"commandEnd":246}
{"label":"2 traversal end","frames":280,"energy":99.7,"expanded":661,"commandEnd":274}
{"label":"2-2 approach seal 1","frames":300,"energy":78.4,"expanded":86,"commandEnd":304}
{"label":"2-2 bait 1","frames":330,"energy":74.1,"expanded":5708,"commandEnd":337}
{"label":"2-2 approach seal 2","frames":140,"energy":72.2,"expanded":28,"commandEnd":351}
{"label":"2-2 bait 2","frames":210,"energy":70.3,"expanded":185,"commandEnd":372}
{"label":"2-2 gate","frames":60,"energy":69.8,"expanded":6,"commandEnd":378}
{"label":"2 end","frames":50,"energy":100,"expanded":5,"commandEnd":383}
{"label":"3 entrance","frames":100,"energy":99,"expanded":10,"commandEnd":393}
{"label":"3-1 approach seal 1","frames":190,"energy":98.2,"expanded":92,"commandEnd":412}
{"label":"3-1 bait 1","frames":350,"energy":94.4,"expanded":1510,"commandEnd":447}
{"label":"3-1 approach seal 2","frames":130,"energy":92.6,"expanded":18,"commandEnd":460}
{"label":"3-1 bait 2","frames":20,"energy":72.4,"expanded":2,"commandEnd":462}
{"label":"3-1 gate","frames":90,"energy":71.6,"expanded":9,"commandEnd":471}
{"label":"3 canal 1","frames":90,"energy":69.6,"expanded":15,"commandEnd":480}
{"label":"3 canal 2","frames":70,"energy":68.3,"expanded":7,"commandEnd":487}
{"label":"3 bank","frames":90,"energy":66.9,"expanded":16,"commandEnd":496}
{"label":"3 traversal end","frames":60,"energy":99.8,"expanded":6,"commandEnd":502}
{"label":"3-2 pickup","frames":590,"energy":83.7,"expanded":187,"commandEnd":561}
{"label":"3-2 pickup align","frames":30,"energy":63.4,"expanded":3,"commandEnd":565}
{"label":"3-2 deposit","frames":270,"energy":58.5,"expanded":282,"commandEnd":594}
{"label":"3-2 gate","frames":290,"energy":55.2,"expanded":125,"commandEnd":626}
{"label":"3 end","frames":50,"energy":89.7,"expanded":5,"commandEnd":631}
{"label":"4 entrance","frames":100,"energy":88.8,"expanded":10,"commandEnd":641}
{"label":"4-1 rune 4","frames":250,"energy":95.1,"expanded":619,"commandEnd":666}
{"label":"4-1 rune 2","frames":70,"energy":93.8,"expanded":15,"commandEnd":676}
{"label":"4-1 rune 1","frames":120,"energy":92,"expanded":710,"commandEnd":691}
{"label":"4-1 rune 3","frames":210,"energy":89.4,"expanded":335,"commandEnd":715}
{"label":"4-1 gate","frames":80,"energy":88.6,"expanded":8,"commandEnd":726}
{"label":"4 traversal end","frames":280,"energy":99.7,"expanded":621,"commandEnd":754}
{"label":"gallery key 4","frames":150,"energy":95.9,"expanded":121,"commandEnd":769}
{"label":"maintenance gate 4","frames":180,"energy":94.3,"expanded":18,"commandEnd":787}
{"label":"4-2 approach seal 1","frames":110,"energy":93.3,"expanded":11,"commandEnd":798}
{"label":"4-2 bait 1","frames":20,"energy":73.1,"expanded":2,"commandEnd":800}
{"label":"4-2 approach seal 2","frames":170,"energy":70.9,"expanded":789,"commandEnd":817}
{"label":"4-2 bait 2","frames":220,"energy":68.9,"expanded":208,"commandEnd":839}
{"label":"4-2 gate","frames":60,"energy":68.4,"expanded":6,"commandEnd":845}
{"label":"4 end","frames":50,"energy":100,"expanded":5,"commandEnd":850}
{"label":"5 entrance","frames":100,"energy":99,"expanded":10,"commandEnd":860}
{"label":"5-1 approach seal 1","frames":220,"energy":97.9,"expanded":115,"commandEnd":882}
{"label":"5-1 bait 1","frames":340,"energy":94.8,"expanded":293,"commandEnd":916}
{"label":"5-1 approach seal 2","frames":80,"energy":93.5,"expanded":13,"commandEnd":924}
{"label":"5-1 bait 2","frames":70,"energy":72.8,"expanded":21,"commandEnd":931}
{"label":"5-1 gate","frames":120,"energy":71.7,"expanded":12,"commandEnd":943}
{"label":"5 canal 1","frames":90,"energy":69.7,"expanded":15,"commandEnd":952}
{"label":"5 canal 2","frames":70,"energy":68.5,"expanded":7,"commandEnd":959}
{"label":"5 bank","frames":90,"energy":67,"expanded":16,"commandEnd":968}
{"label":"5 traversal end","frames":60,"energy":99.8,"expanded":6,"commandEnd":974}
{"label":"5-2 pickup","frames":700,"energy":83.7,"expanded":1980,"commandEnd":1044}
{"label":"5-2 deposit","frames":310,"energy":79.6,"expanded":228,"commandEnd":1078}
{"label":"5-2 gate","frames":300,"energy":76.2,"expanded":82,"commandEnd":1111}
{"label":"goal","frames":30,"energy":75.9,"expanded":3,"commandEnd":1114}
PASS N5 181.25s
