{"label":"1 entrance","frames":10,"energy":99.9,"expanded":1,"commandEnd":1}
{"label":"1-1 mirror A","frames":170,"energy":98.8,"expanded":17,"commandEnd":18}
{"label":"1-1 mirror B","frames":60,"energy":97,"expanded":10,"commandEnd":27}
{"label":"1-1 gate","frames":230,"energy":94.5,"expanded":23,"commandEnd":54}
{"label":"1 traversal end","frames":300,"energy":89.3,"expanded":1209,"commandEnd":84}
{"label":"1-2 rune 2","frames":260,"energy":84.5,"expanded":118,"commandEnd":110}
{"label":"1-2 rune 1","frames":120,"energy":82.7,"expanded":785,"commandEnd":125}
{"label":"1-2 rune 3","frames":210,"energy":80.1,"expanded":324,"commandEnd":149}
{"label":"1-2 gate","frames":80,"energy":79.3,"expanded":8,"commandEnd":160}
{"label":"1 end","frames":50,"energy":99.9,"expanded":5,"commandEnd":165}
{"label":"2 entrance","frames":90,"energy":99.1,"expanded":9,"commandEnd":174}
{"label":"2-1 rune 2","frames":260,"energy":93.7,"expanded":365,"commandEnd":200}
{"label":"2-1 rune 1","frames":120,"energy":91.9,"expanded":747,"commandEnd":215}
{"label":"2-1 rune 3","frames":210,"energy":89.3,"expanded":341,"commandEnd":239}
{"label":"2-1 gate","frames":80,"energy":88.5,"expanded":8,"commandEnd":250}
{"label":"2 traversal end","frames":280,"energy":83.5,"expanded":1144,"commandEnd":278}
{"label":"2-2 mirror A","frames":250,"energy":97.1,"expanded":141,"commandEnd":303}
{"label":"2-2 mirror C","frames":160,"energy":93.2,"expanded":42,"commandEnd":322}
{"label":"2-2 gate","frames":100,"energy":91.9,"expanded":10,"commandEnd":336}
{"label":"2 end","frames":50,"energy":99.9,"expanded":5,"commandEnd":341}
{"label":"3 entrance","frames":90,"energy":99.1,"expanded":9,"commandEnd":350}
{"label":"3-1 mirror A","frames":220,"energy":96.7,"expanded":360,"commandEnd":372}
{"label":"3-1 mirror C","frames":140,"energy":94.7,"expanded":15,"commandEnd":389}
{"label":"3-1 gate","frames":70,"energy":93.7,"expanded":7,"commandEnd":400}
{"label":"3 traversal end","frames":280,"energy":89.3,"expanded":1297,"commandEnd":428}
{"label":"3-2 rune 1","frames":350,"energy":81.3,"expanded":794,"commandEnd":463}
{"label":"3-2 rune 2","frames":210,"energy":79.3,"expanded":21,"commandEnd":487}
{"label":"3-2 rune 3","frames":80,"energy":77.3,"expanded":12,"commandEnd":498}
{"label":"3-2 gate","frames":150,"energy":75.8,"expanded":15,"commandEnd":516}
{"label":"3 end","frames":50,"energy":100,"expanded":5,"commandEnd":521}
{"label":"4 entrance","frames":100,"energy":99.1,"expanded":10,"commandEnd":531}
{"label":"4-1 rune 2","frames":350,"energy":95.8,"expanded":35,"commandEnd":566}
{"label":"4-1 rune 1","frames":210,"energy":90.8,"expanded":65,"commandEnd":590}
{"label":"4-1 rune 3","frames":210,"energy":87,"expanded":135,"commandEnd":614}
{"label":"4-1 gate","frames":90,"energy":86.1,"expanded":9,"commandEnd":626}
{"label":"4 traversal end","frames":270,"energy":81.8,"expanded":1293,"commandEnd":653}
{"label":"4-2 mirror B","frames":560,"energy":69.5,"expanded":1851,"commandEnd":709}
{"label":"4-2 mirror C","frames":210,"energy":65.1,"expanded":1060,"commandEnd":733}
{"label":"4-2 gate","frames":280,"energy":62.1,"expanded":28,"commandEnd":765}
{"label":"4 end","frames":50,"energy":96.6,"expanded":5,"commandEnd":770}
{"label":"5 entrance","frames":90,"energy":95.8,"expanded":9,"commandEnd":779}
{"label":"5-1 mirror A","frames":280,"energy":92.6,"expanded":542,"commandEnd":807}
{"label":"5-1 mirror C","frames":130,"energy":91.3,"expanded":13,"commandEnd":823}
{"label":"5-1 gate","frames":270,"energy":88.4,"expanded":27,"commandEnd":854}
{"label":"5 traversal end","frames":270,"energy":84.1,"expanded":1202,"commandEnd":881}
{"label":"5-2 mirror B","frames":510,"energy":72.9,"expanded":1804,"commandEnd":932}
{"label":"5-2 mirror C","frames":200,"energy":69.1,"expanded":43,"commandEnd":955}
{"label":"5-2 gate","frames":90,"energy":67.9,"expanded":9,"commandEnd":968}
{"label":"goal","frames":30,"energy":67.6,"expanded":3,"commandEnd":971}
PASS N7 156.3s
