REPLAY 1 entrance
REPLAY 1-1 approach seal 1
REPLAY 1-1 bait 1
REPLAY 1-1 gate
REPLAY 1 crumble 1
REPLAY 1 upper island
REPLAY 1 crumble 2
REPLAY 1 traversal end
REPLAY 1-2 rune 1
REPLAY 1-2 rune 2
REPLAY 1-2 gate
REPLAY 1 end
REPLAY 2 entrance
REPLAY 2-1 rune 2
REPLAY 2-1 rune 1
REPLAY 2-1 rune 3
REPLAY 2-1 gate
REPLAY 2 crumble 1
REPLAY 2 upper island
REPLAY 2 crumble 2
REPLAY 2 traversal end
REPLAY 2-2 pickup
REPLAY 2-2 deposit
REPLAY 2-2 gate
REPLAY 2 end
REPLAY 3 entrance
REPLAY 3-1 mirror A
REPLAY 3-1 mirror B
REPLAY 3-1 mirror C
REPLAY 3-1 gate
REPLAY 3 crumble 1
REPLAY 3 upper island
REPLAY 3 crumble 2
REPLAY 3 traversal end
REPLAY 3-2 rune 1
REPLAY 3-2 rune 2
REPLAY 3-2 rune 3
REPLAY 3-2 gate
REPLAY 3 end
REPLAY 4 entrance
REPLAY 4-1 pickup
REPLAY 4-1 deposit
REPLAY 4-1 gate
REPLAY 4 crumble 1
REPLAY 4 upper island
REPLAY 4 crumble 2
REPLAY 4 traversal end
REPLAY 4-2 approach seal 1
REPLAY 4-2 bait 1
REPLAY 4-2 approach seal 2
REPLAY 4-2 bait 2
REPLAY 4-2 gate
REPLAY 4 end
REPLAY 5 entrance
REPLAY 5-1 rune 3
REPLAY 5-1 rune 1
REPLAY 5-1 rune 4
REPLAY 5-1 rune 2
REPLAY 5-1 gate
REPLAY 5 crumble 1
REPLAY 5 upper island
REPLAY 5 crumble 2
REPLAY 5 traversal end
REPLAY 5-2 mirror A
REPLAY 5-2 mirror B
REPLAY 5-2 mirror C
REPLAY 5-2 gate
REPLAY 5 end
{"label":"enter arena for failed attempt","frames":60,"energy":99.4,"expanded":6,"commandEnd":1149}
{"label":"boss recharge","frames":20,"energy":100,"expanded":2,"commandEnd":1152}
{"label":"boss ledge 6","frames":160,"energy":96.8,"expanded":266,"commandEnd":1169}
{"label":"boss strike 6","frames":40,"energy":94.1,"expanded":4,"commandEnd":1362}
{"label":"boss ledge 5","frames":70,"energy":92.8,"expanded":15,"commandEnd":1369}
{"label":"boss strike 5","frames":50,"energy":90.7,"expanded":5,"commandEnd":1492}
{"label":"boss ledge 4","frames":30,"energy":90.4,"expanded":3,"commandEnd":1495}
{"label":"boss strike 4","frames":70,"energy":87,"expanded":7,"commandEnd":1680}
{"label":"boss ledge 3","frames":20,"energy":86.8,"expanded":2,"commandEnd":1682}
{"label":"boss strike 3","frames":40,"energy":84.1,"expanded":15,"commandEnd":1870}
{"label":"boss ledge 2","frames":110,"energy":81.9,"expanded":36,"commandEnd":1881}
{"label":"boss strike 2","frames":70,"energy":64.2,"expanded":7,"commandEnd":1983}
{"label":"boss ledge 1","frames":70,"energy":63,"expanded":14,"commandEnd":1990}
{"label":"boss strike 1","frames":70,"energy":59.9,"expanded":8,"commandEnd":2131}
{"label":"final treasure","frames":180,"energy":57.1,"expanded":18,"commandEnd":2150}
PASS N8 267.21666666666664s
