REPLAY 1 entrance
REPLAY 1-1 rune 1
REPLAY 1-1 rune 2
REPLAY 1-1 gate
REPLAY 1 moving bridge
REPLAY 1 crumble bridge
REPLAY 1 bank
REPLAY 1 traversal end
REPLAY 1-2 rune 2
REPLAY 1-2 rune 1
REPLAY 1-2 rune 3
REPLAY 1-2 gate
REPLAY 1 end
REPLAY 2 entrance
REPLAY 2-1 pickup
REPLAY 2-1 deposit
REPLAY 2-1 gate
REPLAY 2 ride lift
REPLAY 2 upper balcony
REPLAY 2 descending crumble
REPLAY 2 bank
REPLAY 2 traversal end
{"label":"maintenance lift","frames":120,"energy":97,"expanded":18,"commandEnd":300}
{"label":"gallery key 2","frames":60,"energy":95.9,"expanded":6,"commandEnd":306}
{"label":"maintenance gate 2","frames":230,"energy":93.8,"expanded":23,"commandEnd":329}
{"label":"2-2 rune 1","frames":40,"energy":93.4,"expanded":4,"commandEnd":333}
{"label":"2-2 rune 2","frames":200,"energy":89.1,"expanded":151,"commandEnd":356}
{"label":"2-2 rune 3","frames":40,"energy":88.6,"expanded":4,"commandEnd":363}
{"label":"2-2 gate","frames":70,"energy":87.9,"expanded":7,"commandEnd":373}
{"label":"2 end","frames":50,"energy":99.9,"expanded":5,"commandEnd":378}
{"label":"3 entrance","frames":100,"energy":99,"expanded":10,"commandEnd":388}
{"label":"3-1 rune 1","frames":110,"energy":99.5,"expanded":11,"commandEnd":399}
{"label":"3-1 rune 2","frames":200,"energy":95.2,"expanded":156,"commandEnd":422}
{"label":"3-1 rune 3","frames":50,"energy":94.6,"expanded":5,"commandEnd":430}
{"label":"3-1 gate","frames":60,"energy":94,"expanded":6,"commandEnd":439}
{"label":"3 moving bridge","frames":310,"energy":89.3,"expanded":875,"commandEnd":470}
{"label":"3 crumble bridge","frames":40,"energy":88.4,"expanded":4,"commandEnd":474}
{"label":"3 bank","frames":110,"energy":86.8,"expanded":24,"commandEnd":485}
{"label":"3 traversal end","frames":20,"energy":99.9,"expanded":2,"commandEnd":487}
{"label":"3-2 pickup","frames":490,"energy":94.8,"expanded":139,"commandEnd":536}
{"label":"3-2 deposit","frames":260,"energy":90,"expanded":102,"commandEnd":565}
{"label":"3-2 gate","frames":290,"energy":86.6,"expanded":188,"commandEnd":597}
{"label":"3 end","frames":50,"energy":99.9,"expanded":5,"commandEnd":602}
{"label":"4 entrance","frames":100,"energy":99,"expanded":10,"commandEnd":612}
{"label":"4-1 rune 3","frames":340,"energy":95.3,"expanded":502,"commandEnd":646}
{"label":"4-1 rune 1","frames":210,"energy":92.7,"expanded":477,"commandEnd":670}
{"label":"4-1 rune 4","frames":120,"energy":89.7,"expanded":237,"commandEnd":685}
{"label":"4-1 rune 2","frames":70,"energy":88.3,"expanded":15,"commandEnd":695}
{"label":"4-1 gate","frames":190,"energy":86.5,"expanded":19,"commandEnd":717}
{"label":"4 ride lift","frames":210,"energy":82.2,"expanded":508,"commandEnd":738}
{"label":"4 upper balcony","frames":40,"energy":81.2,"expanded":4,"commandEnd":742}
{"label":"4 descending crumble","frames":70,"energy":80.6,"expanded":40,"commandEnd":749}
{"label":"4 bank","frames":60,"energy":80,"expanded":38,"commandEnd":755}
{"label":"4 traversal end","frames":20,"energy":99.9,"expanded":2,"commandEnd":757}
{"label":"pendulum gallery ascent","frames":160,"energy":96.1,"expanded":47,"commandEnd":773}
{"label":"pendulum fragile crossing","frames":110,"energy":94.5,"expanded":112,"commandEnd":784}
{"label":"gallery key 4","frames":100,"energy":91.7,"expanded":44,"commandEnd":794}
{"label":"maintenance gate 4","frames":240,"energy":89.5,"expanded":24,"commandEnd":818}
{"label":"4-2 rune 1","frames":50,"energy":89.1,"expanded":5,"commandEnd":823}
{"label":"4-2 rune 2","frames":190,"energy":84.9,"expanded":164,"commandEnd":845}
{"label":"4-2 rune 3","frames":50,"energy":84.3,"expanded":5,"commandEnd":853}
{"label":"4-2 gate","frames":70,"energy":83.6,"expanded":7,"commandEnd":863}
{"label":"4 end","frames":40,"energy":100,"expanded":4,"commandEnd":867}
{"label":"5 entrance","frames":100,"energy":99.1,"expanded":10,"commandEnd":877}
{"label":"5-1 rune 1","frames":120,"energy":99.5,"expanded":12,"commandEnd":889}
{"label":"5-1 rune 2","frames":200,"energy":95.1,"expanded":151,"commandEnd":912}
{"label":"5-1 rune 3","frames":40,"energy":94.7,"expanded":4,"commandEnd":919}
{"label":"5-1 gate","frames":70,"energy":93.9,"expanded":7,"commandEnd":929}
{"label":"5 moving bridge","frames":130,"energy":91.6,"expanded":22,"commandEnd":942}
{"label":"5 crumble bridge","frames":50,"energy":90.5,"expanded":5,"commandEnd":947}
{"label":"5 bank","frames":90,"energy":89.1,"expanded":16,"commandEnd":956}
{"label":"5 traversal end","frames":30,"energy":99.9,"expanded":3,"commandEnd":959}
{"label":"5-2 rune 1","frames":830,"energy":92.3,"expanded":95,"commandEnd":1042}
{"label":"5-2 rune 2","frames":200,"energy":88,"expanded":151,"commandEnd":1065}
{"label":"5-2 rune 3","frames":50,"energy":87.4,"expanded":5,"commandEnd":1073}
{"label":"5-2 gate","frames":70,"energy":86.7,"expanded":7,"commandEnd":1083}
{"label":"goal","frames":30,"energy":86.5,"expanded":3,"commandEnd":1086}
PASS N6 171.58333333333334s
