{"label":"1 entrance","frames":10,"energy":99.9,"expanded":1,"commandEnd":1}
{"label":"1-1 rune 1","frames":100,"energy":99.5,"expanded":10,"commandEnd":11}
{"label":"1-1 rune 2","frames":210,"energy":95.1,"expanded":156,"commandEnd":35}
{"label":"1-1 gate","frames":110,"energy":94,"expanded":11,"commandEnd":49}
{"label":"1 moving bridge","frames":290,"energy":90.1,"expanded":941,"commandEnd":78}
{"label":"1 crumble bridge","frames":60,"energy":88.9,"expanded":6,"commandEnd":84}
{"label":"1 bank","frames":70,"energy":87.7,"expanded":11,"commandEnd":91}
{"label":"1 traversal end","frames":20,"energy":99.9,"expanded":2,"commandEnd":93}
{"label":"1-2 rune 2","frames":280,"energy":95,"expanded":281,"commandEnd":121}
{"label":"1-2 rune 1","frames":120,"energy":93.2,"expanded":1117,"commandEnd":136}
{"label":"1-2 rune 3","frames":210,"energy":90.6,"expanded":463,"commandEnd":160}
{"label":"1-2 gate","frames":80,"energy":89.7,"expanded":8,"commandEnd":171}
{"label":"1 end","frames":50,"energy":99.9,"expanded":5,"commandEnd":176}
{"label":"2 entrance","frames":90,"energy":99.1,"expanded":9,"commandEnd":185}
{"label":"2-1 pickup","frames":120,"energy":98,"expanded":12,"commandEnd":197}
{"label":"2-1 deposit","frames":360,"energy":92.2,"expanded":313,"commandEnd":236}
{"label":"2-1 gate","frames":90,"energy":91.3,"expanded":9,"commandEnd":248}
{"label":"2 ride lift","frames":210,"energy":86.9,"expanded":531,"commandEnd":269}
{"label":"2 upper balcony","frames":40,"energy":86,"expanded":4,"commandEnd":273}
{"label":"2 descending crumble","frames":70,"energy":85.3,"expanded":40,"commandEnd":280}
{"label":"2 bank","frames":60,"energy":84.8,"expanded":38,"commandEnd":286}
{"label":"2 traversal end","frames":20,"energy":99.9,"expanded":2,"commandEnd":288}
{"label":"2-2 rune 1","frames":190,"energy":97.6,"expanded":189,"commandEnd":307}
{"label":"2-2 rune 2","frames":210,"energy":93.2,"expanded":193,"commandEnd":331}
{"label":"2-2 rune 3","frames":50,"energy":92.6,"expanded":5,"commandEnd":339}
{"label":"2-2 gate","frames":70,"energy":91.9,"expanded":7,"commandEnd":349}
{"label":"2 end","frames":50,"energy":99.9,"expanded":5,"commandEnd":354}
{"label":"3 entrance","frames":90,"energy":99.1,"expanded":9,"commandEnd":363}
{"label":"3-1 rune 1","frames":120,"energy":99.5,"expanded":12,"commandEnd":375}
{"label":"3-1 rune 2","frames":210,"energy":95.1,"expanded":158,"commandEnd":399}
{"label":"3-1 rune 3","frames":50,"energy":94.5,"expanded":5,"commandEnd":407}
{"label":"3-1 gate","frames":60,"energy":93.9,"expanded":6,"commandEnd":416}
{"label":"3 moving bridge","frames":130,"energy":91.5,"expanded":22,"commandEnd":429}
{"label":"3 crumble bridge","frames":50,"energy":90.4,"expanded":5,"commandEnd":434}
{"label":"3 bank","frames":90,"energy":89,"expanded":16,"commandEnd":443}
{"label":"3 traversal end","frames":30,"energy":99.9,"expanded":3,"commandEnd":446}
{"label":"3-2 pickup","frames":670,"energy":93.2,"expanded":409,"commandEnd":513}
{"label":"3-2 deposit","frames":270,"energy":88.2,"expanded":104,"commandEnd":543}
{"label":"3-2 gate","frames":280,"energy":85.6,"expanded":28,"commandEnd":574}
{"label":"3 end","frames":50,"energy":100,"expanded":5,"commandEnd":579}
{"label":"4 entrance","frames":100,"energy":98.4,"expanded":11,"commandEnd":589}
{"label":"4-1 rune 3","frames":350,"energy":94.6,"expanded":480,"commandEnd":624}
{"label":"4-1 rune 1","frames":210,"energy":92,"expanded":428,"commandEnd":648}
{"label":"4-1 rune 4","frames":120,"energy":89,"expanded":237,"commandEnd":663}
{"label":"4-1 rune 2","frames":70,"energy":87.7,"expanded":15,"commandEnd":673}
{"label":"4-1 gate","frames":190,"energy":85.9,"expanded":19,"commandEnd":695}
{"label":"4 ride lift","frames":260,"energy":80.5,"expanded":4160,"commandEnd":721}
{"label":"4 upper balcony","frames":40,"energy":79.5,"expanded":4,"commandEnd":725}
{"label":"4 descending crumble","frames":80,"energy":78.8,"expanded":48,"commandEnd":733}
{"label":"4 bank","frames":60,"energy":78.2,"expanded":30,"commandEnd":739}
{"label":"4 traversal end","frames":20,"energy":78,"expanded":2,"commandEnd":741}
{"label":"4-2 rune 1","frames":390,"energy":96,"expanded":540,"commandEnd":780}
{"label":"4-2 rune 2","frames":200,"energy":91.6,"expanded":152,"commandEnd":803}
{"label":"4-2 rune 3","frames":50,"energy":91.1,"expanded":5,"commandEnd":811}
{"label":"4-2 gate","frames":60,"energy":90.5,"expanded":6,"commandEnd":820}
{"label":"4 end","frames":50,"energy":100,"expanded":5,"commandEnd":825}
{"label":"5 entrance","frames":100,"energy":99,"expanded":10,"commandEnd":835}
{"label":"5-1 rune 1","frames":120,"energy":99.4,"expanded":12,"commandEnd":847}
{"label":"5-1 rune 2","frames":230,"energy":94.8,"expanded":195,"commandEnd":873}
{"label":"5-1 rune 3","frames":50,"energy":94.3,"expanded":5,"commandEnd":881}
{"label":"5-1 gate","frames":60,"energy":93.6,"expanded":6,"commandEnd":890}
{"label":"5 moving bridge","frames":320,"energy":88.9,"expanded":1167,"commandEnd":922}
{"label":"5 crumble bridge","frames":50,"energy":87.9,"expanded":5,"commandEnd":927}
{"label":"5 bank","frames":90,"energy":86.4,"expanded":17,"commandEnd":936}
{"label":"5 traversal end","frames":30,"energy":99.9,"expanded":3,"commandEnd":939}
{"label":"5-2 rune 1","frames":1030,"energy":90.5,"expanded":127,"commandEnd":1042}
{"label":"5-2 rune 2","frames":200,"energy":86.1,"expanded":160,"commandEnd":1065}
{"label":"5-2 rune 3","frames":50,"energy":85.6,"expanded":5,"commandEnd":1073}
{"label":"5-2 gate","frames":60,"energy":84.9,"expanded":6,"commandEnd":1082}
{"label":"goal","frames":40,"energy":84.7,"expanded":4,"commandEnd":1086}
PASS N6 171.51666666666668s
