REPLAY 1 entrance
REPLAY 1-1 approach seal 1
REPLAY 1-1 bait 1
REPLAY 1-1 gate
REPLAY 1 canal 1
REPLAY 1 canal 2
REPLAY 1 bank
REPLAY 1 traversal end
REPLAY 1-2 rune 2
REPLAY 1-2 rune 1
REPLAY 1-2 rune 3
REPLAY 1-2 gate
REPLAY 1 end
REPLAY 2 entrance
REPLAY 2-1 pickup
REPLAY 2-1 deposit
REPLAY 2-1 gate
REPLAY 2 traversal end
REPLAY 2-2 approach seal 1
REPLAY 2-2 bait 1
REPLAY 2-2 approach seal 2
REPLAY 2-2 bait 2
REPLAY 2-2 gate
REPLAY 2 end
REPLAY 3 entrance
REPLAY 3-1 approach seal 1
REPLAY 3-1 bait 1
REPLAY 3-1 approach seal 2
REPLAY 3-1 bait 2
REPLAY 3-1 gate
REPLAY 3 canal 1
REPLAY 3 canal 2
REPLAY 3 bank
REPLAY 3 traversal end
REPLAY 3-2 pickup
REPLAY 3-2 deposit
REPLAY 3-2 gate
REPLAY 3 end
REPLAY 4 entrance
REPLAY 4-1 rune 3
REPLAY 4-1 rune 1
REPLAY 4-1 rune 4
REPLAY 4-1 rune 2
REPLAY 4-1 gate
REPLAY 4 traversal end
{"label":"gallery key 4","frames":220,"energy":76.7,"expanded":168,"commandEnd":807}
{"label":"maintenance gate 4","frames":240,"energy":73.9,"expanded":263,"commandEnd":831}
{"label":"4-2 approach seal 1","frames":110,"energy":72.3,"expanded":58,"commandEnd":842}
{"label":"4-2 bait 1","frames":380,"energy":68.8,"expanded":600,"commandEnd":880}
{"label":"4-2 approach seal 2","frames":140,"energy":66.9,"expanded":15,"commandEnd":894}
{"label":"4-2 bait 2","frames":220,"energy":64.9,"expanded":258,"commandEnd":916}
{"label":"4-2 gate","frames":60,"energy":64.3,"expanded":6,"commandEnd":922}
{"label":"4 end","frames":50,"energy":98.9,"expanded":5,"commandEnd":927}
{"label":"5 entrance","frames":100,"energy":98,"expanded":10,"commandEnd":937}
{"label":"5-1 approach seal 1","frames":190,"energy":98.2,"expanded":141,"commandEnd":956}
{"label":"5-1 bait 1","frames":350,"energy":95,"expanded":520,"commandEnd":991}
{"label":"5-1 approach seal 2","frames":130,"energy":93.2,"expanded":20,"commandEnd":1004}
{"label":"5-1 bait 2","frames":220,"energy":91.2,"expanded":281,"commandEnd":1026}
{"label":"5-1 gate","frames":60,"energy":90.6,"expanded":6,"commandEnd":1032}
{"label":"5 canal 1","frames":90,"energy":88.6,"expanded":15,"commandEnd":1041}
{"label":"5 canal 2","frames":100,"energy":87.1,"expanded":19,"commandEnd":1051}
{"label":"5 bank","frames":70,"energy":85.9,"expanded":11,"commandEnd":1058}
{"label":"5 traversal end","frames":60,"energy":99.7,"expanded":6,"commandEnd":1064}
{"label":"5-2 pickup","frames":800,"energy":91.2,"expanded":153,"commandEnd":1144}
{"label":"5-2 deposit","frames":260,"energy":86.3,"expanded":102,"commandEnd":1173}
{"label":"5-2 gate","frames":290,"energy":82.9,"expanded":179,"commandEnd":1205}
{"label":"goal","frames":40,"energy":82.6,"expanded":4,"commandEnd":1209}
PASS N5 197.05s
