REPLAY 1 entrance
REPLAY 1-1 approach seal 1
REPLAY 1-1 bait 1
REPLAY 1-1 gate
REPLAY 1 crumble 1
REPLAY 1 upper island
REPLAY 1 crumble 2
REPLAY 1 traversal end
REPLAY 1-2 rune 1
REPLAY 1-2 rune 2
REPLAY 1-2 gate
REPLAY 1 end
REPLAY 2 entrance
REPLAY 2-1 rune 2
REPLAY 2-1 rune 1
REPLAY 2-1 rune 3
REPLAY 2-1 gate
REPLAY 2 crumble 1
REPLAY 2 upper island
REPLAY 2 crumble 2
REPLAY 2 traversal end
REPLAY 2-2 pickup
REPLAY 2-2 deposit
REPLAY 2-2 gate
REPLAY 2 end
REPLAY 3 entrance
REPLAY 3-1 mirror A
REPLAY 3-1 mirror B
REPLAY 3-1 mirror C
REPLAY 3-1 gate
REPLAY 3 crumble 1
REPLAY 3 upper island
REPLAY 3 crumble 2
REPLAY 3 traversal end
REPLAY 3-2 rune 1
REPLAY 3-2 rune 2
REPLAY 3-2 rune 3
REPLAY 3-2 gate
REPLAY 3 end
REPLAY 4 entrance
REPLAY 4-1 pickup
REPLAY 4-1 deposit
REPLAY 4-1 gate
REPLAY 4 crumble 1
REPLAY 4 upper island
REPLAY 4 crumble 2
REPLAY 4 traversal end
REPLAY 4-2 approach seal 1
REPLAY 4-2 bait 1
REPLAY 4-2 approach seal 2
REPLAY 4-2 bait 2
REPLAY 4-2 gate
REPLAY 4 end
REPLAY 5 entrance
REPLAY 5-1 rune 3
REPLAY 5-1 rune 1
REPLAY 5-1 rune 4
REPLAY 5-1 rune 2
REPLAY 5-1 gate
REPLAY 5 crumble 1
REPLAY 5 upper island
REPLAY 5 crumble 2
REPLAY 5 traversal end
REPLAY 5-2 mirror A
REPLAY 5-2 mirror B
REPLAY 5-2 mirror C
REPLAY 5-2 gate
REPLAY 5 end
REPLAY boss recharge
REPLAY boss ledge 6
REPLAY boss strike 6
REPLAY boss ledge 5
REPLAY boss strike 5
REPLAY boss ledge 4
REPLAY boss strike 4
REPLAY boss ledge 3
REPLAY boss strike 3
{"label":"boss ledge 6","frames":160,"energy":96.1,"expanded":264,"commandEnd":1838}
{"label":"boss strike 6","frames":40,"energy":93.2,"expanded":4,"commandEnd":2052}
{"label":"boss ledge 5","frames":70,"energy":92,"expanded":15,"commandEnd":2059}
{"label":"boss strike 5","frames":50,"energy":89.9,"expanded":5,"commandEnd":2182}
{"label":"boss ledge 4","frames":30,"energy":89.6,"expanded":3,"commandEnd":2185}
{"label":"boss strike 4","frames":70,"energy":86.1,"expanded":9,"commandEnd":2370}
{"label":"boss ledge 3","frames":20,"energy":85.9,"expanded":2,"commandEnd":2372}
{"label":"boss strike 3","frames":70,"energy":82.4,"expanded":12,"commandEnd":2563}
{"label":"boss ledge 2","frames":220,"energy":42.6,"expanded":3464,"commandEnd":2585}
{"label":"boss strike 2","frames":80,"energy":40.6,"expanded":65,"commandEnd":2593}
{"label":"boss ledge 1","frames":60,"energy":39.5,"expanded":9,"commandEnd":2599}
{"label":"boss strike 1","frames":80,"energy":36.2,"expanded":14,"commandEnd":2757}
{"label":"final treasure","frames":180,"energy":33.4,"expanded":18,"commandEnd":2776}
PASS N8 265.8833333333333s
