REPLAY 1 entrance
REPLAY 1-1 rune 1
REPLAY 1-1 rune 2
REPLAY 1-1 gate
REPLAY 1 moving bridge
REPLAY 1 crumble bridge
REPLAY 1 bank
REPLAY 1 traversal end
REPLAY 1-2 rune 2
REPLAY 1-2 rune 1
REPLAY 1-2 rune 3
REPLAY 1-2 gate
REPLAY 1 end
REPLAY 2 entrance
REPLAY 2-1 pickup
REPLAY 2-1 deposit
REPLAY 2-1 gate
REPLAY 2 ride lift
REPLAY 2 upper balcony
REPLAY 2 descending crumble
REPLAY 2 bank
REPLAY 2 traversal end
{"label":"maintenance lift","frames":120,"energy":97,"expanded":18,"commandEnd":300}
{"label":"gallery key 2","frames":90,"energy":95,"expanded":388,"commandEnd":309}
{"label":"maintenance gate 2","frames":510,"energy":89.7,"expanded":322,"commandEnd":360}
{"label":"2-2 rune 1","frames":40,"energy":89.4,"expanded":4,"commandEnd":364}
{"label":"2-2 rune 2","frames":190,"energy":85.1,"expanded":190,"commandEnd":386}
{"label":"2-2 rune 3","frames":50,"energy":84.6,"expanded":5,"commandEnd":394}
{"label":"2-2 gate","frames":70,"energy":83.9,"expanded":7,"commandEnd":404}
{"label":"2 end","frames":50,"energy":99.9,"expanded":5,"commandEnd":409}
{"label":"3 entrance","frames":90,"energy":99.1,"expanded":9,"commandEnd":418}
{"label":"3-1 rune 1","frames":120,"energy":99.5,"expanded":12,"commandEnd":430}
{"label":"3-1 rune 2","frames":200,"energy":95.1,"expanded":189,"commandEnd":453}
{"label":"3-1 rune 3","frames":50,"energy":94.6,"expanded":5,"commandEnd":461}
{"label":"3-1 gate","frames":60,"energy":94,"expanded":6,"commandEnd":470}
{"label":"3 moving bridge","frames":320,"energy":88.6,"expanded":1698,"commandEnd":502}
{"label":"3 crumble bridge","frames":70,"energy":87.4,"expanded":10,"commandEnd":509}
{"label":"3 bank","frames":70,"energy":86.1,"expanded":10,"commandEnd":516}
{"label":"3 traversal end","frames":20,"energy":99.9,"expanded":2,"commandEnd":518}
{"label":"3-2 pickup","frames":530,"energy":84.5,"expanded":256,"commandEnd":571}
{"label":"3-2 deposit","frames":270,"energy":79.5,"expanded":104,"commandEnd":601}
{"label":"3-2 gate","frames":340,"energy":66.3,"expanded":77,"commandEnd":638}
{"label":"3 end","frames":50,"energy":99.9,"expanded":5,"commandEnd":643}
{"label":"4 entrance","frames":90,"energy":99.1,"expanded":9,"commandEnd":652}
{"label":"4-1 rune 3","frames":350,"energy":95.3,"expanded":361,"commandEnd":687}
{"label":"4-1 rune 1","frames":210,"energy":92.6,"expanded":333,"commandEnd":711}
{"label":"4-1 rune 4","frames":120,"energy":89.7,"expanded":237,"commandEnd":726}
{"label":"4-1 rune 2","frames":70,"energy":88.3,"expanded":14,"commandEnd":736}
{"label":"4-1 gate","frames":190,"energy":86.5,"expanded":19,"commandEnd":758}
{"label":"4 ride lift","frames":120,"energy":83.6,"expanded":194,"commandEnd":770}
{"label":"4 upper balcony","frames":50,"energy":82.5,"expanded":5,"commandEnd":775}
{"label":"4 descending crumble","frames":70,"energy":81.9,"expanded":47,"commandEnd":782}
{"label":"4 bank","frames":70,"energy":81.2,"expanded":46,"commandEnd":789}
{"label":"4 traversal end","frames":20,"energy":99.9,"expanded":2,"commandEnd":791}
{"label":"pendulum gallery ascent","frames":160,"energy":96.1,"expanded":48,"commandEnd":807}
{"label":"pendulum fragile crossing","frames":100,"energy":94.6,"expanded":56,"commandEnd":817}
{"label":"gallery key 4","frames":100,"energy":92.4,"expanded":39,"commandEnd":827}
{"label":"maintenance gate 4","frames":240,"energy":90.2,"expanded":24,"commandEnd":851}
{"label":"4-2 rune 1","frames":50,"energy":89.8,"expanded":5,"commandEnd":856}
{"label":"4-2 rune 2","frames":190,"energy":85.5,"expanded":185,"commandEnd":878}
{"label":"4-2 rune 3","frames":50,"energy":85,"expanded":5,"commandEnd":886}
{"label":"4-2 gate","frames":70,"energy":84.3,"expanded":7,"commandEnd":896}
{"label":"4 end","frames":40,"energy":100,"expanded":4,"commandEnd":900}
{"label":"5 entrance","frames":100,"energy":99.1,"expanded":10,"commandEnd":910}
{"label":"5-1 rune 1","frames":120,"energy":99.5,"expanded":12,"commandEnd":922}
{"label":"5-1 rune 2","frames":200,"energy":95.1,"expanded":180,"commandEnd":945}
{"label":"5-1 rune 3","frames":40,"energy":94.7,"expanded":4,"commandEnd":952}
{"label":"5-1 gate","frames":70,"energy":93.9,"expanded":7,"commandEnd":962}
{"label":"5 moving bridge","frames":110,"energy":91.7,"expanded":17,"commandEnd":973}
{"label":"5 crumble bridge","frames":50,"energy":90.7,"expanded":5,"commandEnd":978}
{"label":"5 bank","frames":90,"energy":89.3,"expanded":16,"commandEnd":987}
{"label":"5 traversal end","frames":30,"energy":99.9,"expanded":3,"commandEnd":990}
{"label":"5-2 rune 1","frames":510,"energy":95.3,"expanded":55,"commandEnd":1041}
{"label":"5-2 rune 2","frames":200,"energy":90.9,"expanded":191,"commandEnd":1064}
{"label":"5-2 rune 3","frames":50,"energy":90.4,"expanded":5,"commandEnd":1072}
{"label":"5-2 gate","frames":60,"energy":89.7,"expanded":6,"commandEnd":1081}
{"label":"goal","frames":40,"energy":89.4,"expanded":4,"commandEnd":1085}
PASS N6 171.38333333333333s
