{"label":"1 entrance","frames":10,"energy":99.9,"expanded":1,"commandEnd":1}
{"label":"1-1 mirror A","frames":170,"energy":98.8,"expanded":17,"commandEnd":18}
{"label":"1-1 mirror B","frames":60,"energy":97,"expanded":10,"commandEnd":27}
{"label":"1-1 gate","frames":230,"energy":94.5,"expanded":23,"commandEnd":54}
{"label":"1 traversal end","frames":300,"energy":89.3,"expanded":1209,"commandEnd":84}
{"label":"1-2 rune 2","frames":260,"energy":84.5,"expanded":118,"commandEnd":110}
{"label":"1-2 rune 1","frames":120,"energy":82.7,"expanded":785,"commandEnd":125}
{"label":"1-2 rune 3","frames":210,"energy":80.1,"expanded":324,"commandEnd":149}
{"label":"1-2 gate","frames":80,"energy":79.3,"expanded":8,"commandEnd":160}
{"label":"1 end","frames":50,"energy":99.9,"expanded":5,"commandEnd":165}
{"label":"2 entrance","frames":90,"energy":99.1,"expanded":9,"commandEnd":174}
{"label":"2-1 rune 2","frames":260,"energy":93.7,"expanded":365,"commandEnd":200}
{"label":"2-1 rune 1","frames":120,"energy":91.9,"expanded":747,"commandEnd":215}
{"label":"2-1 rune 3","frames":210,"energy":89.3,"expanded":341,"commandEnd":239}
{"label":"2-1 gate","frames":80,"energy":88.5,"expanded":8,"commandEnd":250}
{"label":"2 traversal end","frames":280,"energy":83.5,"expanded":1144,"commandEnd":278}
{"label":"2-2 mirror A","frames":250,"energy":97.1,"expanded":141,"commandEnd":303}
{"label":"2-2 mirror B","frames":60,"energy":95.3,"expanded":10,"commandEnd":312}
{"label":"2-2 mirror C","frames":140,"energy":92.7,"expanded":39,"commandEnd":329}
{"label":"2-2 gate","frames":90,"energy":91.5,"expanded":9,"commandEnd":342}
{"label":"2 end","frames":50,"energy":100,"expanded":5,"commandEnd":347}
{"label":"3 entrance","frames":100,"energy":99,"expanded":10,"commandEnd":357}
{"label":"3-1 mirror A","frames":180,"energy":98.9,"expanded":18,"commandEnd":375}
{"label":"3-1 mirror B","frames":60,"energy":97,"expanded":7,"commandEnd":384}
{"label":"3-1 mirror C","frames":140,"energy":94.5,"expanded":30,"commandEnd":401}
{"label":"3-1 gate","frames":100,"energy":93.1,"expanded":10,"commandEnd":415}
{"label":"3 traversal end","frames":270,"energy":88.9,"expanded":1284,"commandEnd":442}
{"label":"3-2 rune 1","frames":460,"energy":95.8,"expanded":49,"commandEnd":488}
{"label":"3-2 rune 2","frames":190,"energy":91.6,"expanded":191,"commandEnd":510}
{"label":"3-2 rune 3","frames":50,"energy":91,"expanded":5,"commandEnd":518}
{"label":"3-2 gate","frames":70,"energy":90.3,"expanded":7,"commandEnd":528}
{"label":"3 end","frames":50,"energy":99.9,"expanded":5,"commandEnd":533}
{"label":"4 entrance","frames":90,"energy":99.1,"expanded":9,"commandEnd":542}
{"label":"4-1 rune 1","frames":120,"energy":98,"expanded":12,"commandEnd":554}
{"label":"4-1 rune 2","frames":200,"energy":93.6,"expanded":189,"commandEnd":577}
{"label":"4-1 rune 3","frames":50,"energy":93.1,"expanded":5,"commandEnd":585}
{"label":"4-1 gate","frames":60,"energy":92.5,"expanded":6,"commandEnd":594}
{"label":"4 traversal end","frames":280,"energy":88.1,"expanded":1188,"commandEnd":622}
{"label":"4-2 mirror A","frames":420,"energy":96.2,"expanded":42,"commandEnd":664}
{"label":"4-2 mirror B","frames":60,"energy":94.3,"expanded":10,"commandEnd":673}
{"label":"4-2 mirror C","frames":140,"energy":91.8,"expanded":40,"commandEnd":690}
{"label":"4-2 gate","frames":90,"energy":90.5,"expanded":9,"commandEnd":703}
{"label":"4 end","frames":50,"energy":100,"expanded":5,"commandEnd":708}
{"label":"5 entrance","frames":100,"energy":99,"expanded":10,"commandEnd":718}
{"label":"5-1 mirror A","frames":180,"energy":98.9,"expanded":18,"commandEnd":736}
{"label":"5-1 mirror B","frames":60,"energy":97,"expanded":7,"commandEnd":745}
{"label":"5-1 mirror C","frames":140,"energy":94.5,"expanded":29,"commandEnd":762}
{"label":"5-1 gate","frames":100,"energy":93.1,"expanded":10,"commandEnd":776}
{"label":"5 traversal end","frames":270,"energy":88.9,"expanded":1120,"commandEnd":803}
{"label":"5-2 mirror A","frames":500,"energy":94.8,"expanded":162,"commandEnd":853}
{"label":"5-2 mirror B","frames":60,"energy":93,"expanded":8,"commandEnd":862}
{"label":"5-2 mirror C","frames":140,"energy":90.4,"expanded":44,"commandEnd":879}
{"label":"5-2 gate","frames":90,"energy":89.2,"expanded":9,"commandEnd":892}
{"label":"goal","frames":30,"energy":88.9,"expanded":3,"commandEnd":895}
PASS N7 141.96666666666667s
