REPLAY 1 entrance
REPLAY 1-1 rune 1
REPLAY 1-1 rune 2
REPLAY 1-1 gate
REPLAY 1 moving bridge
REPLAY 1 crumble bridge
REPLAY 1 bank
REPLAY 1 traversal end
REPLAY 1-2 rune 2
REPLAY 1-2 rune 1
REPLAY 1-2 rune 3
REPLAY 1-2 gate
REPLAY 1 end
REPLAY 2 entrance
REPLAY 2-1 pickup
REPLAY 2-1 deposit
REPLAY 2-1 gate
REPLAY 2 ride lift
REPLAY 2 upper balcony
REPLAY 2 descending crumble
REPLAY 2 bank
REPLAY 2 traversal end
REPLAY 2-2 rune 1
REPLAY 2-2 rune 2
REPLAY 2-2 rune 3
REPLAY 2-2 gate
REPLAY 2 end
REPLAY 3 entrance
REPLAY 3-1 rune 1
REPLAY 3-1 rune 2
REPLAY 3-1 rune 3
REPLAY 3-1 gate
REPLAY 3 moving bridge
REPLAY 3 crumble bridge
REPLAY 3 bank
REPLAY 3 traversal end
REPLAY 3-2 pickup
REPLAY 3-2 deposit
REPLAY 3-2 gate
REPLAY 3 end
REPLAY 4 entrance
REPLAY 4-1 rune 3
REPLAY 4-1 rune 1
REPLAY 4-1 rune 4
REPLAY 4-1 rune 2
REPLAY 4-1 gate
{"label":"4 ride lift","frames":380,"energy":78.8,"expanded":15380,"commandEnd":783}
{"label":"4 upper balcony","frames":40,"energy":77.8,"expanded":4,"commandEnd":787}
{"label":"4 descending crumble","frames":70,"energy":77.2,"expanded":47,"commandEnd":794}
{"label":"4 bank","frames":60,"energy":76.7,"expanded":38,"commandEnd":800}
{"label":"4 traversal end","frames":20,"energy":99.9,"expanded":2,"commandEnd":802}
{"label":"4-2 rune 1","frames":590,"energy":94.5,"expanded":99,"commandEnd":861}
{"label":"4-2 rune 2","frames":200,"energy":90.2,"expanded":161,"commandEnd":884}
{"label":"4-2 rune 3","frames":50,"energy":89.7,"expanded":5,"commandEnd":892}
{"label":"4-2 gate","frames":70,"energy":88.9,"expanded":7,"commandEnd":902}
{"label":"4 end","frames":50,"energy":99.9,"expanded":5,"commandEnd":907}
{"label":"5 entrance","frames":90,"energy":99.1,"expanded":9,"commandEnd":916}
{"label":"5-1 rune 1","frames":120,"energy":99.5,"expanded":12,"commandEnd":928}
{"label":"5-1 rune 2","frames":200,"energy":95.1,"expanded":154,"commandEnd":951}
{"label":"5-1 rune 3","frames":50,"energy":94.6,"expanded":5,"commandEnd":959}
{"label":"5-1 gate","frames":60,"energy":94,"expanded":6,"commandEnd":968}
{"label":"5 moving bridge","frames":170,"energy":91.2,"expanded":31,"commandEnd":985}
{"label":"5 crumble bridge","frames":50,"energy":90.1,"expanded":5,"commandEnd":990}
{"label":"5 bank","frames":70,"energy":88.9,"expanded":10,"commandEnd":997}
{"label":"5 traversal end","frames":20,"energy":99.9,"expanded":2,"commandEnd":999}
{"label":"5-2 rune 1","frames":440,"energy":95.9,"expanded":44,"commandEnd":1043}
{"label":"5-2 rune 2","frames":230,"energy":91.3,"expanded":184,"commandEnd":1069}
{"label":"5-2 rune 3","frames":50,"energy":90.8,"expanded":5,"commandEnd":1077}
{"label":"5-2 gate","frames":60,"energy":90.1,"expanded":6,"commandEnd":1086}
{"label":"goal","frames":40,"energy":89.8,"expanded":4,"commandEnd":1090}
PASS N6 172.18333333333334s
