{"label":"1 entrance","frames":10,"energy":99.9,"expanded":1,"commandEnd":1}
{"label":"1-1 rune 1","frames":100,"energy":99.5,"expanded":10,"commandEnd":11}
{"label":"1-1 rune 2","frames":200,"energy":95.1,"expanded":184,"commandEnd":34}
{"label":"1-1 gate","frames":110,"energy":94,"expanded":11,"commandEnd":48}
{"label":"1 moving bridge","frames":300,"energy":90.1,"expanded":3429,"commandEnd":78}
{"label":"1 crumble bridge","frames":50,"energy":89,"expanded":5,"commandEnd":83}
{"label":"1 bank","frames":90,"energy":87.6,"expanded":15,"commandEnd":92}
{"label":"1 traversal end","frames":30,"energy":99.9,"expanded":3,"commandEnd":95}
{"label":"1-2 rune 2","frames":260,"energy":95.1,"expanded":150,"commandEnd":121}
{"label":"1-2 rune 1","frames":120,"energy":93.4,"expanded":822,"commandEnd":136}
{"label":"1-2 rune 3","frames":210,"energy":90.7,"expanded":326,"commandEnd":160}
{"label":"1-2 gate","frames":80,"energy":89.9,"expanded":8,"commandEnd":171}
{"label":"1 end","frames":50,"energy":99.9,"expanded":5,"commandEnd":176}
{"label":"2 entrance","frames":90,"energy":99.1,"expanded":9,"commandEnd":185}
{"label":"2-1 pickup","frames":120,"energy":98,"expanded":12,"commandEnd":197}
{"label":"2-1 deposit","frames":360,"energy":92.2,"expanded":305,"commandEnd":236}
{"label":"2-1 gate","frames":90,"energy":91.3,"expanded":9,"commandEnd":248}
{"label":"2 ride lift","frames":210,"energy":86.9,"expanded":532,"commandEnd":269}
{"label":"2 upper balcony","frames":40,"energy":86,"expanded":4,"commandEnd":273}
{"label":"2 descending crumble","frames":70,"energy":85.3,"expanded":56,"commandEnd":280}
{"label":"2 bank","frames":60,"energy":84.8,"expanded":38,"commandEnd":286}
{"label":"2 traversal end","frames":20,"energy":99.9,"expanded":2,"commandEnd":288}
{"label":"2-2 rune 1","frames":180,"energy":97.7,"expanded":166,"commandEnd":306}
{"label":"2-2 rune 2","frames":200,"energy":93.4,"expanded":182,"commandEnd":329}
{"label":"2-2 rune 3","frames":50,"energy":92.8,"expanded":5,"commandEnd":337}
{"label":"2-2 gate","frames":60,"energy":92.2,"expanded":6,"commandEnd":346}
{"label":"2 end","frames":50,"energy":100,"expanded":5,"commandEnd":351}
{"label":"3 entrance","frames":100,"energy":99,"expanded":10,"commandEnd":361}
{"label":"3-1 rune 1","frames":120,"energy":99.4,"expanded":12,"commandEnd":373}
{"label":"3-1 rune 2","frames":190,"energy":95.2,"expanded":190,"commandEnd":395}
{"label":"3-1 rune 3","frames":50,"energy":94.6,"expanded":5,"commandEnd":403}
{"label":"3-1 gate","frames":70,"energy":93.9,"expanded":7,"commandEnd":413}
{"label":"3 moving bridge","frames":160,"energy":91.2,"expanded":29,"commandEnd":429}
{"label":"3 crumble bridge","frames":50,"energy":90.2,"expanded":5,"commandEnd":434}
{"label":"3 bank","frames":90,"energy":88.8,"expanded":16,"commandEnd":443}
{"label":"3 traversal end","frames":30,"energy":99.9,"expanded":3,"commandEnd":446}
{"label":"3-2 pickup","frames":700,"energy":83.5,"expanded":335,"commandEnd":516}
{"label":"3-2 deposit","frames":260,"energy":78.6,"expanded":102,"commandEnd":545}
{"label":"3-2 gate","frames":290,"energy":75.3,"expanded":166,"commandEnd":577}
{"label":"3 end","frames":50,"energy":99.9,"expanded":5,"commandEnd":582}
{"label":"4 entrance","frames":100,"energy":99,"expanded":10,"commandEnd":592}
{"label":"4-1 rune 3","frames":340,"energy":95.3,"expanded":354,"commandEnd":626}
{"label":"4-1 rune 1","frames":210,"energy":92.7,"expanded":343,"commandEnd":650}
{"label":"4-1 rune 4","frames":120,"energy":89.7,"expanded":237,"commandEnd":665}
{"label":"4-1 rune 2","frames":70,"energy":88.4,"expanded":14,"commandEnd":675}
{"label":"4-1 gate","frames":190,"energy":86.5,"expanded":19,"commandEnd":697}
{"label":"4 ride lift","frames":240,"energy":81.3,"expanded":1821,"commandEnd":721}
{"label":"4 upper balcony","frames":40,"energy":80.4,"expanded":4,"commandEnd":725}
{"label":"4 descending crumble","frames":80,"energy":79.6,"expanded":48,"commandEnd":733}
{"label":"4 bank","frames":50,"energy":79.2,"expanded":21,"commandEnd":738}
{"label":"4 traversal end","frames":20,"energy":99.9,"expanded":2,"commandEnd":740}
{"label":"4-2 rune 1","frames":350,"energy":96.1,"expanded":305,"commandEnd":775}
{"label":"4-2 rune 2","frames":200,"energy":91.8,"expanded":192,"commandEnd":798}
{"label":"4-2 rune 3","frames":50,"energy":91.3,"expanded":5,"commandEnd":806}
{"label":"4-2 gate","frames":60,"energy":90.6,"expanded":6,"commandEnd":815}
{"label":"4 end","frames":50,"energy":100,"expanded":5,"commandEnd":820}
{"label":"5 entrance","frames":100,"energy":99.1,"expanded":10,"commandEnd":830}
{"label":"5-1 rune 1","frames":120,"energy":99.4,"expanded":12,"commandEnd":842}
{"label":"5-1 rune 2","frames":190,"energy":95.2,"expanded":216,"commandEnd":864}
{"label":"5-1 rune 3","frames":50,"energy":94.7,"expanded":5,"commandEnd":872}
{"label":"5-1 gate","frames":70,"energy":93.9,"expanded":7,"commandEnd":882}
{"label":"5 moving bridge","frames":390,"energy":88,"expanded":7120,"commandEnd":921}
{"label":"5 crumble bridge","frames":70,"energy":86.7,"expanded":10,"commandEnd":928}
{"label":"5 bank","frames":70,"energy":85.5,"expanded":10,"commandEnd":935}
{"label":"5 traversal end","frames":20,"energy":99.9,"expanded":2,"commandEnd":937}
{"label":"5-2 rune 1","frames":1050,"energy":90.3,"expanded":129,"commandEnd":1042}
{"label":"5-2 rune 2","frames":200,"energy":86,"expanded":186,"commandEnd":1065}
{"label":"5-2 rune 3","frames":50,"energy":85.4,"expanded":5,"commandEnd":1073}
{"label":"5-2 gate","frames":70,"energy":84.7,"expanded":7,"commandEnd":1083}
{"label":"goal","frames":30,"energy":84.5,"expanded":3,"commandEnd":1086}
PASS N6 171.56666666666666s
