REPLAY 1 entrance
REPLAY 1-1 rune 1
REPLAY 1-1 rune 2
REPLAY 1-1 gate
REPLAY 1 moving bridge
REPLAY 1 crumble bridge
REPLAY 1 bank
REPLAY 1 traversal end
REPLAY 1-2 rune 2
REPLAY 1-2 rune 1
REPLAY 1-2 rune 3
REPLAY 1-2 gate
REPLAY 1 end
REPLAY 2 entrance
REPLAY 2-1 pickup
REPLAY 2-1 deposit
REPLAY 2-1 gate
REPLAY 2 ride lift
REPLAY 2 upper balcony
REPLAY 2 descending crumble
REPLAY 2 bank
REPLAY 2 traversal end
REPLAY maintenance lift
REPLAY gallery key 2
REPLAY maintenance gate 2
REPLAY 2-2 rune 1
REPLAY 2-2 rune 2
REPLAY 2-2 rune 3
REPLAY 2-2 gate
REPLAY 2 end
REPLAY 3 entrance
REPLAY 3-1 rune 1
REPLAY 3-1 rune 2
REPLAY 3-1 rune 3
REPLAY 3-1 gate
REPLAY 3 moving bridge
REPLAY 3 crumble bridge
REPLAY 3 bank
REPLAY 3 traversal end
REPLAY 3-2 pickup
REPLAY 3-2 deposit
REPLAY 3-2 gate
REPLAY 3 end
REPLAY 4 entrance
REPLAY 4-1 rune 3
REPLAY 4-1 rune 1
REPLAY 4-1 rune 4
REPLAY 4-1 rune 2
REPLAY 4-1 gate
REPLAY 4 ride lift
REPLAY 4 upper balcony
REPLAY 4 descending crumble
REPLAY 4 bank
REPLAY 4 traversal end
Changed state, replanning pendulum gallery ascent
{"label":"pendulum gallery ascent","frames":200,"energy":95.1,"expanded":70,"commandEnd":777}
{"label":"gallery key 4","frames":40,"energy":94.1,"expanded":4,"commandEnd":781}
{"label":"pendulum fragile crossing","frames":110,"energy":92.5,"expanded":77,"commandEnd":792}
{"label":"maintenance gate 4","frames":340,"energy":89.4,"expanded":42,"commandEnd":826}
{"label":"4-2 rune 1","frames":40,"energy":89,"expanded":4,"commandEnd":830}
{"label":"4-2 rune 2","frames":190,"energy":84.8,"expanded":181,"commandEnd":852}
{"label":"4-2 rune 3","frames":50,"energy":84.3,"expanded":5,"commandEnd":860}
{"label":"4-2 gate","frames":70,"energy":83.5,"expanded":7,"commandEnd":870}
{"label":"4 end","frames":50,"energy":99.9,"expanded":5,"commandEnd":875}
{"label":"5 entrance","frames":90,"energy":99.1,"expanded":9,"commandEnd":884}
{"label":"5-1 rune 1","frames":120,"energy":99.5,"expanded":12,"commandEnd":896}
{"label":"5-1 rune 2","frames":210,"energy":95.1,"expanded":158,"commandEnd":920}
{"label":"5-1 rune 3","frames":50,"energy":94.5,"expanded":5,"commandEnd":928}
{"label":"5-1 gate","frames":60,"energy":93.9,"expanded":6,"commandEnd":937}
{"label":"5 moving bridge","frames":360,"energy":88.8,"expanded":3703,"commandEnd":973}
{"label":"5 crumble bridge","frames":90,"energy":87.3,"expanded":10,"commandEnd":982}
{"label":"5 bank","frames":70,"energy":86.1,"expanded":11,"commandEnd":989}
{"label":"5 traversal end","frames":20,"energy":99.9,"expanded":2,"commandEnd":991}
{"label":"5-2 rune 1","frames":510,"energy":95.3,"expanded":52,"commandEnd":1042}
{"label":"5-2 rune 2","frames":200,"energy":90.9,"expanded":155,"commandEnd":1065}
{"label":"5-2 rune 3","frames":50,"energy":90.4,"expanded":5,"commandEnd":1073}
{"label":"5-2 gate","frames":70,"energy":89.7,"expanded":7,"commandEnd":1083}
{"label":"goal","frames":30,"energy":89.4,"expanded":3,"commandEnd":1086}
PASS N6 171.56666666666666s
