REPLAY 1 entrance
REPLAY 1-1 approach seal 1
REPLAY 1-1 bait 1
REPLAY 1-1 gate
REPLAY 1 canal 1
REPLAY 1 canal 2
REPLAY 1 bank
REPLAY 1 traversal end
REPLAY 1-2 rune 2
REPLAY 1-2 rune 1
REPLAY 1-2 rune 3
REPLAY 1-2 gate
REPLAY 1 end
REPLAY 2 entrance
REPLAY 2-1 pickup
{"label":"2 entrance","frames":10,"energy":99.9,"expanded":1,"commandEnd":201}
{"label":"2-1 pickup","frames":100,"energy":99,"expanded":10,"commandEnd":211}
{"label":"2-1 deposit","frames":300,"energy":93.7,"expanded":328,"commandEnd":244}
{"label":"2-1 gate","frames":90,"energy":92.8,"expanded":9,"commandEnd":256}
{"label":"2 traversal end","frames":280,"energy":99.7,"expanded":976,"commandEnd":284}
{"label":"2-2 approach seal 1","frames":310,"energy":77.7,"expanded":466,"commandEnd":315}
{"label":"2-2 bait 1","frames":320,"energy":74.7,"expanded":412,"commandEnd":347}
{"label":"2-2 approach seal 2","frames":130,"energy":72.9,"expanded":25,"commandEnd":360}
{"label":"2-2 bait 2","frames":220,"energy":70.9,"expanded":244,"commandEnd":382}
{"label":"2-2 gate","frames":60,"energy":70.4,"expanded":6,"commandEnd":388}
{"label":"2 end","frames":50,"energy":99.9,"expanded":5,"commandEnd":393}
{"label":"3 entrance","frames":90,"energy":99.1,"expanded":9,"commandEnd":402}
{"label":"3-1 approach seal 1","frames":190,"energy":98.2,"expanded":106,"commandEnd":421}
{"label":"3-1 bait 1","frames":350,"energy":95,"expanded":509,"commandEnd":456}
{"label":"3-1 approach seal 2","frames":140,"energy":93.1,"expanded":25,"commandEnd":470}
{"label":"3-1 bait 2","frames":210,"energy":91.2,"expanded":244,"commandEnd":491}
{"label":"3-1 gate","frames":60,"energy":90.7,"expanded":6,"commandEnd":497}
{"label":"3 canal 1","frames":90,"energy":88.6,"expanded":15,"commandEnd":506}
{"label":"3 canal 2","frames":70,"energy":87.4,"expanded":7,"commandEnd":513}
{"label":"3 bank","frames":90,"energy":86,"expanded":16,"commandEnd":522}
{"label":"3 traversal end","frames":60,"energy":99.7,"expanded":26,"commandEnd":528}
{"label":"3-2 pickup","frames":500,"energy":93.9,"expanded":228,"commandEnd":578}
{"label":"3-2 deposit","frames":260,"energy":89.1,"expanded":102,"commandEnd":607}
{"label":"3-2 gate","frames":290,"energy":86.3,"expanded":29,"commandEnd":639}
{"label":"3 end","frames":60,"energy":99.9,"expanded":8,"commandEnd":645}
{"label":"4 entrance","frames":90,"energy":99.1,"expanded":9,"commandEnd":654}
{"label":"4-1 rune 3","frames":340,"energy":95.3,"expanded":498,"commandEnd":688}
{"label":"4-1 rune 1","frames":210,"energy":92.7,"expanded":424,"commandEnd":712}
{"label":"4-1 rune 4","frames":120,"energy":89.7,"expanded":237,"commandEnd":727}
{"label":"4-1 rune 2","frames":70,"energy":88.4,"expanded":15,"commandEnd":737}
{"label":"4-1 gate","frames":190,"energy":86.6,"expanded":19,"commandEnd":759}
{"label":"4 traversal end","frames":280,"energy":99.7,"expanded":956,"commandEnd":787}
{"label":"4-2 approach seal 1","frames":470,"energy":76.2,"expanded":277,"commandEnd":834}
{"label":"4-2 bait 1","frames":340,"energy":72.5,"expanded":1218,"commandEnd":868}
{"label":"4-2 approach seal 2","frames":130,"energy":70.7,"expanded":17,"commandEnd":881}
{"label":"4-2 bait 2","frames":220,"energy":68.7,"expanded":261,"commandEnd":903}
{"label":"4-2 gate","frames":70,"energy":68,"expanded":7,"commandEnd":910}
{"label":"4 end","frames":50,"energy":99.9,"expanded":5,"commandEnd":915}
{"label":"5 entrance","frames":90,"energy":99.1,"expanded":9,"commandEnd":924}
{"label":"5-1 approach seal 1","frames":200,"energy":98.1,"expanded":140,"commandEnd":944}
{"label":"5-1 bait 1","frames":340,"energy":95,"expanded":539,"commandEnd":978}
{"label":"5-1 approach seal 2","frames":140,"energy":93.1,"expanded":24,"commandEnd":992}
{"label":"5-1 bait 2","frames":210,"energy":91.2,"expanded":244,"commandEnd":1013}
{"label":"5-1 gate","frames":70,"energy":90.6,"expanded":7,"commandEnd":1020}
{"label":"5 canal 1","frames":80,"energy":88.6,"expanded":14,"commandEnd":1028}
{"label":"5 canal 2","frames":70,"energy":87.4,"expanded":7,"commandEnd":1035}
{"label":"5 bank","frames":90,"energy":86,"expanded":16,"commandEnd":1044}
{"label":"5 traversal end","frames":50,"energy":99.8,"expanded":5,"commandEnd":1049}
{"label":"5-2 pickup","frames":690,"energy":91.6,"expanded":334,"commandEnd":1118}
{"label":"5-2 deposit","frames":260,"energy":86.8,"expanded":102,"commandEnd":1147}
{"label":"5-2 gate","frames":290,"energy":84,"expanded":29,"commandEnd":1179}
{"label":"goal","frames":30,"energy":83.8,"expanded":3,"commandEnd":1182}
PASS N5 371.5833333333333s
