REPLAY 1 entrance
REPLAY 1-1 rune 1
{"label":"1 entrance","frames":10,"energy":99.9,"expanded":1,"commandEnd":16}
{"label":"1-1 rune 1","frames":100,"energy":99.5,"expanded":10,"commandEnd":26}
{"label":"1-1 rune 2","frames":200,"energy":95.1,"expanded":153,"commandEnd":49}
{"label":"1-1 gate","frames":110,"energy":94,"expanded":11,"commandEnd":63}
{"label":"1 moving bridge","frames":240,"energy":90.6,"expanded":332,"commandEnd":87}
{"label":"1 crumble bridge","frames":60,"energy":89.5,"expanded":6,"commandEnd":93}
{"label":"1 bank","frames":90,"energy":88.1,"expanded":16,"commandEnd":102}
{"label":"1 traversal end","frames":30,"energy":99.9,"expanded":3,"commandEnd":105}
{"label":"1-2 rune 2","frames":260,"energy":95.2,"expanded":162,"commandEnd":131}
{"label":"1-2 rune 1","frames":120,"energy":93.4,"expanded":1226,"commandEnd":146}
{"label":"1-2 rune 3","frames":210,"energy":90.7,"expanded":503,"commandEnd":170}
{"label":"1-2 gate","frames":80,"energy":89.9,"expanded":8,"commandEnd":181}
{"label":"1 end","frames":50,"energy":99.9,"expanded":5,"commandEnd":186}
{"label":"2 entrance","frames":90,"energy":99.1,"expanded":9,"commandEnd":195}
{"label":"2-1 pickup","frames":120,"energy":98,"expanded":12,"commandEnd":207}
{"label":"2-1 deposit","frames":360,"energy":92.2,"expanded":343,"commandEnd":246}
{"label":"2-1 gate","frames":90,"energy":91.3,"expanded":9,"commandEnd":258}
{"label":"2 ride lift","frames":210,"energy":86.9,"expanded":496,"commandEnd":279}
{"label":"2 upper balcony","frames":40,"energy":86,"expanded":4,"commandEnd":283}
{"label":"2 descending crumble","frames":80,"energy":65.2,"expanded":267,"commandEnd":291}
{"label":"2 bank","frames":60,"energy":64.7,"expanded":30,"commandEnd":297}
{"label":"2 traversal end","frames":20,"energy":99.5,"expanded":2,"commandEnd":299}
{"label":"2-2 rune 1","frames":180,"energy":97.9,"expanded":18,"commandEnd":317}
{"label":"2-2 rune 2","frames":190,"energy":93.6,"expanded":148,"commandEnd":339}
{"label":"2-2 rune 3","frames":50,"energy":93.1,"expanded":5,"commandEnd":347}
{"label":"2-2 gate","frames":100,"energy":72.1,"expanded":151,"commandEnd":360}
{"label":"2 end","frames":50,"energy":99.9,"expanded":5,"commandEnd":365}
{"label":"3 entrance","frames":100,"energy":99,"expanded":10,"commandEnd":375}
{"label":"3-1 rune 1","frames":110,"energy":99.5,"expanded":11,"commandEnd":386}
{"label":"3-1 rune 2","frames":200,"energy":95.2,"expanded":149,"commandEnd":409}
{"label":"3-1 rune 3","frames":50,"energy":94.6,"expanded":5,"commandEnd":417}
{"label":"3-1 gate","frames":60,"energy":94,"expanded":6,"commandEnd":426}
{"label":"3 moving bridge","frames":120,"energy":91.7,"expanded":18,"commandEnd":438}
{"label":"3 crumble bridge","frames":50,"energy":90.6,"expanded":6,"commandEnd":443}
{"label":"3 bank","frames":80,"energy":89.3,"expanded":12,"commandEnd":451}
{"label":"3 traversal end","frames":20,"energy":99.9,"expanded":2,"commandEnd":453}
{"label":"3-2 pickup","frames":550,"energy":64.9,"expanded":218,"commandEnd":508}
{"label":"3-2 deposit","frames":260,"energy":60,"expanded":100,"commandEnd":537}
{"label":"3-2 gate","frames":290,"energy":57.3,"expanded":29,"commandEnd":569}
{"label":"3 end","frames":50,"energy":91.8,"expanded":5,"commandEnd":574}
{"label":"4 entrance","frames":100,"energy":90.9,"expanded":10,"commandEnd":584}
{"label":"4-1 rune 3","frames":340,"energy":96.6,"expanded":510,"commandEnd":618}
{"label":"4-1 rune 1","frames":210,"energy":94,"expanded":470,"commandEnd":642}
{"label":"4-1 rune 4","frames":120,"energy":91,"expanded":237,"commandEnd":657}
{"label":"4-1 rune 2","frames":60,"energy":89.8,"expanded":12,"commandEnd":666}
{"label":"4-1 gate","frames":200,"energy":87.9,"expanded":20,"commandEnd":689}
{"label":"4 ride lift","frames":100,"energy":85.8,"expanded":163,"commandEnd":699}
{"label":"4 upper balcony","frames":40,"energy":84.8,"expanded":4,"commandEnd":703}
{"label":"4 descending crumble","frames":70,"energy":84.1,"expanded":127,"commandEnd":710}
{"label":"4 bank","frames":60,"energy":83.6,"expanded":38,"commandEnd":716}
{"label":"4 traversal end","frames":20,"energy":99.9,"expanded":2,"commandEnd":718}
{"label":"4-2 rune 1","frames":880,"energy":91.9,"expanded":147,"commandEnd":806}
{"label":"4-2 rune 2","frames":200,"energy":87.5,"expanded":178,"commandEnd":829}
{"label":"4-2 rune 3","frames":50,"energy":87,"expanded":5,"commandEnd":837}
{"label":"4-2 gate","frames":60,"energy":86.4,"expanded":6,"commandEnd":846}
{"label":"4 end","frames":50,"energy":100,"expanded":5,"commandEnd":851}
{"label":"5 entrance","frames":100,"energy":99,"expanded":10,"commandEnd":861}
{"label":"5-1 rune 1","frames":120,"energy":99.4,"expanded":12,"commandEnd":873}
{"label":"5-1 rune 2","frames":220,"energy":94.9,"expanded":175,"commandEnd":898}
{"label":"5-1 rune 3","frames":50,"energy":94.4,"expanded":5,"commandEnd":906}
{"label":"5-1 gate","frames":60,"energy":93.7,"expanded":6,"commandEnd":915}
{"label":"5 moving bridge","frames":150,"energy":91.2,"expanded":21,"commandEnd":930}
{"label":"5 crumble bridge","frames":60,"energy":90,"expanded":8,"commandEnd":936}
{"label":"5 bank","frames":100,"energy":88.5,"expanded":18,"commandEnd":946}
{"label":"5 traversal end","frames":20,"energy":100,"expanded":2,"commandEnd":948}
{"label":"5-2 rune 1","frames":510,"energy":75.3,"expanded":142,"commandEnd":999}
{"label":"5-2 rune 2","frames":200,"energy":71,"expanded":155,"commandEnd":1022}
{"label":"5-2 rune 3","frames":50,"energy":70.4,"expanded":5,"commandEnd":1030}
{"label":"5-2 gate","frames":70,"energy":69.7,"expanded":7,"commandEnd":1040}
{"label":"goal","frames":30,"energy":69.4,"expanded":3,"commandEnd":1043}
PASS N6 346.1333333333333s
