{"label":"1 entrance","frames":10,"energy":99.9,"expanded":1,"commandEnd":1}
{"label":"1-1 approach seal 1","frames":250,"energy":98.4,"expanded":88,"commandEnd":26}
{"label":"1-1 bait 1","frames":160,"energy":96.9,"expanded":120,"commandEnd":42}
{"label":"1-1 gate","frames":210,"energy":94.4,"expanded":463,"commandEnd":63}
{"label":"1 canal 1","frames":90,"energy":92.4,"expanded":15,"commandEnd":72}
{"label":"1 canal 2","frames":100,"energy":90.9,"expanded":25,"commandEnd":82}
{"label":"1 bank","frames":70,"energy":89.6,"expanded":11,"commandEnd":89}
{"label":"1 traversal end","frames":60,"energy":99.7,"expanded":6,"commandEnd":95}
{"label":"1-2 rune 2","frames":260,"energy":94.9,"expanded":193,"commandEnd":121}
{"label":"1-2 rune 1","frames":120,"energy":93.1,"expanded":1142,"commandEnd":136}
{"label":"1-2 rune 3","frames":210,"energy":90.5,"expanded":478,"commandEnd":160}
{"label":"1-2 gate","frames":80,"energy":89.7,"expanded":8,"commandEnd":171}
{"label":"1 end","frames":50,"energy":99.9,"expanded":5,"commandEnd":176}
{"label":"2 entrance","frames":90,"energy":99.1,"expanded":9,"commandEnd":185}
{"label":"2-1 pickup","frames":120,"energy":98,"expanded":12,"commandEnd":197}
{"label":"2-1 deposit","frames":360,"energy":92.2,"expanded":314,"commandEnd":236}
{"label":"2-1 gate","frames":90,"energy":91.3,"expanded":9,"commandEnd":248}
{"label":"2 traversal end","frames":280,"energy":99.7,"expanded":941,"commandEnd":276}
{"label":"2-2 approach seal 1","frames":290,"energy":78.4,"expanded":88,"commandEnd":305}
{"label":"2-2 bait 1","frames":340,"energy":74.7,"expanded":3832,"commandEnd":339}
{"label":"2-2 approach seal 2","frames":130,"energy":72.9,"expanded":27,"commandEnd":352}
{"label":"2-2 bait 2","frames":220,"energy":70.9,"expanded":281,"commandEnd":374}
{"label":"2-2 gate","frames":60,"energy":70.4,"expanded":6,"commandEnd":380}
{"label":"2 end","frames":50,"energy":100,"expanded":5,"commandEnd":385}
{"label":"3 entrance","frames":100,"energy":99,"expanded":10,"commandEnd":395}
{"label":"3-1 approach seal 1","frames":190,"energy":98.2,"expanded":121,"commandEnd":414}
{"label":"3-1 bait 1","frames":350,"energy":95,"expanded":518,"commandEnd":449}
{"label":"3-1 approach seal 2","frames":140,"energy":93.1,"expanded":18,"commandEnd":463}
{"label":"3-1 bait 2","frames":210,"energy":91.2,"expanded":192,"commandEnd":484}
{"label":"3-1 gate","frames":60,"energy":90.6,"expanded":6,"commandEnd":490}
{"label":"3 canal 1","frames":90,"energy":88.6,"expanded":15,"commandEnd":499}
{"label":"3 canal 2","frames":100,"energy":87.1,"expanded":20,"commandEnd":509}
{"label":"3 bank","frames":90,"energy":85.7,"expanded":16,"commandEnd":518}
{"label":"3 traversal end","frames":50,"energy":99.8,"expanded":5,"commandEnd":523}
{"label":"3-2 pickup","frames":530,"energy":76.3,"expanded":138,"commandEnd":576}
{"label":"3-2 deposit","frames":270,"energy":71.3,"expanded":104,"commandEnd":606}
{"label":"3-2 gate","frames":280,"energy":68.1,"expanded":180,"commandEnd":637}
{"label":"3 end","frames":50,"energy":100,"expanded":5,"commandEnd":642}
{"label":"4 entrance","frames":100,"energy":99,"expanded":10,"commandEnd":652}
{"label":"4-1 rune 3","frames":340,"energy":95.3,"expanded":505,"commandEnd":686}
{"label":"4-1 rune 1","frames":210,"energy":92.7,"expanded":471,"commandEnd":710}
{"label":"4-1 rune 4","frames":120,"energy":89.7,"expanded":237,"commandEnd":725}
{"label":"4-1 rune 2","frames":70,"energy":88.4,"expanded":15,"commandEnd":735}
{"label":"4-1 gate","frames":190,"energy":86.5,"expanded":19,"commandEnd":757}
{"label":"4 traversal end","frames":280,"energy":99.7,"expanded":962,"commandEnd":785}
{"label":"4-2 approach seal 1","frames":460,"energy":76.3,"expanded":248,"commandEnd":831}
{"label":"4-2 bait 1","frames":350,"energy":73.1,"expanded":482,"commandEnd":866}
{"label":"4-2 approach seal 2","frames":130,"energy":71.3,"expanded":16,"commandEnd":879}
{"label":"4-2 bait 2","frames":220,"energy":69.3,"expanded":222,"commandEnd":901}
{"label":"4-2 gate","frames":60,"energy":68.7,"expanded":6,"commandEnd":907}
{"label":"4 end","frames":50,"energy":100,"expanded":5,"commandEnd":912}
{"label":"5 entrance","frames":100,"energy":99,"expanded":10,"commandEnd":922}
{"label":"5-1 approach seal 1","frames":190,"energy":98.2,"expanded":149,"commandEnd":941}
{"label":"5-1 bait 1","frames":350,"energy":95,"expanded":452,"commandEnd":976}
{"label":"5-1 approach seal 2","frames":130,"energy":93.2,"expanded":19,"commandEnd":989}
{"label":"5-1 bait 2","frames":220,"energy":91.2,"expanded":218,"commandEnd":1011}
{"label":"5-1 gate","frames":60,"energy":90.6,"expanded":6,"commandEnd":1017}
{"label":"5 canal 1","frames":90,"energy":88.6,"expanded":15,"commandEnd":1026}
{"label":"5 canal 2","frames":100,"energy":87.1,"expanded":20,"commandEnd":1036}
{"label":"5 bank","frames":90,"energy":85.7,"expanded":16,"commandEnd":1045}
{"label":"5 traversal end","frames":50,"energy":99.8,"expanded":5,"commandEnd":1050}
{"label":"5-2 pickup","frames":720,"energy":92,"expanded":303,"commandEnd":1122}
{"label":"5-2 deposit","frames":260,"energy":87.1,"expanded":100,"commandEnd":1151}
{"label":"5-2 gate","frames":280,"energy":84.4,"expanded":28,"commandEnd":1182}
{"label":"goal","frames":40,"energy":84.1,"expanded":4,"commandEnd":1186}
PASS N5 193.2s
