REPLAY 1 entrance
REPLAY 1-1 approach seal 1
REPLAY 1-1 bait 1
REPLAY 1-1 gate
REPLAY 1 canal 1
REPLAY 1 canal 2
REPLAY 1 bank
REPLAY 1 traversal end
REPLAY 1-2 rune 2
{"label":"1 entrance","frames":10,"energy":99.9,"expanded":1,"commandEnd":125}
{"label":"1-1 gate","frames":400,"energy":96.1,"expanded":469,"commandEnd":165}
{"label":"1 canal 1","frames":90,"energy":94.1,"expanded":15,"commandEnd":174}
{"label":"1 canal 2","frames":60,"energy":92.9,"expanded":14,"commandEnd":180}
{"label":"1 bank","frames":90,"energy":91.5,"expanded":17,"commandEnd":189}
{"label":"1 traversal end","frames":50,"energy":91.1,"expanded":5,"commandEnd":194}
{"label":"1-2 rune 2","frames":220,"energy":86.6,"expanded":170,"commandEnd":216}
{"label":"1-2 rune 1","frames":110,"energy":84.9,"expanded":1107,"commandEnd":230}
{"label":"1-2 rune 3","frames":210,"energy":82.3,"expanded":474,"commandEnd":254}
{"label":"1-2 gate","frames":80,"energy":81.5,"expanded":8,"commandEnd":265}
{"label":"1 end","frames":50,"energy":99.9,"expanded":5,"commandEnd":270}
{"label":"2 entrance","frames":90,"energy":99.1,"expanded":9,"commandEnd":279}
{"label":"2-1 pickup","frames":120,"energy":98,"expanded":12,"commandEnd":291}
{"label":"2-1 deposit","frames":360,"energy":92.2,"expanded":331,"commandEnd":330}
{"label":"2-1 gate","frames":90,"energy":91.3,"expanded":9,"commandEnd":342}
{"label":"2 traversal end","frames":280,"energy":99.7,"expanded":584,"commandEnd":370}
{"label":"2-2 approach seal 1","frames":360,"energy":38.4,"expanded":193,"commandEnd":406}
{"label":"2-2 bait 1","frames":320,"energy":35.5,"expanded":412,"commandEnd":438}
{"label":"2-2 approach seal 2","frames":130,"energy":33.7,"expanded":394,"commandEnd":451}
{"label":"2-2 bait 2","frames":220,"energy":31.7,"expanded":252,"commandEnd":473}
{"label":"2-2 gate","frames":70,"energy":31,"expanded":7,"commandEnd":480}
{"label":"2 end","frames":40,"energy":65.7,"expanded":4,"commandEnd":484}
{"label":"3 entrance","frames":100,"energy":64.7,"expanded":10,"commandEnd":494}
{"label":"3 recharge","frames":50,"energy":66.1,"expanded":5,"commandEnd":499}
{"label":"3-1 approach seal 1","frames":160,"energy":76.8,"expanded":16,"commandEnd":516}
{"label":"3-1 bait 1","frames":190,"energy":75,"expanded":148,"commandEnd":535}
{"label":"3-1 approach seal 2","frames":130,"energy":73.2,"expanded":615,"commandEnd":548}
{"label":"3-1 bait 2","frames":220,"energy":71.2,"expanded":171,"commandEnd":570}
{"label":"3-1 gate","frames":60,"energy":70.7,"expanded":6,"commandEnd":576}
{"label":"3 canal 1","frames":90,"energy":68.6,"expanded":15,"commandEnd":585}
{"label":"3 canal 2","frames":60,"energy":67.5,"expanded":10,"commandEnd":591}
{"label":"3 bank","frames":90,"energy":66.1,"expanded":17,"commandEnd":600}
{"label":"3 traversal end","frames":60,"energy":99.7,"expanded":6,"commandEnd":606}
{"label":"3-2 pickup","frames":580,"energy":46.4,"expanded":245,"commandEnd":664}
{"label":"3-2 deposit","frames":260,"energy":41.5,"expanded":100,"commandEnd":693}
{"label":"3-2 gate","frames":290,"energy":38.8,"expanded":29,"commandEnd":725}
{"label":"3 end","frames":50,"energy":73.3,"expanded":5,"commandEnd":730}
{"label":"4 entrance","frames":100,"energy":72.4,"expanded":10,"commandEnd":740}
{"label":"4-1 rune 3","frames":340,"energy":96.7,"expanded":526,"commandEnd":774}
{"label":"4-1 rune 1","frames":210,"energy":94.1,"expanded":462,"commandEnd":798}
{"label":"4-1 rune 4","frames":120,"energy":91.1,"expanded":237,"commandEnd":813}
{"label":"4-1 rune 2","frames":60,"energy":89.8,"expanded":12,"commandEnd":822}
{"label":"4-1 gate","frames":200,"energy":87.9,"expanded":20,"commandEnd":845}
{"label":"4 traversal end","frames":280,"energy":99.7,"expanded":977,"commandEnd":873}
{"label":"4-2 approach seal 1","frames":500,"energy":57.1,"expanded":91,"commandEnd":923}
{"label":"4-2 bait 1","frames":310,"energy":54.3,"expanded":373,"commandEnd":954}
{"label":"4-2 approach seal 2","frames":130,"energy":52.5,"expanded":304,"commandEnd":967}
{"label":"4-2 bait 2","frames":220,"energy":50.5,"expanded":244,"commandEnd":989}
{"label":"4-2 gate","frames":70,"energy":49.8,"expanded":7,"commandEnd":996}
{"label":"4 end","frames":40,"energy":84.5,"expanded":4,"commandEnd":1000}
{"label":"5 entrance","frames":100,"energy":83.5,"expanded":10,"commandEnd":1010}
{"label":"5 recharge","frames":60,"energy":87.3,"expanded":6,"commandEnd":1016}
{"label":"5-1 approach seal 1","frames":170,"energy":80.7,"expanded":45,"commandEnd":1034}
{"label":"5-1 bait 1","frames":260,"energy":78.3,"expanded":270,"commandEnd":1060}
{"label":"5-1 approach seal 2","frames":130,"energy":76.5,"expanded":326,"commandEnd":1073}
{"label":"5-1 bait 2","frames":220,"energy":74.5,"expanded":286,"commandEnd":1095}
{"label":"5-1 gate","frames":60,"energy":53.9,"expanded":6,"commandEnd":1101}
{"label":"5 canal 1","frames":90,"energy":51.9,"expanded":15,"commandEnd":1110}
{"label":"5 canal 2","frames":70,"energy":50.7,"expanded":7,"commandEnd":1117}
{"label":"5 bank","frames":90,"energy":49.2,"expanded":16,"commandEnd":1126}
{"label":"5 traversal end","frames":60,"energy":83.7,"expanded":6,"commandEnd":1132}
{"label":"5-2 pickup","frames":760,"energy":28.7,"expanded":252,"commandEnd":1208}
{"label":"5-2 deposit","frames":270,"energy":23.8,"expanded":102,"commandEnd":1238}
{"label":"5-2 gate","frames":280,"energy":21.1,"expanded":28,"commandEnd":1269}
{"label":"goal","frames":40,"energy":20.8,"expanded":4,"commandEnd":1273}
PASS N5 384.01666666666665s
