{"label":"1 entrance","frames":10,"energy":99.9,"expanded":1,"commandEnd":1}
{"label":"1-1 mirror A","frames":170,"energy":98.8,"expanded":17,"commandEnd":18}
{"label":"1-1 mirror B","frames":60,"energy":97,"expanded":9,"commandEnd":27}
{"label":"1-1 gate","frames":230,"energy":94.5,"expanded":23,"commandEnd":54}
{"label":"1 traversal end","frames":300,"energy":89.3,"expanded":1469,"commandEnd":84}
{"label":"1-2 rune 2","frames":260,"energy":95.2,"expanded":114,"commandEnd":110}
{"label":"1-2 rune 1","frames":120,"energy":93.5,"expanded":1044,"commandEnd":125}
{"label":"1-2 rune 3","frames":210,"energy":90.8,"expanded":394,"commandEnd":149}
{"label":"1-2 gate","frames":80,"energy":90,"expanded":8,"commandEnd":160}
{"label":"1 end","frames":50,"energy":99.9,"expanded":5,"commandEnd":165}
{"label":"2 entrance","frames":90,"energy":99.1,"expanded":9,"commandEnd":174}
{"label":"2-1 rune 2","frames":250,"energy":93.8,"expanded":336,"commandEnd":199}
{"label":"2-1 rune 1","frames":120,"energy":92,"expanded":933,"commandEnd":214}
{"label":"2-1 rune 3","frames":210,"energy":89.4,"expanded":408,"commandEnd":238}
{"label":"2-1 gate","frames":80,"energy":88.6,"expanded":8,"commandEnd":249}
{"label":"2 traversal end","frames":290,"energy":83.5,"expanded":1418,"commandEnd":278}
{"label":"2-2 mirror A","frames":250,"energy":97.1,"expanded":195,"commandEnd":303}
{"label":"2-2 mirror B","frames":60,"energy":95.3,"expanded":10,"commandEnd":312}
{"label":"2-2 mirror C","frames":170,"energy":92.4,"expanded":38,"commandEnd":332}
{"label":"2-2 gate","frames":100,"energy":91.1,"expanded":10,"commandEnd":346}
{"label":"2 end","frames":50,"energy":99.9,"expanded":5,"commandEnd":351}
{"label":"3 entrance","frames":90,"energy":99.1,"expanded":9,"commandEnd":360}
{"label":"3-1 mirror A","frames":190,"energy":98.8,"expanded":19,"commandEnd":379}
{"label":"3-1 mirror B","frames":60,"energy":97,"expanded":9,"commandEnd":388}
{"label":"3-1 mirror C","frames":170,"energy":94.1,"expanded":53,"commandEnd":408}
{"label":"3-1 gate","frames":100,"energy":92.8,"expanded":10,"commandEnd":422}
{"label":"3 traversal end","frames":270,"energy":88.5,"expanded":1496,"commandEnd":449}
{"label":"3-2 rune 1","frames":370,"energy":76.6,"expanded":43,"commandEnd":486}
{"label":"3-2 rune 1 align","frames":30,"energy":76.3,"expanded":3,"commandEnd":490}
{"label":"3-2 rune 2","frames":190,"energy":72.1,"expanded":171,"commandEnd":511}
{"label":"3-2 rune 3","frames":50,"energy":71.6,"expanded":5,"commandEnd":519}
{"label":"3-2 gate","frames":70,"energy":70.8,"expanded":7,"commandEnd":529}
{"label":"3 end","frames":40,"energy":100,"expanded":4,"commandEnd":533}
{"label":"4 entrance","frames":100,"energy":99.1,"expanded":10,"commandEnd":543}
{"label":"4-1 rune 1","frames":120,"energy":98,"expanded":12,"commandEnd":555}
{"label":"4-1 rune 2","frames":200,"energy":93.6,"expanded":149,"commandEnd":578}
{"label":"4-1 rune 3","frames":40,"energy":93.2,"expanded":4,"commandEnd":585}
{"label":"4-1 gate","frames":70,"energy":92.4,"expanded":7,"commandEnd":595}
{"label":"4 traversal end","frames":280,"energy":88.1,"expanded":1610,"commandEnd":623}
{"label":"4-2 mirror A","frames":420,"energy":96.2,"expanded":42,"commandEnd":665}
{"label":"4-2 mirror B","frames":60,"energy":94.3,"expanded":10,"commandEnd":674}
{"label":"4-2 mirror C","frames":140,"energy":91.8,"expanded":44,"commandEnd":691}
{"label":"4-2 gate","frames":90,"energy":90.5,"expanded":9,"commandEnd":704}
{"label":"4 end","frames":50,"energy":100,"expanded":5,"commandEnd":709}
{"label":"5 entrance","frames":100,"energy":99,"expanded":10,"commandEnd":719}
{"label":"5-1 mirror A","frames":180,"energy":98.9,"expanded":18,"commandEnd":737}
{"label":"5-1 mirror B","frames":60,"energy":97,"expanded":6,"commandEnd":746}
{"label":"5-1 mirror C","frames":170,"energy":94.2,"expanded":64,"commandEnd":766}
{"label":"5-1 gate","frames":80,"energy":93.1,"expanded":8,"commandEnd":778}
{"label":"5 traversal end","frames":280,"energy":88.7,"expanded":1441,"commandEnd":806}
{"label":"5-2 mirror A","frames":500,"energy":94.8,"expanded":202,"commandEnd":856}
{"label":"5-2 mirror B","frames":60,"energy":93,"expanded":6,"commandEnd":865}
{"label":"5-2 mirror C","frames":170,"energy":90.2,"expanded":56,"commandEnd":885}
{"label":"5-2 gate","frames":80,"energy":89,"expanded":8,"commandEnd":897}
{"label":"goal","frames":40,"energy":88.7,"expanded":4,"commandEnd":901}
PASS N7 142.9s
