REPLAY 1 entrance
REPLAY 1-1 approach seal 1
REPLAY 1-1 bait 1
REPLAY 1-1 gate
REPLAY 1 canal 1
REPLAY 1 canal 2
REPLAY 1 bank
REPLAY 1 traversal end
REPLAY 1-2 rune 2
REPLAY 1-2 rune 1
REPLAY 1-2 rune 3
REPLAY 1-2 gate
REPLAY 1 end
REPLAY 2 entrance
REPLAY 2-1 pickup
REPLAY 2-1 deposit
REPLAY 2-1 gate
REPLAY 2 traversal end
REPLAY 2-2 approach seal 1
REPLAY 2-2 bait 1
REPLAY 2-2 approach seal 2
REPLAY 2-2 bait 2
REPLAY 2-2 gate
REPLAY 2 end
REPLAY 3 entrance
REPLAY 3-1 approach seal 1
REPLAY 3-1 bait 1
REPLAY 3-1 approach seal 2
REPLAY 3-1 bait 2
REPLAY 3-1 gate
REPLAY 3 canal 1
REPLAY 3 canal 2
REPLAY 3 bank
REPLAY 3 traversal end
REPLAY 3-2 pickup
REPLAY 3-2 deposit
REPLAY 3-2 gate
REPLAY 3 end
REPLAY 4 entrance
REPLAY 4-1 rune 3
REPLAY 4-1 rune 1
REPLAY 4-1 rune 4
REPLAY 4-1 rune 2
REPLAY 4-1 gate
REPLAY 4 traversal end
{"label":"gallery key 4","frames":180,"energy":77.7,"expanded":143,"commandEnd":794}
{"label":"maintenance gate 4","frames":370,"energy":73.7,"expanded":370,"commandEnd":831}
{"label":"4-2 approach seal 1","frames":110,"energy":72.1,"expanded":58,"commandEnd":842}
{"label":"4-2 bait 1","frames":380,"energy":68.6,"expanded":612,"commandEnd":880}
{"label":"4-2 approach seal 2","frames":140,"energy":66.7,"expanded":15,"commandEnd":894}
{"label":"4-2 bait 2","frames":220,"energy":64.7,"expanded":230,"commandEnd":916}
{"label":"4-2 gate","frames":70,"energy":64,"expanded":7,"commandEnd":923}
{"label":"4 end","frames":50,"energy":98.6,"expanded":5,"commandEnd":928}
{"label":"5 entrance","frames":90,"energy":97.7,"expanded":9,"commandEnd":937}
{"label":"5-1 approach seal 1","frames":190,"energy":98.2,"expanded":78,"commandEnd":956}
{"label":"5-1 bait 1","frames":350,"energy":95,"expanded":509,"commandEnd":991}
{"label":"5-1 approach seal 2","frames":130,"energy":93.2,"expanded":23,"commandEnd":1004}
{"label":"5-1 bait 2","frames":220,"energy":91.2,"expanded":231,"commandEnd":1026}
{"label":"5-1 gate","frames":60,"energy":90.7,"expanded":6,"commandEnd":1032}
{"label":"5 canal 1","frames":90,"energy":88.6,"expanded":15,"commandEnd":1041}
{"label":"5 canal 2","frames":90,"energy":87.2,"expanded":12,"commandEnd":1050}
{"label":"5 bank","frames":70,"energy":86,"expanded":11,"commandEnd":1057}
{"label":"5 traversal end","frames":50,"energy":99.8,"expanded":5,"commandEnd":1062}
{"label":"5-2 pickup","frames":820,"energy":71,"expanded":212,"commandEnd":1144}
{"label":"5-2 pickup align","frames":30,"energy":70.7,"expanded":3,"commandEnd":1148}
{"label":"5-2 deposit","frames":270,"energy":65.2,"expanded":320,"commandEnd":1177}
{"label":"5-2 gate","frames":290,"energy":61.9,"expanded":137,"commandEnd":1209}
{"label":"goal","frames":40,"energy":61.6,"expanded":4,"commandEnd":1213}
PASS N5 197.68333333333334s
