REPLAY 1 entrance
REPLAY 1-1 approach seal 1
REPLAY 1-1 bait 1
REPLAY 1-1 gate
REPLAY 1 crumble 1
REPLAY 1 upper island
REPLAY 1 crumble 2
REPLAY 1 traversal end
REPLAY 1-2 rune 1
REPLAY 1-2 rune 2
REPLAY 1-2 gate
REPLAY 1 end
REPLAY 2 entrance
REPLAY 2-1 rune 2
REPLAY 2-1 rune 1
REPLAY 2-1 rune 3
REPLAY 2-1 gate
REPLAY 2 crumble 1
REPLAY 2 upper island
REPLAY 2 crumble 2
REPLAY 2 traversal end
REPLAY 2-2 pickup
REPLAY 2-2 deposit
REPLAY 2-2 gate
REPLAY 2 end
REPLAY 3 entrance
REPLAY 3-1 mirror A
REPLAY 3-1 mirror B
REPLAY 3-1 mirror C
REPLAY 3-1 gate
REPLAY 3 crumble 1
REPLAY 3 upper island
REPLAY 3 crumble 2
REPLAY 3 traversal end
REPLAY 3-2 rune 1
REPLAY 3-2 rune 2
REPLAY 3-2 rune 3
REPLAY 3-2 gate
REPLAY 3 end
REPLAY 4 entrance
REPLAY 4-1 pickup
REPLAY 4-1 deposit
REPLAY 4-1 gate
REPLAY 4 crumble 1
REPLAY 4 upper island
REPLAY 4 crumble 2
REPLAY 4 traversal end
REPLAY 4-2 approach seal 1
REPLAY 4-2 bait 1
REPLAY 4-2 approach seal 2
REPLAY 4-2 bait 2
REPLAY 4-2 gate
REPLAY 4 end
REPLAY 5 entrance
REPLAY 5-1 rune 3
REPLAY 5-1 rune 1
REPLAY 5-1 rune 4
REPLAY 5-1 rune 2
REPLAY 5-1 gate
REPLAY 5 crumble 1
REPLAY 5 upper island
REPLAY 5 crumble 2
REPLAY 5 traversal end
REPLAY 5-2 mirror A
REPLAY 5-2 mirror B
REPLAY 5-2 mirror C
REPLAY 5-2 gate
REPLAY 5 end
REPLAY boss recharge
REPLAY boss ledge 6
REPLAY boss strike 6
REPLAY boss ledge 5
REPLAY boss strike 5
{"label":"boss ledge 6","frames":160,"energy":96.1,"expanded":264,"commandEnd":1502}
{"label":"boss strike 6","frames":40,"energy":93.2,"expanded":4,"commandEnd":1716}
{"label":"boss ledge 5","frames":70,"energy":92,"expanded":15,"commandEnd":1723}
{"label":"boss strike 5","frames":50,"energy":89.9,"expanded":5,"commandEnd":1846}
{"label":"boss ledge 4","frames":30,"energy":89.6,"expanded":3,"commandEnd":1849}
{"label":"boss strike 4","frames":70,"energy":86.1,"expanded":7,"commandEnd":2034}
{"label":"boss ledge 3","frames":70,"energy":84.9,"expanded":15,"commandEnd":2041}
{"label":"boss strike 3","frames":70,"energy":81.8,"expanded":17,"commandEnd":2182}
{"label":"boss ledge 2","frames":70,"energy":80.6,"expanded":15,"commandEnd":2189}
{"label":"boss strike 2","frames":70,"energy":77.5,"expanded":12,"commandEnd":2330}
{"label":"boss ledge 1","frames":20,"energy":77.3,"expanded":2,"commandEnd":2332}
{"label":"boss strike 1","frames":70,"energy":73.8,"expanded":10,"commandEnd":2523}
{"label":"final treasure","frames":170,"energy":71,"expanded":17,"commandEnd":2541}
PASS N8 259.3666666666667s
