REPLAY 1 entrance
REPLAY 1-1 approach seal 1
REPLAY 1-1 bait 1
REPLAY 1-1 gate
REPLAY 1 canal 1
REPLAY 1 canal 2
REPLAY 1 bank
REPLAY 1 traversal end
REPLAY 1-2 rune 2
REPLAY 1-2 rune 1
REPLAY 1-2 rune 3
REPLAY 1-2 gate
REPLAY 1 end
REPLAY 2 entrance
REPLAY 2-1 pickup
REPLAY 2-1 deposit
REPLAY 2-1 gate
REPLAY 2 traversal end
REPLAY 2-2 approach seal 1
REPLAY 2-2 bait 1
REPLAY 2-2 approach seal 2
REPLAY 2-2 bait 2
REPLAY 2-2 gate
REPLAY 2 end
REPLAY 3 entrance
REPLAY 3-1 approach seal 1
REPLAY 3-1 bait 1
REPLAY 3-1 approach seal 2
REPLAY 3-1 bait 2
REPLAY 3-1 gate
REPLAY 3 canal 1
REPLAY 3 canal 2
REPLAY 3 bank
REPLAY 3 traversal end
REPLAY 3-2 pickup
REPLAY 3-2 deposit
REPLAY 3-2 gate
REPLAY 3 end
REPLAY 4 entrance
REPLAY 4-1 rune 3
REPLAY 4-1 rune 1
REPLAY 4-1 rune 4
REPLAY 4-1 rune 2
REPLAY 4-1 gate
REPLAY 4 traversal end
{"label":"gallery key 4","frames":180,"energy":77.7,"expanded":145,"commandEnd":795}
{"label":"maintenance gate 4","frames":360,"energy":73.8,"expanded":406,"commandEnd":831}
{"label":"4-2 approach seal 1","frames":110,"energy":72.1,"expanded":57,"commandEnd":842}
{"label":"4-2 bait 1","frames":380,"energy":68.7,"expanded":1749,"commandEnd":880}
{"label":"4-2 approach seal 2","frames":130,"energy":66.9,"expanded":19,"commandEnd":893}
{"label":"4-2 bait 2","frames":220,"energy":64.9,"expanded":228,"commandEnd":915}
{"label":"4-2 gate","frames":60,"energy":64.3,"expanded":6,"commandEnd":921}
{"label":"4 end","frames":50,"energy":98.8,"expanded":5,"commandEnd":926}
{"label":"5 entrance","frames":100,"energy":97.9,"expanded":10,"commandEnd":936}
{"label":"5-1 approach seal 1","frames":190,"energy":98.2,"expanded":88,"commandEnd":955}
{"label":"5-1 bait 1","frames":350,"energy":95,"expanded":622,"commandEnd":990}
{"label":"5-1 approach seal 2","frames":130,"energy":93.2,"expanded":17,"commandEnd":1003}
{"label":"5-1 bait 2","frames":220,"energy":91.2,"expanded":268,"commandEnd":1025}
{"label":"5-1 gate","frames":60,"energy":90.6,"expanded":6,"commandEnd":1031}
{"label":"5 canal 1","frames":80,"energy":88.7,"expanded":14,"commandEnd":1039}
{"label":"5 canal 2","frames":70,"energy":87.4,"expanded":10,"commandEnd":1046}
{"label":"5 bank","frames":70,"energy":86.2,"expanded":10,"commandEnd":1053}
{"label":"5 traversal end","frames":50,"energy":99.7,"expanded":5,"commandEnd":1058}
{"label":"5-2 pickup","frames":880,"energy":81.1,"expanded":256,"commandEnd":1146}
{"label":"5-2 deposit","frames":270,"energy":76.1,"expanded":103,"commandEnd":1176}
{"label":"5-2 gate","frames":300,"energy":72.7,"expanded":179,"commandEnd":1209}
{"label":"goal","frames":30,"energy":72.4,"expanded":3,"commandEnd":1212}
PASS N5 197.58333333333334s
