{"label":"1 entrance","frames":10,"energy":99.9,"expanded":1,"commandEnd":1}
{"label":"1-1 approach seal 1","frames":250,"energy":98.1,"expanded":82,"commandEnd":26}
{"label":"1-1 bait 1","frames":160,"energy":96.6,"expanded":135,"commandEnd":42}
{"label":"1-1 gate","frames":210,"energy":94.1,"expanded":415,"commandEnd":63}
{"label":"1 canal 1","frames":90,"energy":92.1,"expanded":15,"commandEnd":72}
{"label":"1 canal 2","frames":60,"energy":90.9,"expanded":18,"commandEnd":78}
{"label":"1 bank","frames":90,"energy":89.5,"expanded":17,"commandEnd":87}
{"label":"1 traversal end","frames":60,"energy":99.7,"expanded":6,"commandEnd":93}
{"label":"1-2 rune 2","frames":260,"energy":95,"expanded":114,"commandEnd":119}
{"label":"1-2 rune 1","frames":120,"energy":93.2,"expanded":1074,"commandEnd":134}
{"label":"1-2 rune 3","frames":210,"energy":90.5,"expanded":470,"commandEnd":158}
{"label":"1-2 gate","frames":80,"energy":89.7,"expanded":8,"commandEnd":169}
{"label":"1 end","frames":50,"energy":99.9,"expanded":5,"commandEnd":174}
{"label":"2 entrance","frames":90,"energy":99.1,"expanded":9,"commandEnd":183}
{"label":"2-1 pickup","frames":120,"energy":98,"expanded":12,"commandEnd":195}
{"label":"2-1 deposit","frames":360,"energy":92.2,"expanded":333,"commandEnd":234}
{"label":"2-1 gate","frames":90,"energy":91.3,"expanded":9,"commandEnd":246}
{"label":"2 traversal end","frames":280,"energy":99.7,"expanded":914,"commandEnd":274}
{"label":"2-2 approach seal 1","frames":300,"energy":78.4,"expanded":88,"commandEnd":304}
{"label":"2-2 bait 1","frames":330,"energy":74.7,"expanded":4582,"commandEnd":337}
{"label":"2-2 approach seal 2","frames":130,"energy":72.9,"expanded":23,"commandEnd":350}
{"label":"2-2 bait 2","frames":220,"energy":70.9,"expanded":212,"commandEnd":372}
{"label":"2-2 gate","frames":60,"energy":70.4,"expanded":6,"commandEnd":378}
{"label":"2 end","frames":50,"energy":99.9,"expanded":5,"commandEnd":383}
{"label":"3 entrance","frames":100,"energy":99,"expanded":10,"commandEnd":393}
{"label":"3-1 approach seal 1","frames":190,"energy":98.2,"expanded":82,"commandEnd":412}
{"label":"3-1 bait 1","frames":340,"energy":95,"expanded":516,"commandEnd":446}
{"label":"3-1 approach seal 2","frames":130,"energy":93.3,"expanded":25,"commandEnd":459}
{"label":"3-1 bait 2","frames":220,"energy":91.2,"expanded":203,"commandEnd":481}
{"label":"3-1 gate","frames":60,"energy":90.7,"expanded":6,"commandEnd":487}
{"label":"3 canal 1","frames":90,"energy":88.7,"expanded":15,"commandEnd":496}
{"label":"3 canal 2","frames":60,"energy":87.5,"expanded":16,"commandEnd":502}
{"label":"3 bank","frames":90,"energy":86.1,"expanded":17,"commandEnd":511}
{"label":"3 traversal end","frames":60,"energy":99.7,"expanded":6,"commandEnd":517}
{"label":"3-2 pickup","frames":500,"energy":94,"expanded":174,"commandEnd":567}
{"label":"3-2 deposit","frames":260,"energy":89.1,"expanded":103,"commandEnd":596}
{"label":"3-2 gate","frames":280,"energy":85.8,"expanded":157,"commandEnd":627}
{"label":"3 end","frames":50,"energy":100,"expanded":5,"commandEnd":632}
{"label":"4 entrance","frames":100,"energy":99.1,"expanded":10,"commandEnd":642}
{"label":"4-1 rune 3","frames":350,"energy":95.2,"expanded":512,"commandEnd":677}
{"label":"4-1 rune 1","frames":210,"energy":92.6,"expanded":439,"commandEnd":701}
{"label":"4-1 rune 4","frames":120,"energy":89.6,"expanded":237,"commandEnd":716}
{"label":"4-1 rune 2","frames":70,"energy":88.3,"expanded":14,"commandEnd":726}
{"label":"4-1 gate","frames":190,"energy":86.5,"expanded":19,"commandEnd":748}
{"label":"4 traversal end","frames":280,"energy":99.7,"expanded":928,"commandEnd":776}
{"label":"4-2 approach seal 1","frames":540,"energy":75.6,"expanded":246,"commandEnd":830}
{"label":"4-2 bait 1","frames":390,"energy":72,"expanded":631,"commandEnd":869}
{"label":"4-2 approach seal 2","frames":130,"energy":70.2,"expanded":22,"commandEnd":882}
{"label":"4-2 bait 2","frames":220,"energy":68.2,"expanded":212,"commandEnd":904}
{"label":"4-2 gate","frames":60,"energy":67.6,"expanded":6,"commandEnd":910}
{"label":"4 end","frames":50,"energy":99.9,"expanded":5,"commandEnd":915}
{"label":"5 entrance","frames":100,"energy":99,"expanded":10,"commandEnd":925}
{"label":"5-1 approach seal 1","frames":190,"energy":98.2,"expanded":82,"commandEnd":944}
{"label":"5-1 bait 1","frames":350,"energy":95,"expanded":512,"commandEnd":979}
{"label":"5-1 approach seal 2","frames":140,"energy":93.1,"expanded":14,"commandEnd":993}
{"label":"5-1 bait 2","frames":220,"energy":91.1,"expanded":205,"commandEnd":1015}
{"label":"5-1 gate","frames":60,"energy":90.5,"expanded":6,"commandEnd":1021}
{"label":"5 canal 1","frames":90,"energy":88.5,"expanded":15,"commandEnd":1030}
{"label":"5 canal 2","frames":70,"energy":87.2,"expanded":7,"commandEnd":1037}
{"label":"5 bank","frames":90,"energy":85.8,"expanded":16,"commandEnd":1046}
{"label":"5 traversal end","frames":60,"energy":99.8,"expanded":6,"commandEnd":1052}
{"label":"5-2 pickup","frames":700,"energy":92.1,"expanded":275,"commandEnd":1122}
{"label":"5-2 deposit","frames":260,"energy":87.3,"expanded":100,"commandEnd":1151}
{"label":"5-2 gate","frames":280,"energy":84.6,"expanded":28,"commandEnd":1182}
{"label":"goal","frames":40,"energy":84.3,"expanded":4,"commandEnd":1186}
PASS N5 193.2s
