{"label":"1 entrance","frames":10,"energy":99.9,"expanded":1,"commandEnd":1}
{"label":"1-1 approach seal 1","frames":250,"energy":98.1,"expanded":82,"commandEnd":26}
{"label":"1-1 bait 1","frames":160,"energy":96.6,"expanded":135,"commandEnd":42}
{"label":"1-1 gate","frames":210,"energy":94.1,"expanded":415,"commandEnd":63}
{"label":"1 crumble 1","frames":120,"energy":91.2,"expanded":41,"commandEnd":75}
{"label":"1 upper island","frames":40,"energy":90.2,"expanded":4,"commandEnd":79}
{"label":"1 crumble 2","frames":70,"energy":89.6,"expanded":31,"commandEnd":86}
{"label":"1 traversal end","frames":70,"energy":99.9,"expanded":7,"commandEnd":93}
{"label":"1-2 rune 1","frames":310,"energy":97.1,"expanded":34,"commandEnd":124}
{"label":"1-2 rune 2","frames":190,"energy":92.8,"expanded":164,"commandEnd":146}
{"label":"1-2 gate","frames":120,"energy":91.6,"expanded":12,"commandEnd":161}
{"label":"1 end","frames":40,"energy":100,"expanded":4,"commandEnd":165}
{"label":"2 entrance","frames":100,"energy":99.1,"expanded":10,"commandEnd":175}
{"label":"2-1 rune 2","frames":250,"energy":93.8,"expanded":324,"commandEnd":200}
{"label":"2-1 rune 1","frames":120,"energy":92,"expanded":1040,"commandEnd":215}
{"label":"2-1 rune 3","frames":210,"energy":89.4,"expanded":455,"commandEnd":239}
{"label":"2-1 gate","frames":80,"energy":88.5,"expanded":8,"commandEnd":250}
{"label":"2 crumble 1","frames":80,"energy":86.6,"expanded":14,"commandEnd":258}
{"label":"2 upper island","frames":80,"energy":84.7,"expanded":44,"commandEnd":266}
{"label":"2 crumble 2","frames":60,"energy":84.1,"expanded":22,"commandEnd":272}
{"label":"2 traversal end","frames":70,"energy":99.9,"expanded":7,"commandEnd":279}
{"label":"2-2 pickup","frames":490,"energy":94.8,"expanded":180,"commandEnd":328}
{"label":"2-2 deposit","frames":260,"energy":89.9,"expanded":102,"commandEnd":357}
{"label":"2-2 gate","frames":310,"energy":86.4,"expanded":77,"commandEnd":391}
{"label":"2 end","frames":50,"energy":99.9,"expanded":5,"commandEnd":396}
{"label":"3 entrance","frames":100,"energy":99,"expanded":10,"commandEnd":406}
{"label":"3-1 mirror A","frames":180,"energy":98.9,"expanded":18,"commandEnd":424}
{"label":"3-1 mirror B","frames":60,"energy":97,"expanded":6,"commandEnd":433}
{"label":"3-1 mirror C","frames":150,"energy":94.4,"expanded":55,"commandEnd":451}
{"label":"3-1 gate","frames":80,"energy":93.2,"expanded":8,"commandEnd":463}
{"label":"3 crumble 1","frames":90,"energy":91.2,"expanded":15,"commandEnd":472}
{"label":"3 upper island","frames":80,"energy":89.3,"expanded":44,"commandEnd":480}
{"label":"3 crumble 2","frames":50,"energy":88.8,"expanded":19,"commandEnd":485}
{"label":"3 traversal end","frames":110,"energy":99.9,"expanded":284,"commandEnd":496}
{"label":"3-2 rune 1","frames":700,"energy":93.5,"expanded":86,"commandEnd":566}
{"label":"3-2 rune 2","frames":200,"energy":89.1,"expanded":149,"commandEnd":589}
{"label":"3-2 rune 3","frames":50,"energy":88.6,"expanded":5,"commandEnd":597}
{"label":"3-2 gate","frames":60,"energy":88,"expanded":6,"commandEnd":606}
{"label":"3 end","frames":50,"energy":99.9,"expanded":5,"commandEnd":611}
{"label":"4 entrance","frames":100,"energy":99,"expanded":10,"commandEnd":621}
{"label":"4-1 pickup","frames":340,"energy":95.3,"expanded":88,"commandEnd":655}
{"label":"4-1 deposit","frames":260,"energy":90.4,"expanded":102,"commandEnd":684}
{"label":"4-1 gate","frames":290,"energy":87.1,"expanded":133,"commandEnd":716}
{"label":"4 crumble 1","frames":80,"energy":85.1,"expanded":14,"commandEnd":724}
{"label":"4 upper island","frames":80,"energy":83.2,"expanded":96,"commandEnd":732}
{"label":"4 crumble 2","frames":60,"energy":82.7,"expanded":28,"commandEnd":738}
{"label":"4 traversal end","frames":90,"energy":99.9,"expanded":482,"commandEnd":747}
{"label":"4-2 approach seal 1","frames":520,"energy":94.5,"expanded":125,"commandEnd":799}
{"label":"4-2 bait 1","frames":350,"energy":91.3,"expanded":507,"commandEnd":834}
{"label":"4-2 approach seal 2","frames":130,"energy":89.5,"expanded":21,"commandEnd":847}
{"label":"4-2 bait 2","frames":220,"energy":87.5,"expanded":203,"commandEnd":869}
{"label":"4-2 gate","frames":60,"energy":87,"expanded":6,"commandEnd":875}
{"label":"4 end","frames":50,"energy":100,"expanded":5,"commandEnd":880}
{"label":"5 entrance","frames":100,"energy":99,"expanded":10,"commandEnd":890}
{"label":"5-1 rune 3","frames":340,"energy":96.8,"expanded":477,"commandEnd":924}
{"label":"5-1 rune 1","frames":210,"energy":94.2,"expanded":435,"commandEnd":948}
{"label":"5-1 rune 4","frames":120,"energy":91.2,"expanded":237,"commandEnd":963}
{"label":"5-1 rune 2","frames":70,"energy":89.9,"expanded":14,"commandEnd":973}
{"label":"5-1 gate","frames":190,"energy":88,"expanded":19,"commandEnd":995}
{"label":"5 crumble 1","frames":80,"energy":86.1,"expanded":14,"commandEnd":1003}
{"label":"5 upper island","frames":80,"energy":84.2,"expanded":90,"commandEnd":1011}
{"label":"5 crumble 2","frames":60,"energy":83.6,"expanded":22,"commandEnd":1017}
{"label":"5 traversal end","frames":80,"energy":99.9,"expanded":445,"commandEnd":1025}
{"label":"5-2 mirror A","frames":580,"energy":94.6,"expanded":58,"commandEnd":1083}
{"label":"5-2 mirror B","frames":60,"energy":92.7,"expanded":8,"commandEnd":1092}
{"label":"5-2 mirror C","frames":140,"energy":90.2,"expanded":39,"commandEnd":1109}
{"label":"5-2 gate","frames":100,"energy":88.8,"expanded":10,"commandEnd":1123}
{"label":"5 end","frames":40,"energy":100,"expanded":4,"commandEnd":1127}
{"label":"boss recharge","frames":40,"energy":100,"expanded":4,"commandEnd":1131}
{"label":"boss ledge 6","frames":160,"energy":96.8,"expanded":283,"commandEnd":1148}
{"label":"boss strike 6","frames":40,"energy":94.1,"expanded":4,"commandEnd":1341}
{"label":"boss ledge 5","frames":70,"energy":92.8,"expanded":15,"commandEnd":1348}
{"label":"boss strike 5","frames":50,"energy":90.7,"expanded":5,"commandEnd":1471}
{"label":"boss ledge 4","frames":30,"energy":90.4,"expanded":3,"commandEnd":1474}
{"label":"boss strike 4","frames":70,"energy":87,"expanded":7,"commandEnd":1659}
{"label":"boss ledge 3","frames":70,"energy":85.7,"expanded":15,"commandEnd":1666}
{"label":"boss strike 3","frames":70,"energy":82.6,"expanded":16,"commandEnd":1807}
{"label":"boss ledge 2","frames":30,"energy":82.4,"expanded":3,"commandEnd":1810}
{"label":"boss strike 2","frames":70,"energy":78.9,"expanded":7,"commandEnd":1991}
{"label":"boss ledge 1","frames":20,"energy":78.8,"expanded":2,"commandEnd":1993}
{"label":"boss strike 1","frames":70,"energy":75.2,"expanded":10,"commandEnd":2184}
{"label":"final treasure","frames":170,"energy":72.5,"expanded":17,"commandEnd":2202}
PASS N8 215.81666666666666s
