REPLAY 1 entrance
REPLAY 1-1 mirror A
{"label":"1 entrance","frames":10,"energy":99.9,"expanded":1,"commandEnd":23}
{"label":"1-1 mirror A","frames":170,"energy":98.8,"expanded":17,"commandEnd":40}
{"label":"1-1 mirror B","frames":60,"energy":97,"expanded":9,"commandEnd":49}
{"label":"1-1 gate","frames":230,"energy":94.5,"expanded":23,"commandEnd":76}
{"label":"1 traversal end","frames":360,"energy":85,"expanded":1183,"commandEnd":112}
{"label":"1-2 rune 2","frames":220,"energy":80.5,"expanded":78,"commandEnd":134}
{"label":"1-2 rune 1","frames":120,"energy":78.8,"expanded":1170,"commandEnd":149}
{"label":"1-2 rune 3","frames":210,"energy":76.1,"expanded":428,"commandEnd":173}
{"label":"1-2 gate","frames":80,"energy":75.3,"expanded":8,"commandEnd":184}
{"label":"1 end","frames":50,"energy":99.9,"expanded":5,"commandEnd":189}
{"label":"2 entrance","frames":90,"energy":99.1,"expanded":9,"commandEnd":198}
{"label":"2-1 rune 2","frames":240,"energy":93.9,"expanded":327,"commandEnd":222}
{"label":"2-1 rune 1","frames":120,"energy":92.1,"expanded":1210,"commandEnd":237}
{"label":"2-1 rune 3","frames":210,"energy":89.5,"expanded":517,"commandEnd":261}
{"label":"2-1 gate","frames":80,"energy":88.6,"expanded":8,"commandEnd":272}
{"label":"2 traversal end","frames":330,"energy":44.4,"expanded":1097,"commandEnd":305}
{"label":"2-2 mirror A","frames":290,"energy":56.8,"expanded":135,"commandEnd":334}
{"label":"2-2 mirror B","frames":60,"energy":54.9,"expanded":6,"commandEnd":343}
{"label":"2-2 mirror C","frames":150,"energy":52.3,"expanded":49,"commandEnd":361}
{"label":"2-2 gate","frames":80,"energy":51.1,"expanded":8,"commandEnd":373}
{"label":"2 end","frames":50,"energy":85.7,"expanded":5,"commandEnd":378}
{"label":"3 entrance","frames":100,"energy":84.7,"expanded":10,"commandEnd":388}
{"label":"3 recharge","frames":50,"energy":86.4,"expanded":5,"commandEnd":393}
{"label":"3-1 mirror A","frames":130,"energy":98.9,"expanded":13,"commandEnd":407}
{"label":"3-1 mirror B","frames":60,"energy":97,"expanded":6,"commandEnd":416}
{"label":"3-1 mirror C","frames":160,"energy":94.3,"expanded":55,"commandEnd":435}
{"label":"3-1 gate","frames":90,"energy":93.1,"expanded":9,"commandEnd":448}
{"label":"3 traversal end","frames":310,"energy":69,"expanded":1104,"commandEnd":479}
{"label":"3-2 rune 1","frames":270,"energy":97.6,"expanded":27,"commandEnd":506}
{"label":"3-2 rune 2","frames":200,"energy":93.2,"expanded":146,"commandEnd":529}
{"label":"3-2 rune 3","frames":50,"energy":92.7,"expanded":5,"commandEnd":537}
{"label":"3-2 gate","frames":60,"energy":92,"expanded":6,"commandEnd":546}
{"label":"3 end","frames":50,"energy":100,"expanded":5,"commandEnd":551}
{"label":"4 entrance","frames":100,"energy":99.1,"expanded":10,"commandEnd":561}
{"label":"4-1 rune 1","frames":120,"energy":98,"expanded":12,"commandEnd":573}
{"label":"4-1 rune 2","frames":220,"energy":93.4,"expanded":168,"commandEnd":598}
{"label":"4-1 rune 3","frames":50,"energy":92.9,"expanded":5,"commandEnd":606}
{"label":"4-1 gate","frames":70,"energy":92.2,"expanded":7,"commandEnd":616}
{"label":"4 traversal end","frames":300,"energy":68.2,"expanded":1185,"commandEnd":646}
{"label":"4-2 mirror A","frames":420,"energy":96.2,"expanded":42,"commandEnd":688}
{"label":"4-2 mirror B","frames":60,"energy":94.3,"expanded":10,"commandEnd":697}
{"label":"4-2 mirror C","frames":140,"energy":91.8,"expanded":42,"commandEnd":714}
{"label":"4-2 gate","frames":90,"energy":90.5,"expanded":9,"commandEnd":727}
{"label":"4 end","frames":50,"energy":100,"expanded":5,"commandEnd":732}
{"label":"5 entrance","frames":100,"energy":99,"expanded":10,"commandEnd":742}
{"label":"5-1 mirror A","frames":180,"energy":98.9,"expanded":18,"commandEnd":760}
{"label":"5-1 mirror B","frames":60,"energy":97,"expanded":6,"commandEnd":769}
{"label":"5-1 mirror C","frames":160,"energy":94.3,"expanded":67,"commandEnd":788}
{"label":"5-1 gate","frames":90,"energy":93.1,"expanded":9,"commandEnd":801}
{"label":"5 traversal end","frames":310,"energy":69,"expanded":1081,"commandEnd":832}
{"label":"5-2 mirror A","frames":540,"energy":95.1,"expanded":58,"commandEnd":886}
{"label":"5-2 mirror B","frames":60,"energy":93.2,"expanded":8,"commandEnd":895}
{"label":"5-2 mirror C","frames":140,"energy":90.7,"expanded":40,"commandEnd":912}
{"label":"5-2 gate","frames":90,"energy":89.4,"expanded":9,"commandEnd":925}
{"label":"goal","frames":40,"energy":89.1,"expanded":4,"commandEnd":929}
PASS N7 328.85s
