REPLAY 1 entrance
REPLAY 1-1 approach seal 1
REPLAY 1-1 bait 1
REPLAY 1-1 gate
REPLAY 1 canal 1
REPLAY 1 canal 2
REPLAY 1 bank
REPLAY 1 traversal end
REPLAY 1-2 rune 2
REPLAY 1-2 rune 1
REPLAY 1-2 rune 3
REPLAY 1-2 gate
REPLAY 1 end
REPLAY 2 entrance
REPLAY 2-1 pickup
REPLAY 2-1 deposit
REPLAY 2-1 gate
REPLAY 2 traversal end
REPLAY 2-2 approach seal 1
REPLAY 2-2 bait 1
{"label":"2 entrance","frames":10,"energy":99.9,"expanded":1,"commandEnd":340}
{"label":"2-1 gate","frames":410,"energy":95.5,"expanded":438,"commandEnd":381}
{"label":"2 traversal end","frames":260,"energy":92,"expanded":905,"commandEnd":407}
{"label":"2-2 approach seal 1","frames":260,"energy":88.4,"expanded":134,"commandEnd":433}
{"label":"2-2 bait 1","frames":350,"energy":85.2,"expanded":540,"commandEnd":468}
{"label":"2-2 approach seal 2","frames":140,"energy":83.3,"expanded":19,"commandEnd":482}
{"label":"2-2 bait 2","frames":220,"energy":80.7,"expanded":661,"commandEnd":504}
{"label":"2-2 gate","frames":70,"energy":79.4,"expanded":11,"commandEnd":511}
{"label":"2 end","frames":50,"energy":99.9,"expanded":5,"commandEnd":516}
{"label":"3 entrance","frames":100,"energy":99,"expanded":10,"commandEnd":526}
{"label":"3-1 approach seal 1","frames":190,"energy":98.2,"expanded":102,"commandEnd":545}
{"label":"3-1 bait 1","frames":350,"energy":95,"expanded":461,"commandEnd":580}
{"label":"3-1 approach seal 2","frames":140,"energy":93.1,"expanded":15,"commandEnd":594}
{"label":"3-1 bait 2","frames":220,"energy":91.1,"expanded":243,"commandEnd":616}
{"label":"3-1 gate","frames":60,"energy":90.5,"expanded":6,"commandEnd":622}
{"label":"3 canal 1","frames":80,"energy":88.6,"expanded":14,"commandEnd":630}
{"label":"3 canal 2","frames":70,"energy":87.3,"expanded":7,"commandEnd":637}
{"label":"3 bank","frames":70,"energy":86.1,"expanded":11,"commandEnd":644}
{"label":"3 traversal end","frames":60,"energy":99.7,"expanded":6,"commandEnd":650}
{"label":"3-2 pickup","frames":710,"energy":92,"expanded":397,"commandEnd":721}
{"label":"3-2 deposit","frames":260,"energy":87.1,"expanded":100,"commandEnd":750}
{"label":"3-2 gate","frames":290,"energy":84.3,"expanded":29,"commandEnd":782}
{"label":"3 end","frames":50,"energy":99.9,"expanded":5,"commandEnd":787}
{"label":"4 entrance","frames":90,"energy":98.5,"expanded":18,"commandEnd":796}
{"label":"4-1 rune 3","frames":350,"energy":94.7,"expanded":480,"commandEnd":831}
{"label":"4-1 rune 1","frames":210,"energy":92,"expanded":475,"commandEnd":855}
{"label":"4-1 rune 4","frames":120,"energy":89.1,"expanded":237,"commandEnd":870}
{"label":"4-1 rune 2","frames":70,"energy":87.7,"expanded":14,"commandEnd":880}
{"label":"4-1 gate","frames":190,"energy":85.9,"expanded":19,"commandEnd":902}
{"label":"4 traversal end","frames":260,"energy":82.3,"expanded":945,"commandEnd":928}
{"label":"gallery key 4","frames":160,"energy":78.4,"expanded":129,"commandEnd":944}
{"label":"maintenance gate 4","frames":250,"energy":76.1,"expanded":36,"commandEnd":969}
{"label":"4-2 approach seal 1","frames":110,"energy":74.5,"expanded":56,"commandEnd":980}
{"label":"4-2 bait 1","frames":360,"energy":71.2,"expanded":476,"commandEnd":1016}
{"label":"4-2 approach seal 2","frames":130,"energy":69.4,"expanded":18,"commandEnd":1029}
{"label":"4-2 bait 2","frames":220,"energy":67.4,"expanded":253,"commandEnd":1051}
{"label":"4-2 gate","frames":60,"energy":66.9,"expanded":6,"commandEnd":1057}
{"label":"4 end","frames":50,"energy":100,"expanded":5,"commandEnd":1062}
{"label":"5 entrance","frames":100,"energy":99,"expanded":10,"commandEnd":1072}
{"label":"5-1 approach seal 1","frames":190,"energy":98.2,"expanded":101,"commandEnd":1091}
{"label":"5-1 bait 1","frames":350,"energy":95,"expanded":475,"commandEnd":1126}
{"label":"5-1 approach seal 2","frames":130,"energy":93.2,"expanded":19,"commandEnd":1139}
{"label":"5-1 bait 2","frames":220,"energy":91.2,"expanded":212,"commandEnd":1161}
{"label":"5-1 gate","frames":60,"energy":90.6,"expanded":6,"commandEnd":1167}
{"label":"5 canal 1","frames":90,"energy":88.6,"expanded":15,"commandEnd":1176}
{"label":"5 canal 2","frames":60,"energy":87.5,"expanded":13,"commandEnd":1182}
{"label":"5 bank","frames":90,"energy":86,"expanded":17,"commandEnd":1191}
{"label":"5 traversal end","frames":110,"energy":98.7,"expanded":109,"commandEnd":1202}
{"label":"5-2 pickup","frames":650,"energy":92.1,"expanded":156,"commandEnd":1267}
{"label":"5-2 deposit","frames":260,"energy":87.2,"expanded":102,"commandEnd":1296}
{"label":"5-2 gate","frames":290,"energy":84.5,"expanded":29,"commandEnd":1328}
{"label":"goal","frames":30,"energy":84.3,"expanded":3,"commandEnd":1331}
PASS N5 243.6s
