REPLAY 1 entrance
REPLAY 1-1 approach seal 1
REPLAY 1-1 bait 1
REPLAY 1-1 gate
REPLAY 1 canal 1
REPLAY 1 canal 2
REPLAY 1 bank
REPLAY 1 traversal end
REPLAY 1-2 rune 2
{"label":"1 entrance","frames":10,"energy":99.9,"expanded":1,"commandEnd":125}
{"label":"1-1 gate","frames":400,"energy":96.1,"expanded":335,"commandEnd":165}
{"label":"1 canal 1","frames":90,"energy":94.1,"expanded":15,"commandEnd":174}
{"label":"1 canal 2","frames":90,"energy":92.7,"expanded":17,"commandEnd":183}
{"label":"1 bank","frames":70,"energy":91.4,"expanded":11,"commandEnd":190}
{"label":"1 traversal end","frames":80,"energy":90.7,"expanded":8,"commandEnd":198}
{"label":"1-2 rune 2","frames":230,"energy":86.2,"expanded":103,"commandEnd":221}
{"label":"1-2 rune 1","frames":120,"energy":84.4,"expanded":1032,"commandEnd":236}
{"label":"1-2 rune 3","frames":210,"energy":81.8,"expanded":451,"commandEnd":260}
{"label":"1-2 gate","frames":80,"energy":81,"expanded":8,"commandEnd":271}
{"label":"1 end","frames":50,"energy":99.9,"expanded":5,"commandEnd":276}
{"label":"2 entrance","frames":90,"energy":99.1,"expanded":9,"commandEnd":285}
{"label":"2-1 pickup","frames":120,"energy":98,"expanded":12,"commandEnd":297}
{"label":"2-1 deposit","frames":340,"energy":92.4,"expanded":296,"commandEnd":334}
{"label":"2-1 gate","frames":90,"energy":91.4,"expanded":9,"commandEnd":346}
{"label":"2 traversal end","frames":280,"energy":99.7,"expanded":738,"commandEnd":374}
{"label":"2-2 approach seal 1","frames":290,"energy":77.8,"expanded":299,"commandEnd":403}
{"label":"2-2 bait 1","frames":350,"energy":74.6,"expanded":463,"commandEnd":438}
{"label":"2-2 approach seal 2","frames":140,"energy":72.8,"expanded":19,"commandEnd":452}
{"label":"2-2 bait 2","frames":210,"energy":70.8,"expanded":204,"commandEnd":473}
{"label":"2-2 gate","frames":60,"energy":70.3,"expanded":6,"commandEnd":479}
{"label":"2 end","frames":50,"energy":100,"expanded":5,"commandEnd":484}
{"label":"3 entrance","frames":100,"energy":99,"expanded":10,"commandEnd":494}
{"label":"3-1 approach seal 1","frames":190,"energy":98.2,"expanded":107,"commandEnd":513}
{"label":"3-1 bait 1","frames":350,"energy":95,"expanded":507,"commandEnd":548}
{"label":"3-1 approach seal 2","frames":130,"energy":93.2,"expanded":17,"commandEnd":561}
{"label":"3-1 bait 2","frames":220,"energy":90,"expanded":772,"commandEnd":583}
{"label":"3-1 gate","frames":70,"energy":88.7,"expanded":12,"commandEnd":590}
{"label":"3 canal 1","frames":90,"energy":86.7,"expanded":15,"commandEnd":599}
{"label":"3 canal 2","frames":90,"energy":85.3,"expanded":18,"commandEnd":608}
{"label":"3 bank","frames":70,"energy":84,"expanded":11,"commandEnd":615}
{"label":"3 traversal end","frames":60,"energy":99.7,"expanded":6,"commandEnd":621}
{"label":"3-2 pickup","frames":500,"energy":93.3,"expanded":288,"commandEnd":671}
{"label":"3-2 deposit","frames":270,"energy":88.3,"expanded":104,"commandEnd":701}
{"label":"3-2 gate","frames":280,"energy":85.7,"expanded":28,"commandEnd":732}
{"label":"3 end","frames":50,"energy":100,"expanded":5,"commandEnd":737}
{"label":"4 entrance","frames":100,"energy":99,"expanded":10,"commandEnd":747}
{"label":"4-1 rune 3","frames":350,"energy":95.2,"expanded":463,"commandEnd":782}
{"label":"4-1 rune 1","frames":210,"energy":92.6,"expanded":472,"commandEnd":806}
{"label":"4-1 rune 4","frames":120,"energy":89.6,"expanded":237,"commandEnd":821}
{"label":"4-1 rune 2","frames":70,"energy":88.3,"expanded":14,"commandEnd":831}
{"label":"4-1 gate","frames":190,"energy":86.5,"expanded":19,"commandEnd":853}
{"label":"4 traversal end","frames":280,"energy":99.7,"expanded":889,"commandEnd":881}
{"label":"gallery key 4","frames":180,"energy":77.7,"expanded":143,"commandEnd":899}
{"label":"maintenance gate 4","frames":220,"energy":75.6,"expanded":28,"commandEnd":921}
{"label":"4-2 approach seal 1","frames":110,"energy":74,"expanded":68,"commandEnd":932}
{"label":"4-2 bait 1","frames":360,"energy":70.7,"expanded":511,"commandEnd":968}
{"label":"4-2 approach seal 2","frames":130,"energy":68.9,"expanded":24,"commandEnd":981}
{"label":"4-2 bait 2","frames":220,"energy":66.9,"expanded":228,"commandEnd":1003}
{"label":"4-2 gate","frames":60,"energy":66.4,"expanded":6,"commandEnd":1009}
{"label":"4 end","frames":50,"energy":100,"expanded":5,"commandEnd":1014}
{"label":"5 entrance","frames":100,"energy":99,"expanded":10,"commandEnd":1024}
{"label":"5-1 approach seal 1","frames":190,"energy":98.2,"expanded":108,"commandEnd":1043}
{"label":"5-1 bait 1","frames":350,"energy":95,"expanded":422,"commandEnd":1078}
{"label":"5-1 approach seal 2","frames":130,"energy":93.2,"expanded":19,"commandEnd":1091}
{"label":"5-1 bait 2","frames":220,"energy":90.6,"expanded":510,"commandEnd":1113}
{"label":"5-1 gate","frames":70,"energy":89.3,"expanded":11,"commandEnd":1120}
{"label":"5 canal 1","frames":90,"energy":87.3,"expanded":15,"commandEnd":1129}
{"label":"5 canal 2","frames":90,"energy":85.9,"expanded":14,"commandEnd":1138}
{"label":"5 bank","frames":70,"energy":84.6,"expanded":11,"commandEnd":1145}
{"label":"5 traversal end","frames":50,"energy":99.8,"expanded":5,"commandEnd":1150}
{"label":"5-2 pickup","frames":670,"energy":91.8,"expanded":332,"commandEnd":1217}
{"label":"5-2 deposit","frames":260,"energy":86.9,"expanded":102,"commandEnd":1246}
{"label":"5-2 gate","frames":290,"energy":84.2,"expanded":29,"commandEnd":1278}
{"label":"goal","frames":30,"energy":84,"expanded":3,"commandEnd":1281}
PASS N5 382.5833333333333s
