REPLAY 1 entrance
REPLAY 1-1 rune 1
REPLAY 1-1 rune 2
REPLAY 1-1 gate
REPLAY 1 moving bridge
REPLAY 1 crumble bridge
REPLAY 1 bank
REPLAY 1 traversal end
REPLAY 1-2 rune 2
REPLAY 1-2 rune 1
REPLAY 1-2 rune 3
REPLAY 1-2 gate
REPLAY 1 end
REPLAY 2 entrance
REPLAY 2-1 pickup
REPLAY 2-1 deposit
REPLAY 2-1 gate
REPLAY 2 ride lift
REPLAY 2 upper balcony
REPLAY 2 descending crumble
REPLAY 2 bank
REPLAY 2 traversal end
REPLAY maintenance lift
REPLAY gallery key 2
PASS service death recovery key-2
{"label":"2 entrance","frames":10,"energy":99.9,"expanded":1,"commandEnd":311}
{"label":"2-1 gate","frames":410,"energy":95.5,"expanded":471,"commandEnd":352}
{"label":"2 ride lift","frames":350,"energy":88.1,"expanded":16081,"commandEnd":387}
{"label":"2 upper balcony","frames":40,"energy":87.2,"expanded":4,"commandEnd":391}
{"label":"2 descending crumble","frames":70,"energy":86.5,"expanded":47,"commandEnd":398}
{"label":"2 bank","frames":90,"energy":85.7,"expanded":42,"commandEnd":407}
{"label":"2 traversal end","frames":20,"energy":85.5,"expanded":2,"commandEnd":409}
{"label":"maintenance gate 2","frames":400,"energy":81.3,"expanded":366,"commandEnd":449}
{"label":"2-2 rune 1","frames":40,"energy":80.9,"expanded":4,"commandEnd":453}
{"label":"2-2 rune 2","frames":200,"energy":76.6,"expanded":152,"commandEnd":476}
{"label":"2-2 rune 3","frames":50,"energy":76,"expanded":5,"commandEnd":484}
{"label":"2-2 gate","frames":60,"energy":75.4,"expanded":6,"commandEnd":493}
{"label":"2 end","frames":50,"energy":99.9,"expanded":5,"commandEnd":498}
{"label":"3 entrance","frames":100,"energy":99,"expanded":10,"commandEnd":508}
{"label":"3-1 rune 1","frames":120,"energy":99.4,"expanded":12,"commandEnd":520}
{"label":"3-1 rune 2","frames":190,"energy":95.2,"expanded":163,"commandEnd":542}
{"label":"3-1 rune 3","frames":50,"energy":94.6,"expanded":5,"commandEnd":550}
{"label":"3-1 gate","frames":70,"energy":93.9,"expanded":7,"commandEnd":560}
{"label":"3 moving bridge","frames":280,"energy":90.1,"expanded":633,"commandEnd":588}
{"label":"3 crumble bridge","frames":70,"energy":88.9,"expanded":9,"commandEnd":595}
{"label":"3 bank","frames":90,"energy":87.5,"expanded":15,"commandEnd":604}
{"label":"3 traversal end","frames":30,"energy":99.9,"expanded":3,"commandEnd":607}
{"label":"3-2 pickup","frames":500,"energy":94.8,"expanded":87,"commandEnd":657}
{"label":"3-2 deposit","frames":260,"energy":89.9,"expanded":103,"commandEnd":686}
{"label":"3-2 gate","frames":280,"energy":87.2,"expanded":28,"commandEnd":717}
{"label":"3 end","frames":90,"energy":99.9,"expanded":38,"commandEnd":726}
{"label":"4 entrance","frames":80,"energy":99.2,"expanded":8,"commandEnd":734}
{"label":"4-1 rune 3","frames":350,"energy":95.3,"expanded":502,"commandEnd":769}
{"label":"4-1 rune 1","frames":210,"energy":92.7,"expanded":439,"commandEnd":793}
{"label":"4-1 rune 4","frames":120,"energy":89.7,"expanded":237,"commandEnd":808}
{"label":"4-1 rune 2","frames":70,"energy":88.4,"expanded":14,"commandEnd":818}
{"label":"4-1 gate","frames":190,"energy":86.6,"expanded":19,"commandEnd":840}
{"label":"4 ride lift","frames":160,"energy":83.3,"expanded":209,"commandEnd":856}
{"label":"4 upper balcony","frames":40,"energy":82.3,"expanded":4,"commandEnd":860}
{"label":"4 descending crumble","frames":70,"energy":81.7,"expanded":47,"commandEnd":867}
{"label":"4 bank","frames":90,"energy":80.9,"expanded":45,"commandEnd":876}
{"label":"4 traversal end","frames":20,"energy":99.9,"expanded":2,"commandEnd":878}
{"label":"pendulum gallery ascent","frames":240,"energy":94.1,"expanded":143,"commandEnd":902}
{"label":"gallery key 4","frames":40,"energy":92.6,"expanded":4,"commandEnd":906}
{"label":"pendulum fragile crossing","frames":160,"energy":90.5,"expanded":68,"commandEnd":922}
{"label":"maintenance gate 4","frames":340,"energy":87.4,"expanded":58,"commandEnd":956}
{"label":"4-2 rune 1","frames":40,"energy":87,"expanded":4,"commandEnd":960}
{"label":"4-2 rune 2","frames":230,"energy":82.4,"expanded":175,"commandEnd":986}
{"label":"4-2 rune 3","frames":50,"energy":81.9,"expanded":5,"commandEnd":994}
{"label":"4-2 gate","frames":60,"energy":81.2,"expanded":6,"commandEnd":1003}
{"label":"4 end","frames":50,"energy":100,"expanded":5,"commandEnd":1008}
{"label":"5 entrance","frames":100,"energy":99,"expanded":10,"commandEnd":1018}
{"label":"5-1 rune 1","frames":120,"energy":99.4,"expanded":12,"commandEnd":1030}
{"label":"5-1 rune 2","frames":230,"energy":94.8,"expanded":186,"commandEnd":1056}
{"label":"5-1 rune 3","frames":50,"energy":94.3,"expanded":5,"commandEnd":1064}
{"label":"5-1 gate","frames":60,"energy":93.6,"expanded":6,"commandEnd":1073}
{"label":"5 moving bridge","frames":170,"energy":90.9,"expanded":23,"commandEnd":1090}
{"label":"5 crumble bridge","frames":110,"energy":89.3,"expanded":12,"commandEnd":1101}
{"label":"5 bank","frames":70,"energy":88,"expanded":10,"commandEnd":1108}
{"label":"5 traversal end","frames":20,"energy":99.9,"expanded":2,"commandEnd":1110}
{"label":"5-2 rune 1","frames":1130,"energy":89.6,"expanded":139,"commandEnd":1223}
{"label":"5-2 rune 2","frames":200,"energy":85.3,"expanded":159,"commandEnd":1246}
{"label":"5-2 rune 3","frames":50,"energy":84.7,"expanded":5,"commandEnd":1254}
{"label":"5-2 gate","frames":70,"energy":84,"expanded":7,"commandEnd":1264}
{"label":"goal","frames":30,"energy":83.7,"expanded":3,"commandEnd":1267}
PASS N6 375.8333333333333s
