REPLAY 1 entrance
REPLAY 1-1 rune 1
REPLAY 1-1 rune 2
REPLAY 1-1 gate
REPLAY 1 moving bridge
REPLAY 1 crumble bridge
REPLAY 1 bank
REPLAY 1 traversal end
REPLAY 1-2 rune 2
REPLAY 1-2 rune 1
REPLAY 1-2 rune 3
REPLAY 1-2 gate
REPLAY 1 end
REPLAY 2 entrance
REPLAY 2-1 pickup
REPLAY 2-1 deposit
REPLAY 2-1 gate
REPLAY 2 ride lift
REPLAY 2 upper balcony
REPLAY 2 descending crumble
REPLAY 2 bank
REPLAY 2 traversal end
REPLAY maintenance lift
REPLAY gallery key 2
REPLAY maintenance gate 2
REPLAY 2-2 rune 1
REPLAY 2-2 rune 2
REPLAY 2-2 rune 3
REPLAY 2-2 gate
REPLAY 2 end
REPLAY 3 entrance
REPLAY 3-1 rune 1
REPLAY 3-1 rune 2
REPLAY 3-1 rune 3
REPLAY 3-1 gate
REPLAY 3 moving bridge
REPLAY 3 crumble bridge
REPLAY 3 bank
REPLAY 3 traversal end
REPLAY 3-2 pickup
REPLAY 3-2 deposit
REPLAY 3-2 gate
REPLAY 3 end
REPLAY 4 entrance
REPLAY 4-1 rune 3
REPLAY 4-1 rune 1
REPLAY 4-1 rune 4
REPLAY 4-1 rune 2
REPLAY 4-1 gate
REPLAY 4 ride lift
REPLAY 4 upper balcony
REPLAY 4 descending crumble
REPLAY 4 bank
REPLAY 4 traversal end
REPLAY pendulum gallery ascent
REPLAY gallery key 4
REPLAY pendulum fragile crossing
REPLAY maintenance gate 4
PASS service death recovery door-4
{"label":"4 entrance","frames":10,"energy":99.9,"expanded":1,"commandEnd":862}
{"label":"4-1 gate","frames":410,"energy":95.5,"expanded":480,"commandEnd":903}
{"label":"4 ride lift","frames":140,"energy":92.5,"expanded":187,"commandEnd":917}
{"label":"4 upper balcony","frames":40,"energy":91.5,"expanded":4,"commandEnd":921}
{"label":"4 descending crumble","frames":70,"energy":90.9,"expanded":47,"commandEnd":928}
{"label":"4 bank","frames":90,"energy":90,"expanded":46,"commandEnd":937}
{"label":"4 traversal end","frames":20,"energy":89.8,"expanded":2,"commandEnd":939}
{"label":"pendulum fragile crossing","frames":280,"energy":83.7,"expanded":269,"commandEnd":967}
{"label":"maintenance gate 4","frames":370,"energy":79.7,"expanded":69,"commandEnd":1004}
{"label":"4-2 rune 1","frames":40,"energy":79.3,"expanded":4,"commandEnd":1008}
{"label":"4-2 rune 2","frames":230,"energy":74.7,"expanded":184,"commandEnd":1034}
{"label":"4-2 rune 3","frames":50,"energy":74.2,"expanded":5,"commandEnd":1042}
{"label":"4-2 gate","frames":60,"energy":73.5,"expanded":6,"commandEnd":1051}
{"label":"4 end","frames":50,"energy":100,"expanded":5,"commandEnd":1056}
{"label":"5 entrance","frames":100,"energy":99,"expanded":10,"commandEnd":1066}
{"label":"5-1 rune 1","frames":120,"energy":99.4,"expanded":12,"commandEnd":1078}
{"label":"5-1 rune 2","frames":190,"energy":95.2,"expanded":159,"commandEnd":1100}
{"label":"5-1 rune 3","frames":50,"energy":94.6,"expanded":5,"commandEnd":1108}
{"label":"5-1 gate","frames":70,"energy":93.9,"expanded":7,"commandEnd":1118}
{"label":"5 moving bridge","frames":340,"energy":89,"expanded":3159,"commandEnd":1152}
{"label":"5 crumble bridge","frames":90,"energy":87.6,"expanded":12,"commandEnd":1161}
{"label":"5 bank","frames":90,"energy":86.1,"expanded":16,"commandEnd":1170}
{"label":"5 traversal end","frames":20,"energy":99.9,"expanded":2,"commandEnd":1172}
{"label":"5-2 rune 1","frames":1120,"energy":89.7,"expanded":138,"commandEnd":1284}
{"label":"5-2 rune 2","frames":200,"energy":85.3,"expanded":163,"commandEnd":1307}
{"label":"5-2 rune 3","frames":50,"energy":84.8,"expanded":5,"commandEnd":1315}
{"label":"5-2 gate","frames":70,"energy":84.1,"expanded":7,"commandEnd":1325}
{"label":"goal","frames":30,"energy":83.8,"expanded":3,"commandEnd":1328}
PASS N6 375.81666666666666s
