REPLAY 1 entrance
REPLAY 1-1 rune 1
REPLAY 1-1 rune 2
REPLAY 1-1 gate
REPLAY 1 moving bridge
REPLAY 1 crumble bridge
REPLAY 1 bank
REPLAY 1 traversal end
REPLAY 1-2 rune 2
REPLAY 1-2 rune 1
REPLAY 1-2 rune 3
REPLAY 1-2 gate
REPLAY 1 end
REPLAY 2 entrance
REPLAY 2-1 pickup
REPLAY 2-1 deposit
REPLAY 2-1 gate
REPLAY 2 ride lift
REPLAY 2 upper balcony
REPLAY 2 descending crumble
REPLAY 2 bank
REPLAY 2 traversal end
REPLAY maintenance lift
REPLAY gallery key 2
REPLAY maintenance gate 2
REPLAY 2-2 rune 1
REPLAY 2-2 rune 2
REPLAY 2-2 rune 3
REPLAY 2-2 gate
REPLAY 2 end
REPLAY 3 entrance
REPLAY 3-1 rune 1
REPLAY 3-1 rune 2
REPLAY 3-1 rune 3
REPLAY 3-1 gate
REPLAY 3 moving bridge
REPLAY 3 crumble bridge
REPLAY 3 bank
REPLAY 3 traversal end
REPLAY 3-2 pickup
REPLAY 3-2 deposit
REPLAY 3-2 gate
REPLAY 3 end
REPLAY 4 entrance
REPLAY 4-1 rune 3
REPLAY 4-1 rune 1
REPLAY 4-1 rune 4
REPLAY 4-1 rune 2
REPLAY 4-1 gate
REPLAY 4 ride lift
REPLAY 4 upper balcony
REPLAY 4 descending crumble
REPLAY 4 bank
REPLAY 4 traversal end
REPLAY pendulum gallery ascent
REPLAY gallery key 4
REPLAY pendulum fragile crossing
PASS service death recovery key-4
{"label":"4 entrance","frames":10,"energy":99.9,"expanded":1,"commandEnd":829}
{"label":"4-1 gate","frames":410,"energy":95.5,"expanded":480,"commandEnd":870}
{"label":"4 ride lift","frames":90,"energy":93.5,"expanded":151,"commandEnd":879}
{"label":"4 upper balcony","frames":30,"energy":92.6,"expanded":3,"commandEnd":882}
{"label":"4 descending crumble","frames":80,"energy":91.9,"expanded":48,"commandEnd":890}
{"label":"4 bank","frames":90,"energy":91.1,"expanded":49,"commandEnd":899}
{"label":"4 traversal end","frames":20,"energy":90.9,"expanded":2,"commandEnd":901}
{"label":"pendulum fragile crossing","frames":290,"energy":84.6,"expanded":209,"commandEnd":930}
{"label":"maintenance gate 4","frames":330,"energy":81.6,"expanded":54,"commandEnd":963}
{"label":"4-2 rune 1","frames":40,"energy":81.3,"expanded":4,"commandEnd":967}
{"label":"4-2 rune 2","frames":200,"energy":76.9,"expanded":163,"commandEnd":990}
{"label":"4-2 rune 3","frames":50,"energy":76.4,"expanded":5,"commandEnd":998}
{"label":"4-2 gate","frames":60,"energy":75.7,"expanded":6,"commandEnd":1007}
{"label":"4 end","frames":50,"energy":100,"expanded":5,"commandEnd":1012}
{"label":"5 entrance","frames":100,"energy":99,"expanded":10,"commandEnd":1022}
{"label":"5-1 rune 1","frames":120,"energy":99.4,"expanded":12,"commandEnd":1034}
{"label":"5-1 rune 2","frames":230,"energy":94.8,"expanded":185,"commandEnd":1060}
{"label":"5-1 rune 3","frames":50,"energy":94.3,"expanded":5,"commandEnd":1068}
{"label":"5-1 gate","frames":60,"energy":93.6,"expanded":6,"commandEnd":1077}
{"label":"5 moving bridge","frames":370,"energy":88.5,"expanded":5690,"commandEnd":1114}
{"label":"5 crumble bridge","frames":90,"energy":87,"expanded":12,"commandEnd":1123}
{"label":"5 bank","frames":90,"energy":85.6,"expanded":16,"commandEnd":1132}
{"label":"5 traversal end","frames":20,"energy":99.9,"expanded":2,"commandEnd":1134}
{"label":"5-2 rune 1","frames":470,"energy":95,"expanded":159,"commandEnd":1181}
{"label":"5-2 rune 2","frames":180,"energy":90.9,"expanded":48,"commandEnd":1202}
{"label":"5-2 rune 3","frames":50,"energy":90.3,"expanded":5,"commandEnd":1210}
{"label":"5-2 gate","frames":60,"energy":89.7,"expanded":6,"commandEnd":1219}
{"label":"goal","frames":40,"energy":89.4,"expanded":4,"commandEnd":1223}
PASS N6 197.1s
