REPLAY 1 entrance
REPLAY 1-1 approach seal 1
REPLAY 1-1 bait 1
REPLAY 1-1 gate
REPLAY 1 canal 1
REPLAY 1 canal 2
REPLAY 1 bank
REPLAY 1 traversal end
REPLAY 1-2 rune 2
REPLAY 1-2 rune 1
REPLAY 1-2 rune 3
REPLAY 1-2 gate
REPLAY 1 end
REPLAY 2 entrance
REPLAY 2-1 pickup
REPLAY 2-1 deposit
REPLAY 2-1 gate
REPLAY 2 traversal end
REPLAY 2-2 approach seal 1
REPLAY 2-2 bait 1
REPLAY 2-2 approach seal 2
REPLAY 2-2 bait 2
REPLAY 2-2 gate
REPLAY 2 end
REPLAY 3 entrance
REPLAY 3-1 approach seal 1
REPLAY 3-1 bait 1
REPLAY 3-1 approach seal 2
REPLAY 3-1 bait 2
REPLAY 3-1 gate
REPLAY 3 canal 1
REPLAY 3 canal 2
REPLAY 3 bank
REPLAY 3 traversal end
REPLAY 3-2 pickup
REPLAY 3-2 deposit
REPLAY 3-2 gate
REPLAY 3 end
REPLAY 4 entrance
REPLAY 4-1 rune 3
REPLAY 4-1 rune 1
REPLAY 4-1 rune 4
REPLAY 4-1 rune 2
REPLAY 4-1 gate
REPLAY 4 traversal end
REPLAY gallery key 4
REPLAY maintenance gate 4
PASS service death recovery door-4
{"label":"4 entrance","frames":10,"energy":99.9,"expanded":1,"commandEnd":833}
{"label":"4-1 gate","frames":410,"energy":95.5,"expanded":450,"commandEnd":874}
{"label":"4 traversal end","frames":260,"energy":92,"expanded":891,"commandEnd":900}
{"label":"maintenance gate 4","frames":360,"energy":87.5,"expanded":218,"commandEnd":936}
{"label":"4-2 approach seal 1","frames":110,"energy":86.5,"expanded":11,"commandEnd":947}
{"label":"4-2 bait 1","frames":50,"energy":86,"expanded":7,"commandEnd":952}
{"label":"4-2 approach seal 2","frames":140,"energy":84.1,"expanded":15,"commandEnd":966}
{"label":"4-2 bait 2","frames":220,"energy":82.1,"expanded":245,"commandEnd":988}
{"label":"4-2 gate","frames":60,"energy":81.5,"expanded":6,"commandEnd":994}
{"label":"4 end","frames":50,"energy":99.9,"expanded":5,"commandEnd":999}
{"label":"5 entrance","frames":100,"energy":99,"expanded":10,"commandEnd":1009}
{"label":"5-1 approach seal 1","frames":190,"energy":98.2,"expanded":103,"commandEnd":1028}
{"label":"5-1 bait 1","frames":350,"energy":95,"expanded":482,"commandEnd":1063}
{"label":"5-1 approach seal 2","frames":130,"energy":93.2,"expanded":16,"commandEnd":1076}
{"label":"5-1 bait 2","frames":220,"energy":91.1,"expanded":300,"commandEnd":1098}
{"label":"5-1 gate","frames":60,"energy":90.6,"expanded":6,"commandEnd":1104}
{"label":"5 canal 1","frames":80,"energy":88.7,"expanded":14,"commandEnd":1112}
{"label":"5 canal 2","frames":70,"energy":87.4,"expanded":7,"commandEnd":1119}
{"label":"5 bank","frames":80,"energy":86.1,"expanded":14,"commandEnd":1127}
{"label":"5 traversal end","frames":60,"energy":99.8,"expanded":6,"commandEnd":1133}
{"label":"5-2 pickup","frames":670,"energy":91.8,"expanded":335,"commandEnd":1200}
{"label":"5-2 deposit","frames":260,"energy":86.9,"expanded":102,"commandEnd":1229}
{"label":"5-2 gate","frames":290,"energy":84.2,"expanded":29,"commandEnd":1261}
{"label":"goal","frames":30,"energy":84,"expanded":3,"commandEnd":1264}
PASS N5 234.16666666666666s
