REPLAY 1 entrance
REPLAY 1-1 rune 1
REPLAY 1-1 rune 2
REPLAY 1-1 gate
REPLAY 1 moving bridge
REPLAY 1 crumble bridge
REPLAY 1 bank
REPLAY 1 traversal end
REPLAY 1-2 rune 2
REPLAY 1-2 rune 1
REPLAY 1-2 rune 3
REPLAY 1-2 gate
REPLAY 1 end
REPLAY 2 entrance
REPLAY 2-1 pickup
REPLAY 2-1 deposit
REPLAY 2-1 gate
REPLAY 2 ride lift
REPLAY 2 upper balcony
REPLAY 2 descending crumble
REPLAY 2 bank
REPLAY 2 traversal end
REPLAY maintenance lift
REPLAY gallery key 2
REPLAY maintenance gate 2
PASS service death recovery door-2
{"label":"2 entrance","frames":10,"energy":99.9,"expanded":1,"commandEnd":362}
{"label":"2-1 gate","frames":410,"energy":95.5,"expanded":330,"commandEnd":403}
{"label":"2 ride lift","frames":150,"energy":92.4,"expanded":199,"commandEnd":418}
{"label":"2 upper balcony","frames":30,"energy":91.5,"expanded":3,"commandEnd":421}
{"label":"2 descending crumble","frames":80,"energy":90.8,"expanded":48,"commandEnd":429}
{"label":"2 bank","frames":90,"energy":89.9,"expanded":49,"commandEnd":438}
{"label":"2 traversal end","frames":20,"energy":89.8,"expanded":2,"commandEnd":440}
{"label":"maintenance gate 2","frames":420,"energy":85.3,"expanded":363,"commandEnd":482}
{"label":"2-2 rune 1","frames":40,"energy":84.9,"expanded":4,"commandEnd":486}
{"label":"2-2 rune 2","frames":230,"energy":80.3,"expanded":190,"commandEnd":512}
{"label":"2-2 rune 3","frames":50,"energy":79.8,"expanded":5,"commandEnd":520}
{"label":"2-2 gate","frames":60,"energy":79.1,"expanded":6,"commandEnd":529}
{"label":"2 end","frames":50,"energy":100,"expanded":5,"commandEnd":534}
{"label":"3 entrance","frames":100,"energy":99,"expanded":10,"commandEnd":544}
{"label":"3-1 rune 1","frames":120,"energy":99.4,"expanded":12,"commandEnd":556}
{"label":"3-1 rune 2","frames":200,"energy":95.1,"expanded":164,"commandEnd":579}
{"label":"3-1 rune 3","frames":50,"energy":94.6,"expanded":5,"commandEnd":587}
{"label":"3-1 gate","frames":70,"energy":93.8,"expanded":7,"commandEnd":597}
{"label":"3 moving bridge","frames":210,"energy":90.7,"expanded":36,"commandEnd":618}
{"label":"3 crumble bridge","frames":80,"energy":89.4,"expanded":12,"commandEnd":626}
{"label":"3 bank","frames":90,"energy":87.9,"expanded":18,"commandEnd":635}
{"label":"3 traversal end","frames":60,"energy":79.9,"expanded":8,"commandEnd":641}
{"label":"3-2 pickup","frames":520,"energy":75.2,"expanded":52,"commandEnd":693}
{"label":"3-2 deposit","frames":260,"energy":70.3,"expanded":102,"commandEnd":722}
{"label":"3-2 gate","frames":560,"energy":64.5,"expanded":326,"commandEnd":781}
{"label":"3 end","frames":50,"energy":99,"expanded":5,"commandEnd":786}
{"label":"4 entrance","frames":100,"energy":98.1,"expanded":10,"commandEnd":796}
{"label":"4-1 rune 3","frames":350,"energy":94.3,"expanded":495,"commandEnd":831}
{"label":"4-1 rune 1","frames":210,"energy":91.7,"expanded":442,"commandEnd":855}
{"label":"4-1 rune 4","frames":120,"energy":88.7,"expanded":237,"commandEnd":870}
{"label":"4-1 rune 2","frames":70,"energy":87.3,"expanded":14,"commandEnd":880}
{"label":"4-1 gate","frames":190,"energy":85.5,"expanded":19,"commandEnd":902}
{"label":"4 ride lift","frames":160,"energy":82.2,"expanded":211,"commandEnd":918}
{"label":"4 upper balcony","frames":30,"energy":81.4,"expanded":3,"commandEnd":921}
{"label":"4 descending crumble","frames":80,"energy":80.6,"expanded":48,"commandEnd":929}
{"label":"4 bank","frames":60,"energy":80.1,"expanded":36,"commandEnd":935}
{"label":"4 traversal end","frames":20,"energy":79.9,"expanded":2,"commandEnd":937}
{"label":"pendulum gallery ascent","frames":250,"energy":74,"expanded":207,"commandEnd":962}
{"label":"gallery key 4","frames":40,"energy":73,"expanded":4,"commandEnd":966}
{"label":"pendulum fragile crossing","frames":110,"energy":71.4,"expanded":90,"commandEnd":977}
{"label":"maintenance gate 4","frames":340,"energy":68.3,"expanded":58,"commandEnd":1011}
{"label":"4-2 rune 1","frames":40,"energy":68,"expanded":4,"commandEnd":1015}
{"label":"4-2 rune 2","frames":190,"energy":63.7,"expanded":159,"commandEnd":1037}
{"label":"4-2 rune 3","frames":50,"energy":63.2,"expanded":5,"commandEnd":1045}
{"label":"4-2 gate","frames":70,"energy":62.4,"expanded":7,"commandEnd":1055}
{"label":"4 end","frames":50,"energy":97,"expanded":5,"commandEnd":1060}
{"label":"5 entrance","frames":90,"energy":96.2,"expanded":9,"commandEnd":1069}
{"label":"5-1 rune 1","frames":120,"energy":99.5,"expanded":12,"commandEnd":1081}
{"label":"5-1 rune 2","frames":210,"energy":95.1,"expanded":159,"commandEnd":1105}
{"label":"5-1 rune 3","frames":50,"energy":94.5,"expanded":5,"commandEnd":1113}
{"label":"5-1 gate","frames":60,"energy":93.9,"expanded":6,"commandEnd":1122}
{"label":"5 moving bridge","frames":310,"energy":88.6,"expanded":1077,"commandEnd":1153}
{"label":"5 crumble bridge","frames":50,"energy":87.6,"expanded":5,"commandEnd":1158}
{"label":"5 bank","frames":90,"energy":86.1,"expanded":16,"commandEnd":1167}
{"label":"5 traversal end","frames":30,"energy":99.9,"expanded":3,"commandEnd":1170}
{"label":"5-2 rune 1","frames":510,"energy":94.6,"expanded":183,"commandEnd":1221}
{"label":"5-2 rune 2","frames":190,"energy":90.4,"expanded":166,"commandEnd":1243}
{"label":"5-2 rune 3","frames":50,"energy":89.9,"expanded":5,"commandEnd":1251}
{"label":"5-2 gate","frames":60,"energy":89.2,"expanded":6,"commandEnd":1260}
{"label":"goal","frames":40,"energy":88.9,"expanded":4,"commandEnd":1264}
PASS N6 265.51666666666665s
