REPLAY 1 entrance
REPLAY 1-1 rune 1
{"label":"1 entrance","frames":10,"energy":99.9,"expanded":1,"commandEnd":17}
{"label":"1-1 rune 1","frames":100,"energy":99.5,"expanded":10,"commandEnd":27}
{"label":"1-1 rune 2","frames":200,"energy":95.1,"expanded":153,"commandEnd":50}
{"label":"1-1 gate","frames":110,"energy":94,"expanded":11,"commandEnd":64}
{"label":"1 moving bridge","frames":240,"energy":90.6,"expanded":204,"commandEnd":88}
{"label":"1 crumble bridge","frames":80,"energy":89.3,"expanded":10,"commandEnd":96}
{"label":"1 bank","frames":90,"energy":87.9,"expanded":16,"commandEnd":105}
{"label":"1 traversal end","frames":20,"energy":99.9,"expanded":2,"commandEnd":107}
{"label":"1-2 rune 2","frames":260,"energy":95.2,"expanded":181,"commandEnd":133}
{"label":"1-2 rune 1","frames":120,"energy":93.4,"expanded":904,"commandEnd":148}
{"label":"1-2 rune 3","frames":210,"energy":90.7,"expanded":438,"commandEnd":172}
{"label":"1-2 gate","frames":80,"energy":89.9,"expanded":8,"commandEnd":183}
{"label":"1 end","frames":50,"energy":99.9,"expanded":5,"commandEnd":188}
{"label":"2 entrance","frames":90,"energy":99.1,"expanded":9,"commandEnd":197}
{"label":"2-1 pickup","frames":120,"energy":98,"expanded":12,"commandEnd":209}
{"label":"2-1 deposit","frames":360,"energy":92.2,"expanded":316,"commandEnd":248}
{"label":"2-1 gate","frames":90,"energy":91.3,"expanded":9,"commandEnd":260}
{"label":"2 ride lift","frames":200,"energy":87,"expanded":471,"commandEnd":280}
{"label":"2 upper balcony","frames":40,"energy":86.1,"expanded":4,"commandEnd":284}
{"label":"2 descending crumble","frames":90,"energy":84.6,"expanded":56,"commandEnd":293}
{"label":"2 bank","frames":60,"energy":84.1,"expanded":30,"commandEnd":299}
{"label":"2 traversal end","frames":20,"energy":99.9,"expanded":2,"commandEnd":301}
{"label":"maintenance lift","frames":110,"energy":97.1,"expanded":17,"commandEnd":312}
{"label":"gallery key 2","frames":80,"energy":95.2,"expanded":56,"commandEnd":320}
{"label":"maintenance gate 2","frames":300,"energy":91.8,"expanded":387,"commandEnd":350}
{"label":"2-2 rune 1","frames":40,"energy":91.5,"expanded":4,"commandEnd":354}
{"label":"2-2 rune 2","frames":200,"energy":87.2,"expanded":174,"commandEnd":377}
{"label":"2-2 rune 3","frames":50,"energy":86.6,"expanded":5,"commandEnd":385}
{"label":"2-2 gate","frames":60,"energy":86,"expanded":6,"commandEnd":394}
{"label":"2 end","frames":50,"energy":100,"expanded":5,"commandEnd":399}
{"label":"3 entrance","frames":100,"energy":99.1,"expanded":10,"commandEnd":409}
{"label":"3-1 rune 1","frames":120,"energy":99.4,"expanded":12,"commandEnd":421}
{"label":"3-1 rune 2","frames":230,"energy":94.8,"expanded":192,"commandEnd":447}
{"label":"3-1 rune 3","frames":50,"energy":94.3,"expanded":5,"commandEnd":455}
{"label":"3-1 gate","frames":60,"energy":93.7,"expanded":6,"commandEnd":464}
{"label":"3 moving bridge","frames":160,"energy":91,"expanded":22,"commandEnd":480}
{"label":"3 crumble bridge","frames":90,"energy":89.6,"expanded":13,"commandEnd":489}
{"label":"3 bank","frames":90,"energy":88.1,"expanded":16,"commandEnd":498}
{"label":"3 traversal end","frames":30,"energy":99.9,"expanded":3,"commandEnd":501}
{"label":"3-2 pickup","frames":500,"energy":94.2,"expanded":293,"commandEnd":551}
{"label":"3-2 deposit","frames":260,"energy":89.3,"expanded":102,"commandEnd":580}
{"label":"3-2 gate","frames":290,"energy":86.5,"expanded":29,"commandEnd":612}
{"label":"3 end","frames":40,"energy":100,"expanded":4,"commandEnd":616}
{"label":"4 entrance","frames":100,"energy":99.1,"expanded":10,"commandEnd":626}
{"label":"4-1 rune 3","frames":350,"energy":95.3,"expanded":466,"commandEnd":661}
{"label":"4-1 rune 1","frames":210,"energy":92.6,"expanded":409,"commandEnd":685}
{"label":"4-1 rune 4","frames":120,"energy":89.6,"expanded":237,"commandEnd":700}
{"label":"4-1 rune 2","frames":70,"energy":88.3,"expanded":14,"commandEnd":710}
{"label":"4-1 gate","frames":190,"energy":86.5,"expanded":19,"commandEnd":732}
{"label":"4 ride lift","frames":170,"energy":83.1,"expanded":236,"commandEnd":749}
{"label":"4 upper balcony","frames":40,"energy":82.2,"expanded":4,"commandEnd":753}
{"label":"4 descending crumble","frames":100,"energy":81.2,"expanded":104,"commandEnd":763}
{"label":"4 bank","frames":60,"energy":80.7,"expanded":30,"commandEnd":769}
{"label":"4 traversal end","frames":20,"energy":99.9,"expanded":2,"commandEnd":771}
{"label":"pendulum gallery ascent","frames":160,"energy":96.1,"expanded":47,"commandEnd":787}
{"label":"pendulum fragile crossing","frames":110,"energy":94.5,"expanded":78,"commandEnd":798}
{"label":"gallery key 4","frames":100,"energy":92.3,"expanded":195,"commandEnd":808}
{"label":"maintenance gate 4","frames":250,"energy":90.1,"expanded":25,"commandEnd":833}
{"label":"4-2 rune 1","frames":40,"energy":89.7,"expanded":4,"commandEnd":837}
{"label":"4-2 rune 2","frames":200,"energy":85.4,"expanded":152,"commandEnd":860}
{"label":"4-2 rune 3","frames":50,"energy":84.8,"expanded":5,"commandEnd":868}
{"label":"4-2 gate","frames":60,"energy":84.2,"expanded":6,"commandEnd":877}
{"label":"4 end","frames":50,"energy":99.9,"expanded":5,"commandEnd":882}
{"label":"5 entrance","frames":100,"energy":99,"expanded":10,"commandEnd":892}
{"label":"5-1 rune 1","frames":120,"energy":99.4,"expanded":12,"commandEnd":904}
{"label":"5-1 rune 2","frames":190,"energy":95.2,"expanded":163,"commandEnd":926}
{"label":"5-1 rune 3","frames":50,"energy":94.6,"expanded":5,"commandEnd":934}
{"label":"5-1 gate","frames":70,"energy":93.9,"expanded":7,"commandEnd":944}
{"label":"5 moving bridge","frames":400,"energy":87.8,"expanded":7756,"commandEnd":984}
{"label":"5 crumble bridge","frames":50,"energy":86.8,"expanded":5,"commandEnd":989}
{"label":"5 bank","frames":90,"energy":85.3,"expanded":17,"commandEnd":998}
{"label":"5 traversal end","frames":30,"energy":99.9,"expanded":3,"commandEnd":1001}
{"label":"5-2 rune 1","frames":440,"energy":95.3,"expanded":216,"commandEnd":1045}
{"label":"5-2 rune 2","frames":190,"energy":91,"expanded":160,"commandEnd":1067}
{"label":"5-2 rune 3","frames":50,"energy":90.5,"expanded":5,"commandEnd":1075}
{"label":"5-2 gate","frames":70,"energy":89.8,"expanded":7,"commandEnd":1085}
{"label":"goal","frames":30,"energy":89.5,"expanded":3,"commandEnd":1088}
PASS N6 353.45s
