REPLAY 1 entrance
REPLAY 1-1 approach seal 1
REPLAY 1-1 bait 1
REPLAY 1-1 gate
REPLAY 1 canal 1
REPLAY 1 canal 2
REPLAY 1 bank
REPLAY 1 traversal end
REPLAY 1-2 rune 2
REPLAY 1-2 rune 1
REPLAY 1-2 rune 3
REPLAY 1-2 gate
REPLAY 1 end
REPLAY 2 entrance
REPLAY 2-1 pickup
REPLAY 2-1 deposit
REPLAY 2-1 gate
REPLAY 2 traversal end
REPLAY 2-2 approach seal 1
REPLAY 2-2 bait 1
REPLAY 2-2 approach seal 2
REPLAY 2-2 bait 2
REPLAY 2-2 gate
REPLAY 2 end
REPLAY 3 entrance
REPLAY 3-1 approach seal 1
REPLAY 3-1 bait 1
REPLAY 3-1 approach seal 2
REPLAY 3-1 bait 2
REPLAY 3-1 gate
REPLAY 3 canal 1
REPLAY 3 canal 2
REPLAY 3 bank
REPLAY 3 traversal end
REPLAY 3-2 pickup
REPLAY 3-2 deposit
REPLAY 3-2 gate
REPLAY 3 end
REPLAY 4 entrance
REPLAY 4-1 rune 3
REPLAY 4-1 rune 1
REPLAY 4-1 rune 4
REPLAY 4-1 rune 2
REPLAY 4-1 gate
REPLAY 4 traversal end
REPLAY gallery key 4
PASS service death recovery key-4
{"label":"4 entrance","frames":10,"energy":99.9,"expanded":1,"commandEnd":796}
{"label":"4-1 gate","frames":410,"energy":95.5,"expanded":490,"commandEnd":837}
{"label":"4 traversal end","frames":260,"energy":92,"expanded":917,"commandEnd":863}
{"label":"maintenance gate 4","frames":320,"energy":87.8,"expanded":191,"commandEnd":895}
{"label":"4-2 approach seal 1","frames":110,"energy":86.2,"expanded":60,"commandEnd":906}
{"label":"4-2 bait 1","frames":360,"energy":82.9,"expanded":460,"commandEnd":942}
{"label":"4-2 approach seal 2","frames":130,"energy":81.1,"expanded":21,"commandEnd":955}
{"label":"4-2 bait 2","frames":220,"energy":79.1,"expanded":214,"commandEnd":977}
{"label":"4-2 gate","frames":70,"energy":78.5,"expanded":7,"commandEnd":984}
{"label":"4 end","frames":40,"energy":100,"expanded":4,"commandEnd":988}
{"label":"5 entrance","frames":100,"energy":99.1,"expanded":10,"commandEnd":998}
{"label":"5-1 approach seal 1","frames":190,"energy":98.2,"expanded":140,"commandEnd":1017}
{"label":"5-1 bait 1","frames":350,"energy":95,"expanded":502,"commandEnd":1052}
{"label":"5-1 approach seal 2","frames":140,"energy":93.1,"expanded":23,"commandEnd":1066}
{"label":"5-1 bait 2","frames":210,"energy":91.2,"expanded":234,"commandEnd":1087}
{"label":"5-1 gate","frames":70,"energy":90.5,"expanded":7,"commandEnd":1094}
{"label":"5 canal 1","frames":80,"energy":88.6,"expanded":14,"commandEnd":1102}
{"label":"5 canal 2","frames":70,"energy":87.4,"expanded":7,"commandEnd":1109}
{"label":"5 bank","frames":90,"energy":85.9,"expanded":16,"commandEnd":1118}
{"label":"5 traversal end","frames":50,"energy":99.7,"expanded":5,"commandEnd":1123}
{"label":"5-2 pickup","frames":680,"energy":91.7,"expanded":322,"commandEnd":1191}
{"label":"5-2 deposit","frames":270,"energy":86.7,"expanded":103,"commandEnd":1221}
{"label":"5-2 gate","frames":290,"energy":83.4,"expanded":262,"commandEnd":1253}
{"label":"goal","frames":40,"energy":83.1,"expanded":4,"commandEnd":1257}
PASS N5 347.6s
