REPLAY 1 entrance
REPLAY 1-1 rune 1
REPLAY 1-1 rune 2
REPLAY 1-1 gate
REPLAY 1 moving bridge
REPLAY 1 crumble bridge
REPLAY 1 bank
REPLAY 1 traversal end
REPLAY 1-2 rune 2
REPLAY 1-2 rune 1
REPLAY 1-2 rune 3
REPLAY 1-2 gate
REPLAY 1 end
REPLAY 2 entrance
REPLAY 2-1 pickup
REPLAY 2-1 deposit
REPLAY 2-1 gate
REPLAY 2 ride lift
REPLAY 2 upper balcony
REPLAY 2 descending crumble
REPLAY 2 bank
REPLAY 2 traversal end
REPLAY maintenance lift
REPLAY gallery key 2
REPLAY maintenance gate 2
REPLAY 2-2 rune 1
REPLAY 2-2 rune 2
REPLAY 2-2 rune 3
REPLAY 2-2 gate
REPLAY 2 end
REPLAY 3 entrance
REPLAY 3-1 rune 1
REPLAY 3-1 rune 2
REPLAY 3-1 rune 3
REPLAY 3-1 gate
REPLAY 3 moving bridge
REPLAY 3 crumble bridge
REPLAY 3 bank
REPLAY 3 traversal end
REPLAY 3-2 pickup
REPLAY 3-2 deposit
REPLAY 3-2 gate
REPLAY 3 end
REPLAY 4 entrance
REPLAY 4-1 rune 3
REPLAY 4-1 rune 1
REPLAY 4-1 rune 4
REPLAY 4-1 rune 2
REPLAY 4-1 gate
REPLAY 4 ride lift
REPLAY 4 upper balcony
REPLAY 4 descending crumble
REPLAY 4 bank
REPLAY 4 traversal end
Changed state, replanning pendulum gallery ascent
{"label":"pendulum gallery ascent","frames":200,"energy":95.1,"expanded":66,"commandEnd":811}
{"label":"gallery key 4","frames":40,"energy":94.1,"expanded":4,"commandEnd":815}
{"label":"pendulum fragile crossing","frames":120,"energy":92.4,"expanded":52,"commandEnd":827}
{"label":"maintenance gate 4","frames":330,"energy":89.4,"expanded":44,"commandEnd":860}
PASS service death recovery door-4
{"label":"4 entrance","frames":10,"energy":99.9,"expanded":1,"commandEnd":862}
{"label":"4-1 gate","frames":410,"energy":95.5,"expanded":480,"commandEnd":903}
{"label":"4 ride lift","frames":140,"energy":92.5,"expanded":187,"commandEnd":917}
{"label":"4 upper balcony","frames":40,"energy":91.5,"expanded":4,"commandEnd":921}
{"label":"4 descending crumble","frames":70,"energy":90.9,"expanded":47,"commandEnd":928}
{"label":"4 bank","frames":90,"energy":90,"expanded":46,"commandEnd":937}
{"label":"4 traversal end","frames":20,"energy":89.8,"expanded":2,"commandEnd":939}
C:\Users\mtare\Desktop\cerebro-voz-starter\_tmp\newphantomas-deploy\tools\plan-campaign-route.js:122
 }catch(e){if(e.message==='RETRY_PART'){roomIndex--;continue;}throw e;}
                                                              ^

Error: FAIL pendulum fragile crossing 1 null
    at go (C:\Users\mtare\Desktop\cerebro-voz-starter\_tmp\newphantomas-deploy\tools\plan-campaign-route.js:43:171)
    at Object.<anonymous> (C:\Users\mtare\Desktop\cerebro-voz-starter\_tmp\newphantomas-deploy\tools\plan-campaign-route.js:115:30)
    at Module._compile (node:internal/modules/cjs/loader:1706:14)
    at Object..js (node:internal/modules/cjs/loader:1839:10)
    at Module.load (node:internal/modules/cjs/loader:1441:32)
    at Function._load (node:internal/modules/cjs/loader:1263:12)
    at TracingChannel.traceSync (node:diagnostics_channel:322:14)
    at wrapModuleLoad (node:internal/modules/cjs/loader:237:24)
    at Function.executeUserEntryPoint [as runMain] (node:internal/modules/run_main:171:5)
    at node:internal/main/run_main_module:36:49

Node.js v22.19.0
