REPLAY 1 entrance
REPLAY 1-1 rune 1
REPLAY 1-1 rune 2
REPLAY 1-1 gate
REPLAY 1 moving bridge
REPLAY 1 crumble bridge
REPLAY 1 bank
REPLAY 1 traversal end
REPLAY 1-2 rune 2
REPLAY 1-2 rune 1
REPLAY 1-2 rune 3
REPLAY 1-2 gate
REPLAY 1 end
REPLAY 2 entrance
REPLAY 2-1 pickup
REPLAY 2-1 deposit
REPLAY 2-1 gate
REPLAY 2 ride lift
REPLAY 2 upper balcony
REPLAY 2 descending crumble
REPLAY 2 bank
REPLAY 2 traversal end
REPLAY maintenance lift
REPLAY gallery key 2
REPLAY maintenance gate 2
REPLAY 2-2 rune 1
REPLAY 2-2 rune 2
REPLAY 2-2 rune 3
REPLAY 2-2 gate
REPLAY 2 end
REPLAY 3 entrance
Changed state, replanning 3-1 rune 1
{"label":"3-1 rune 1","frames":180,"energy":97.6,"expanded":342,"commandEnd":436}
{"label":"3-1 rune 2","frames":240,"energy":95.3,"expanded":24,"commandEnd":463}
{"label":"3-1 rune 3","frames":80,"energy":93.3,"expanded":9,"commandEnd":474}
{"label":"3-1 gate","frames":160,"energy":91.8,"expanded":16,"commandEnd":493}
{"label":"3 moving bridge","frames":120,"energy":89.5,"expanded":362,"commandEnd":505}
{"label":"3 crumble bridge","frames":50,"energy":88.4,"expanded":5,"commandEnd":510}
{"label":"3 bank","frames":70,"energy":87.2,"expanded":10,"commandEnd":517}
{"label":"3 traversal end","frames":20,"energy":99.9,"expanded":2,"commandEnd":519}
{"label":"3-2 pickup","frames":500,"energy":94.2,"expanded":308,"commandEnd":569}
{"label":"3-2 deposit","frames":270,"energy":89.2,"expanded":104,"commandEnd":599}
{"label":"3-2 gate","frames":280,"energy":85.9,"expanded":136,"commandEnd":630}
{"label":"3 end","frames":50,"energy":100,"expanded":5,"commandEnd":635}
{"label":"4 entrance","frames":100,"energy":99,"expanded":10,"commandEnd":645}
{"label":"4-1 rune 4","frames":260,"energy":93.1,"expanded":735,"commandEnd":671}
{"label":"4-1 rune 2","frames":70,"energy":91.7,"expanded":36,"commandEnd":681}
{"label":"4-1 rune 1","frames":120,"energy":89.9,"expanded":1035,"commandEnd":696}
{"label":"4-1 rune 3","frames":210,"energy":87.3,"expanded":444,"commandEnd":720}
{"label":"4-1 gate","frames":80,"energy":86.5,"expanded":8,"commandEnd":731}
C:\Users\mtare\Desktop\cerebro-voz-starter\_tmp\newphantomas-deploy\tools\plan-campaign-route.js:123
 }catch(e){if(e.message==='RETRY_PART'){roomIndex--;continue;}throw e;}
                                                              ^

Error: FAIL 4 ride lift 20000 {"x":7075.172695651492,"y":71.4388563170487,"energy":81.71333333332669,"frame":7190}
    at go (C:\Users\mtare\Desktop\cerebro-voz-starter\_tmp\newphantomas-deploy\tools\plan-campaign-route.js:43:171)
    at Object.<anonymous> (C:\Users\mtare\Desktop\cerebro-voz-starter\_tmp\newphantomas-deploy\tools\plan-campaign-route.js:105:31)
    at Module._compile (node:internal/modules/cjs/loader:1706:14)
    at Object..js (node:internal/modules/cjs/loader:1839:10)
    at Module.load (node:internal/modules/cjs/loader:1441:32)
    at Function._load (node:internal/modules/cjs/loader:1263:12)
    at TracingChannel.traceSync (node:diagnostics_channel:322:14)
    at wrapModuleLoad (node:internal/modules/cjs/loader:237:24)
    at Function.executeUserEntryPoint [as runMain] (node:internal/modules/run_main:171:5)
    at node:internal/main/run_main_module:36:49

Node.js v22.19.0
