REPLAY 1 entrance
REPLAY 1-1 approach seal 1
REPLAY 1-1 bait 1
REPLAY 1-1 gate
REPLAY 1 canal 1
REPLAY 1 canal 2
REPLAY 1 bank
REPLAY 1 traversal end
REPLAY 1-2 rune 2
REPLAY 1-2 rune 1
REPLAY 1-2 rune 3
REPLAY 1-2 gate
REPLAY 1 end
REPLAY 2 entrance
REPLAY 2-1 pickup
REPLAY 2-1 deposit
REPLAY 2-1 gate
REPLAY 2 traversal end
REPLAY 2-2 approach seal 1
REPLAY 2-2 bait 1
REPLAY 2-2 approach seal 2
REPLAY 2-2 bait 2
REPLAY 2-2 gate
REPLAY 2 end
REPLAY 3 entrance
REPLAY 3-1 approach seal 1
REPLAY 3-1 bait 1
REPLAY 3-1 approach seal 2
REPLAY 3-1 bait 2
Changed state, replanning 3-1 gate
{"label":"3-1 gate","frames":80,"energy":70.5,"expanded":8,"commandEnd":489}
{"label":"3 canal 1","frames":80,"energy":68.6,"expanded":14,"commandEnd":497}
{"label":"3 canal 2","frames":70,"energy":67.3,"expanded":7,"commandEnd":504}
{"label":"3 bank","frames":70,"energy":66.1,"expanded":11,"commandEnd":511}
{"label":"3 traversal end","frames":50,"energy":99.8,"expanded":5,"commandEnd":516}
{"label":"3-2 pickup","frames":500,"energy":94,"expanded":212,"commandEnd":566}
{"label":"3-2 deposit","frames":260,"energy":89.1,"expanded":102,"commandEnd":595}
{"label":"3-2 gate","frames":290,"energy":85.8,"expanded":179,"commandEnd":627}
{"label":"3 end","frames":50,"energy":99.9,"expanded":5,"commandEnd":632}
{"label":"4 entrance","frames":90,"energy":99.1,"expanded":9,"commandEnd":641}
{"label":"4-1 rune 4","frames":260,"energy":93.1,"expanded":742,"commandEnd":667}
{"label":"4-1 rune 2","frames":70,"energy":91.8,"expanded":22,"commandEnd":677}
{"label":"4-1 rune 1","frames":120,"energy":90,"expanded":1102,"commandEnd":692}
{"label":"4-1 rune 3","frames":210,"energy":87.3,"expanded":462,"commandEnd":716}
{"label":"4-1 gate","frames":80,"energy":86.5,"expanded":8,"commandEnd":727}
{"label":"4 traversal end","frames":280,"energy":99.7,"expanded":809,"commandEnd":755}
{"label":"gallery key 4","frames":180,"energy":77.1,"expanded":128,"commandEnd":773}
{"label":"maintenance gate 4","frames":230,"energy":75,"expanded":33,"commandEnd":796}
{"label":"4-2 approach seal 1","frames":120,"energy":73.9,"expanded":12,"commandEnd":808}
{"label":"4-2 bait 1","frames":10,"energy":53.8,"expanded":1,"commandEnd":809}
{"label":"4-2 approach seal 2","frames":170,"energy":51.6,"expanded":1143,"commandEnd":826}
{"label":"4-2 bait 2","frames":210,"energy":49.7,"expanded":244,"commandEnd":847}
{"label":"4-2 gate","frames":70,"energy":49,"expanded":7,"commandEnd":854}
{"label":"4 end","frames":50,"energy":83.6,"expanded":5,"commandEnd":859}
{"label":"5 entrance","frames":90,"energy":82.8,"expanded":9,"commandEnd":868}
{"label":"5 recharge","frames":60,"energy":86.5,"expanded":6,"commandEnd":874}
{"label":"5-1 approach seal 1","frames":180,"energy":98.4,"expanded":52,"commandEnd":893}
{"label":"5-1 bait 1","frames":270,"energy":95.9,"expanded":218,"commandEnd":920}
{"label":"5-1 approach seal 2","frames":80,"energy":94.6,"expanded":11,"commandEnd":928}
{"label":"5-1 bait 2","frames":70,"energy":73.9,"expanded":14,"commandEnd":935}
{"label":"5-1 gate","frames":130,"energy":72.7,"expanded":13,"commandEnd":948}
{"label":"5 canal 1","frames":80,"energy":70.8,"expanded":14,"commandEnd":956}
{"label":"5 canal 2","frames":70,"energy":69.6,"expanded":7,"commandEnd":963}
{"label":"5 bank","frames":70,"energy":68.3,"expanded":11,"commandEnd":970}
{"label":"5 traversal end","frames":60,"energy":99.7,"expanded":6,"commandEnd":976}
{"label":"5-2 pickup","frames":710,"energy":83.6,"expanded":2322,"commandEnd":1047}
{"label":"5-2 deposit","frames":310,"energy":79.5,"expanded":292,"commandEnd":1081}
{"label":"5-2 gate","frames":280,"energy":76.8,"expanded":28,"commandEnd":1112}
{"label":"goal","frames":40,"energy":76.5,"expanded":4,"commandEnd":1116}
PASS N5 182.31666666666666s
